Component: ARM Compiler 5.06 update 2 (build 183) Tool: armlink [4d35b7]

==============================================================================

Section Cross References

    startup_stm32f407xx.o(STACK) refers (Special) to heapauxi.o(.text) for __use_two_region_memory
    startup_stm32f407xx.o(HEAP) refers (Special) to heapauxi.o(.text) for __use_two_region_memory
    startup_stm32f407xx.o(RESET) refers (Special) to heapauxi.o(.text) for __use_two_region_memory
    startup_stm32f407xx.o(RESET) refers to startup_stm32f407xx.o(STACK) for __initial_sp
    startup_stm32f407xx.o(RESET) refers to startup_stm32f407xx.o(.text) for Reset_Handler
    startup_stm32f407xx.o(RESET) refers to stm32f4xx_it.o(i.NMI_Handler) for NMI_Handler
    startup_stm32f407xx.o(RESET) refers to stm32f4xx_it.o(i.HardFault_Handler) for HardFault_Handler
    startup_stm32f407xx.o(RESET) refers to stm32f4xx_it.o(i.MemManage_Handler) for MemManage_Handler
    startup_stm32f407xx.o(RESET) refers to stm32f4xx_it.o(i.BusFault_Handler) for BusFault_Handler
    startup_stm32f407xx.o(RESET) refers to stm32f4xx_it.o(i.UsageFault_Handler) for UsageFault_Handler
    startup_stm32f407xx.o(RESET) refers to port.o(.emb_text) for SVC_Handler
    startup_stm32f407xx.o(RESET) refers to stm32f4xx_it.o(i.DebugMon_Handler) for DebugMon_Handler
    startup_stm32f407xx.o(RESET) refers to port.o(i.SysTick_Handler) for SysTick_Handler
    startup_stm32f407xx.o(RESET) refers to stm32f4xx_it.o(i.EXTI4_IRQHandler) for EXTI4_IRQHandler
    startup_stm32f407xx.o(RESET) refers to stm32f4xx_it.o(i.DMA1_Stream1_IRQHandler) for DMA1_Stream1_IRQHandler
    startup_stm32f407xx.o(RESET) refers to stm32f4xx_it.o(i.CAN1_RX0_IRQHandler) for CAN1_RX0_IRQHandler
    startup_stm32f407xx.o(RESET) refers to stm32f4xx_it.o(i.EXTI9_5_IRQHandler) for EXTI9_5_IRQHandler
    startup_stm32f407xx.o(RESET) refers to stm32f4xx_it.o(i.TIM2_IRQHandler) for TIM2_IRQHandler
    startup_stm32f407xx.o(RESET) refers to stm32f4xx_it.o(i.USART1_IRQHandler) for USART1_IRQHandler
    startup_stm32f407xx.o(RESET) refers to stm32f4xx_it.o(i.USART3_IRQHandler) for USART3_IRQHandler
    startup_stm32f407xx.o(RESET) refers to stm32f4xx_it.o(i.DMA2_Stream0_IRQHandler) for DMA2_Stream0_IRQHandler
    startup_stm32f407xx.o(RESET) refers to stm32f4xx_it.o(i.DMA2_Stream2_IRQHandler) for DMA2_Stream2_IRQHandler
    startup_stm32f407xx.o(RESET) refers to stm32f4xx_it.o(i.DMA2_Stream3_IRQHandler) for DMA2_Stream3_IRQHandler
    startup_stm32f407xx.o(RESET) refers to stm32f4xx_it.o(i.DMA2_Stream7_IRQHandler) for DMA2_Stream7_IRQHandler
    startup_stm32f407xx.o(.text) refers (Special) to heapauxi.o(.text) for __use_two_region_memory
    startup_stm32f407xx.o(.text) refers to system_stm32f4xx.o(i.SystemInit) for SystemInit
    startup_stm32f407xx.o(.text) refers to __main.o(!!!main) for __main
    startup_stm32f407xx.o(.text) refers to startup_stm32f407xx.o(HEAP) for Heap_Mem
    startup_stm32f407xx.o(.text) refers to startup_stm32f407xx.o(STACK) for Stack_Mem
    main.o(i.HAL_TIM_PeriodElapsedCallback) refers to stm32f4xx_hal.o(i.HAL_IncTick) for HAL_IncTick
    main.o(i.SystemClock_Config) refers to rt_memclr_w.o(.text) for __aeabi_memclr4
    main.o(i.SystemClock_Config) refers to stm32f4xx_hal_rcc.o(i.HAL_RCC_OscConfig) for HAL_RCC_OscConfig
    main.o(i.SystemClock_Config) refers to main.o(i.Error_Handler) for Error_Handler
    main.o(i.SystemClock_Config) refers to stm32f4xx_hal_rcc.o(i.HAL_RCC_ClockConfig) for HAL_RCC_ClockConfig
    main.o(i.main) refers to stm32f4xx_hal.o(i.HAL_Init) for HAL_Init
    main.o(i.main) refers to main.o(i.SystemClock_Config) for SystemClock_Config
    main.o(i.main) refers to gpio.o(i.MX_GPIO_Init) for MX_GPIO_Init
    main.o(i.main) refers to dma.o(i.MX_DMA_Init) for MX_DMA_Init
    main.o(i.main) refers to spi.o(i.MX_SPI1_Init) for MX_SPI1_Init
    main.o(i.main) refers to tim.o(i.MX_TIM10_Init) for MX_TIM10_Init
    main.o(i.main) refers to can.o(i.MX_CAN1_Init) for MX_CAN1_Init
    main.o(i.main) refers to usart.o(i.MX_USART3_UART_Init) for MX_USART3_UART_Init
    main.o(i.main) refers to usart.o(i.MX_USART1_UART_Init) for MX_USART1_UART_Init
    main.o(i.main) refers to usart.o(i.MX_USART6_UART_Init) for MX_USART6_UART_Init
    main.o(i.main) refers to bmi088driver.o(i.BMI088_init) for BMI088_init
    main.o(i.main) refers to drv_can.o(i.CAN1_Init) for CAN1_Init
    main.o(i.main) refers to drv_uart.o(i.USART1_Init) for USART1_Init
    main.o(i.main) refers to drv_uart.o(i.USART3_Init) for USART3_Init
    main.o(i.main) refers to dev_all.o(i.My_Device_Init) for My_Device_Init
    main.o(i.main) refers to freertos.o(i.MX_FREERTOS_Init) for MX_FREERTOS_Init
    main.o(i.main) refers to cmsis_os.o(i.osKernelStart) for osKernelStart
    gpio.o(i.MX_GPIO_Init) refers to rt_memclr_w.o(.text) for __aeabi_memclr4
    gpio.o(i.MX_GPIO_Init) refers to stm32f4xx_hal_gpio.o(i.HAL_GPIO_WritePin) for HAL_GPIO_WritePin
[...]
    HAL_UART_TxCpltCallback                  0x080036b1   Thumb Code     2  stm32f4xx_hal_uart.o(i.HAL_UART_TxCpltCallback)
    HAL_UART_TxHalfCpltCallback              0x080036b3   Thumb Code     2  stm32f4xx_hal_uart.o(i.HAL_UART_TxHalfCpltCallback)
    HardFault_Handler                        0x080036b5   Thumb Code     2  stm32f4xx_it.o(i.HardFault_Handler)
    Imu_PWM_Set                              0x080036b9   Thumb Code    56  imu_pwm.o(i.Imu_PWM_Set)
    Joint_Double_PID_Cal                     0x08003701   Thumb Code    38  my_joint.o(i.Joint_Double_PID_Cal)
    Ktech_Motor_Hearbeat                     0x08003727   Thumb Code    38  ktech_motor.o(i.Ktech_Motor_Hearbeat)
    MX_CAN1_Init                             0x0800374d   Thumb Code    62  can.o(i.MX_CAN1_Init)
    MX_DMA_Init                              0x08003795   Thumb Code   120  dma.o(i.MX_DMA_Init)
    MX_FREERTOS_Init                         0x08003811   Thumb Code    96  freertos.o(i.MX_FREERTOS_Init)
    MX_GPIO_Init                             0x08003879   Thumb Code   244  gpio.o(i.MX_GPIO_Init)
    MX_SPI1_Init                             0x0800397d   Thumb Code    64  spi.o(i.MX_SPI1_Init)
    MX_TIM10_Init                            0x080039c5   Thumb Code    92  tim.o(i.MX_TIM10_Init)
    MX_USART1_UART_Init                      0x08003a29   Thumb Code    48  usart.o(i.MX_USART1_UART_Init)
    MX_USART3_UART_Init                      0x08003a61   Thumb Code    54  usart.o(i.MX_USART3_UART_Init)
    MX_USART6_UART_Init                      0x08003aa5   Thumb Code    48  usart.o(i.MX_USART6_UART_Init)
    MemManage_Handler                        0x08003add   Thumb Code     2  stm32f4xx_it.o(i.MemManage_Handler)
    Motor_Get_Info                           0x08003adf   Thumb Code   302  ktech_motor.o(i.Motor_Get_Info)
    Motor_Pull_Request                       0x08003c0d   Thumb Code    72  ktech_motor.o(i.Motor_Pull_Request)
    Motor_RM6020_Torque_to_Raw_Voltage       0x08003c55   Thumb Code    74  my_robot.o(i.Motor_RM6020_Torque_to_Raw_Voltage)
    Motor_Set_Torque                         0x08003cb1   Thumb Code    80  ktech_motor.o(i.Motor_Set_Torque)
    My_Device_Init                           0x08003d01   Thumb Code    20  dev_all.o(i.My_Device_Init)
    My_Joint_Control                         0x08003d19   Thumb Code    30  my_joint.o(i.My_Joint_Control)
    My_Joint_Data_Update                     0x08003d3d   Thumb Code    14  my_joint.o(i.My_Joint_Data_Update)
    My_Joint_Phi4_Get                        0x08003d4d   Thumb Code   154  my_joint.o(i.My_Joint_Phi4_Get)
    My_Joint_Roll_Torque_Cal                 0x08003e09   Thumb Code   142  my_joint.o(i.My_Joint_Roll_Torque_Cal)
    My_Joint_Sleep                           0x08003eb1   Thumb Code     4  my_joint.o(i.My_Joint_Sleep)
    My_Joint_Target_Process                  0x08003eb5   Thumb Code   188  my_joint.o(i.My_Joint_Target_Process)
    My_Joint_Torque_Cal                      0x08003f91   Thumb Code   148  my_joint.o(i.My_Joint_Torque_Cal)
    My_Model_Output_Cal                      0x08004029   Thumb Code   434  my_robot.o(i.My_Model_Output_Cal)
    My_Posture_Update                        0x080041fd   Thumb Code   150  my_posture.o(i.My_Posture_Update)
    My_Robot_Control                         0x080042b1   Thumb Code    32  my_robot.o(i.My_Robot_Control)
    My_Robot_Distance_Target_Process         0x080042d5   Thumb Code    58  my_robot.o(i.My_Robot_Distance_Target_Process)
    My_Robot_Imu_Kp_Adapt                    0x08004321   Thumb Code    48  my_robot.o(i.My_Robot_Imu_Kp_Adapt)
    My_Robot_Output_Cal                      0x0800435d   Thumb Code     4  my_robot.o(i.My_Robot_Output_Cal)
    My_Robot_RC_Value_Filt                   0x08004361   Thumb Code   104  my_robot.o(i.My_Robot_RC_Value_Filt)
    My_Robot_Spin_Target_Process             0x080043d1   Thumb Code    90  my_robot.o(i.My_Robot_Spin_Target_Process)
    My_Robot_Update                          0x0800443d   Thumb Code    30  my_robot.o(i.My_Robot_Update)
    My_Robot_Yaw_Target_Process              0x0800445d   Thumb Code    68  my_robot.o(i.My_Robot_Yaw_Target_Process)
    My_Sd_HeartBeat                          0x080044a9   Thumb Code    20  sd_motor.o(i.My_Sd_HeartBeat)
    My_Sd_Init                               0x080044c1   Thumb Code    20  sd_motor.o(i.My_Sd_Init)
    My_Sd_Sleep                              0x080044d9   Thumb Code    20  sd_motor.o(i.My_Sd_Sleep)
    My_State_Var_Update                      0x080044f1   Thumb Code   112  my_state_var.o(i.My_State_Var_Update)
    My_Vision_Data_Send                      0x08004575   Thumb Code    14  my_robot.o(i.My_Vision_Data_Send)
    My_Wheel_Angle_Sum_to_Rad                0x0800458d   Thumb Code    66  my_state_var.o(i.My_Wheel_Angle_Sum_to_Rad)
    My_Wheel_Heartbeat                       0x080045e1   Thumb Code    26  wheel_motor.o(i.My_Wheel_Heartbeat)
    My_Wheel_Init                            0x08004601   Thumb Code    26  wheel_motor.o(i.My_Wheel_Init)
    My_Wheel_Send_Torque                     0x08004621   Thumb Code   116  my_robot.o(i.My_Wheel_Send_Torque)
    My_Yaw_Zero_Point_Process                0x080046a9   Thumb Code    68  my_robot.o(i.My_Yaw_Zero_Point_Process)
    NMI_Handler                              0x080046f5   Thumb Code     2  stm32f4xx_it.o(i.NMI_Handler)
    PID_calc                                 0x080046f9   Thumb Code   346  dji_pid.o(i.PID_calc)
    RC_Init                                  0x08004859   Thumb Code    26  remote.o(i.RC_Init)
    Single_Motor_Init                        0x08004a71   Thumb Code    36  ktech_motor.o(i.Single_Motor_Init)
    Single_Motor_Sleep                       0x08004b05   Thumb Code    38  ktech_motor.o(i.Single_Motor_Sleep)
    StartDefaultTask                         0x08004b2b   Thumb Code     8  freertos.o(i.StartDefaultTask)
    SysTick_Handler                          0x08004b35   Thumb Code    38  port.o(i.SysTick_Handler)
    SystemClock_Config                       0x08004b61   Thumb Code   140  main.o(i.SystemClock_Config)
    SystemInit                               0x08004bf5   Thumb Code    12  system_stm32f4xx.o(i.SystemInit)
    TIM2_IRQHandler                          0x08004c05   Thumb Code     6  stm32f4xx_it.o(i.TIM2_IRQHandler)
    TIM_Base_SetConfig                       0x08004c11   Thumb Code   174  stm32f4xx_hal_tim.o(i.TIM_Base_SetConfig)
    TIM_OC2_SetConfig                        0x08004d55   Thumb Code   106  stm32f4xx_hal_tim.o(i.TIM_OC2_SetConfig)
    Task_H1                                  0x08004e8d   Thumb Code    26  my_task.o(i.Task_H1)
    Task_H2                                  0x08004ead   Thumb Code    40  my_task.o(i.Task_H2)
    Task_M                                   0x08004edd   Thumb Code    34  my_task.o(i.Task_M)
    USART1_IRQHandler                        0x0800539d   Thumb Code    18  stm32f4xx_it.o(i.USART1_IRQHandler)
    USART1_Init                              0x080053b5   Thumb Code    46  drv_uart.o(i.USART1_Init)
    USART1_rxDataHandler                     0x080053ed   Thumb Code     4  config_uart.o(i.USART1_rxDataHandler)
    USART3_IRQHandler                        0x080053f1   Thumb Code    18  stm32f4xx_it.o(i.USART3_IRQHandler)
    USART3_Init                              0x08005409   Thumb Code    52  drv_uart.o(i.USART3_Init)
    USART3_rxDataHandler                     0x08005445   Thumb Code   162  config_uart.o(i.USART3_rxDataHandler)
    UsageFault_Handler                       0x080054f1   Thumb Code     2  stm32f4xx_it.o(i.UsageFault_Handler)
    Verify_CRC16_Check_Sum                   0x080054f5   Thumb Code    60  crc16.o(i.Verify_CRC16_Check_Sum)
    Verify_CRC8_Check_Sum                    0x08005535   Thumb Code    48  crc8.o(i.Verify_CRC8_Check_Sum)
    Vision_Recieve_Data                      0x08005565   Thumb Code    56  vision_protocol.o(i.Vision_Recieve_Data)
    Vision_Send_Data                         0x080055a1   Thumb Code    52  vision_protocol.o(i.Vision_Send_Data)
    __ARM_fpclassify                         0x080055e1   Thumb Code    48  fpclassify.o(i.__ARM_fpclassify)
    __hardfp_asin                            0x08005631   Thumb Code   770  asin.o(i.__hardfp_asin)
    __hardfp_atan                            0x08005991   Thumb Code   622  atan.o(i.__hardfp_atan)
    __hardfp_atan2                           0x08005c69   Thumb Code   432  atan2.o(i.__hardfp_atan2)
    __kernel_poly                            0x08005e59   Thumb Code   248  poly.o(i.__kernel_poly)
    __mathlib_dbl_infnan                     0x08005f51   Thumb Code    20  dunder.o(i.__mathlib_dbl_infnan)
    __mathlib_dbl_infnan2                    0x08005f65   Thumb Code    20  dunder.o(i.__mathlib_dbl_infnan2)
    __mathlib_dbl_invalid                    0x08005f79   Thumb Code    24  dunder.o(i.__mathlib_dbl_invalid)
    __mathlib_dbl_underflow                  0x08005f99   Thumb Code    24  dunder.o(i.__mathlib_dbl_underflow)
    arm_atan2_f32                            0x08005fb9   Thumb Code   524  fastmathfunctions.o(i.arm_atan2_f32)
    atan                                     0x080061e1   Thumb Code    16  atan.o(i.atan)
    bmi088_accel_init                        0x080061f1   Thumb Code   264  bmi088driver.o(i.bmi088_accel_init)
    bmi088_gyro_init                         0x080062fd   Thumb Code   214  bmi088driver.o(i.bmi088_gyro_init)
    can_rx_buff                              0x080063d9   Thumb Code    50  motor.o(i.can_rx_buff)
    can_tx_buff                              0x0800640b   Thumb Code     2  motor.o(i.can_tx_buff)
    fabs                                     0x08006455   Thumb Code    24  fabs.o(i.fabs)
    get_kt_9025_info                         0x0800646d   Thumb Code     2  motor.o(i.get_kt_9025_info)
    get_rm_can_drvie                         0x08006471   Thumb Code   114  motor.o(i.get_rm_can_drvie)
    get_rm_info                              0x080064ed   Thumb Code   126  motor.o(i.get_rm_info)
    imu_update                               0x0800656d   Thumb Code   262  imu.o(i.imu_update)
    inVSqrt                                  0x08006681   Thumb Code    40  bmi.o(i.inVSqrt)
    lowpass                                  0x080066ad   Thumb Code    10  math_support.o(i.lowpass)
    main                                     0x080066b7   Thumb Code    74  main.o(i.main)
    micros                                   0x0800670d   Thumb Code    40  drv_haltick.o(i.micros)
    motor_class_heartbeat                    0x08006739   Thumb Code    44  motor.o(i.motor_class_heartbeat)
    motor_class_init                         0x08006765   Thumb Code   116  motor.o(i.motor_class_init)
    motor_class_pid_init                     0x08006801   Thumb Code   112  motor.o(i.motor_class_pid_init)
    motor_class_stucking_flag                0x08006875   Thumb Code   164  motor.o(i.motor_class_stucking_flag)
    motor_cycle                              0x08006919   Thumb Code    32  motor.o(i.motor_cycle)
    motor_half_cycle                         0x08006939   Thumb Code    60  motor.o(i.motor_half_cycle)
    motor_judge_dir                          0x08006975   Thumb Code    58  motor.o(i.motor_judge_dir)
    motor_offset                             0x080069af   Thumb Code    76  motor.o(i.motor_offset)
    motor_pid_angle                          0x080069fd   Thumb Code    80  motor.o(i.motor_pid_angle)
    motor_pid_cal                            0x08006a51   Thumb Code   284  motor.o(i.motor_pid_cal)
    motor_pid_ctrl                           0x08006b71   Thumb Code   256  motor.o(i.motor_pid_ctrl)
    motor_pid_double                         0x08006c81   Thumb Code     8  motor.o(i.motor_pid_double)
    motor_pid_err                            0x08006c89   Thumb Code    32  motor.o(i.motor_pid_err)
    motor_pid_position                       0x08006cad   Thumb Code    76  motor.o(i.motor_pid_position)
    motor_pid_single                         0x08006cfd   Thumb Code    16  motor.o(i.motor_pid_single)
    motor_pid_speed                          0x08006d11   Thumb Code    68  motor.o(i.motor_pid_speed)
    my_micros                                0x08006d59   Thumb Code    30  bmi088middleware.o(i.my_micros)
    osDelay                                  0x08006d7d   Thumb Code    16  cmsis_os.o(i.osDelay)
    osKernelStart                            0x08006d8d   Thumb Code    10  cmsis_os.o(i.osKernelStart)
    osThreadCreate                           0x08006d97   Thumb Code    88  cmsis_os.o(i.osThreadCreate)
    pvPortMalloc                             0x08007169   Thumb Code   214  heap_4.o(i.pvPortMalloc)
    pxPortInitialiseStack                    0x08007245   Thumb Code    30  port.o(i.pxPortInitialiseStack)
    rc_base_info_init                        0x08007269   Thumb Code    20  remote.o(i.rc_base_info_init)
    rc_base_info_update                      0x0800727d   Thumb Code   162  remote.o(i.rc_base_info_update)
    rc_heart_beat                            0x08007325   Thumb Code    22  remote.o(i.rc_heart_beat)
    rc_info_init                             0x0800733b   Thumb Code    10  remote.o(i.rc_info_init)
    rc_interrupt_init                        0x08007345   Thumb Code     8  remote.o(i.rc_interrupt_init)
    remote_soft_reset_check                  0x08007351   Thumb Code     2  remote.o(i.remote_soft_reset_check)
    single_pid_ctrl                          0x08007355   Thumb Code   222  pid.o(i.single_pid_ctrl)
    sqrt                                     0x08007439   Thumb Code   110  sqrt.o(i.sqrt)
    uxListRemove                             0x0800752d   Thumb Code    38  list.o(i.uxListRemove)
    vApplicationGetIdleTaskMemory            0x08007555   Thumb Code    16  freertos.o(i.vApplicationGetIdleTaskMemory)
    vListInitialise                          0x08007569   Thumb Code    22  list.o(i.vListInitialise)
    vListInitialiseItem                      0x0800757f   Thumb Code     6  list.o(i.vListInitialiseItem)
    vListInsert                              0x08007585   Thumb Code    48  list.o(i.vListInsert)
    vListInsertEnd                           0x080075b5   Thumb Code    24  list.o(i.vListInsertEnd)
    vPortEnterCritical                       0x080075cd   Thumb Code    54  port.o(i.vPortEnterCritical)
    vPortExitCritical                        0x0800760d   Thumb Code    38  port.o(i.vPortExitCritical)
    vPortFree                                0x08007639   Thumb Code    94  heap_4.o(i.vPortFree)
    vPortSetupTimerInterrupt                 0x0800769d   Thumb Code    32  port.o(i.vPortSetupTimerInterrupt)
    vTaskDelay                               0x080076c1   Thumb Code    70  tasks.o(i.vTaskDelay)
    vTaskStartScheduler                      0x08007711   Thumb Code   118  tasks.o(i.vTaskStartScheduler)
    vTaskSuspendAll                          0x08007799   Thumb Code    10  tasks.o(i.vTaskSuspendAll)
    vTaskSwitchContext                       0x080077a9   Thumb Code    86  tasks.o(i.vTaskSwitchContext)
    xPortStartScheduler                      0x08007809   Thumb Code   222  port.o(i.xPortStartScheduler)
    xTaskCreate                              0x080078fd   Thumb Code   100  tasks.o(i.xTaskCreate)
    xTaskCreateStatic                        0x08007961   Thumb Code    92  tasks.o(i.xTaskCreateStatic)
    xTaskIncrementTick                       0x080079bd   Thumb Code   198  tasks.o(i.xTaskIncrementTick)
    xTaskResumeAll                           0x08007a8d   Thumb Code   192  tasks.o(i.xTaskResumeAll)
    __aeabi_dneg                             0x08007b59   Thumb Code     0  basic.o(x$fpl$basic)
    _dneg                                    0x08007b59   Thumb Code     6  basic.o(x$fpl$basic)
    __aeabi_fneg                             0x08007b5f   Thumb Code     0  basic.o(x$fpl$basic)
    _fneg                                    0x08007b5f   Thumb Code     6  basic.o(x$fpl$basic)
    _dabs                                    0x08007b65   Thumb Code     6  basic.o(x$fpl$basic)
    _fabs                                    0x08007b6b   Thumb Code     6  basic.o(x$fpl$basic)
    __aeabi_d2f                              0x08007b71   Thumb Code     0  d2f.o(x$fpl$d2f)
    _d2f                                     0x08007b71   Thumb Code    98  d2f.o(x$fpl$d2f)
    __aeabi_dadd                             0x08007bd5   Thumb Code     0  daddsub_clz.o(x$fpl$dadd)
    _dadd                                    0x08007bd5   Thumb Code   332  daddsub_clz.o(x$fpl$dadd)
    __aeabi_ddiv                             0x08007d25   Thumb Code     0  ddiv.o(x$fpl$ddiv)
    _ddiv                                    0x08007d25   Thumb Code   552  ddiv.o(x$fpl$ddiv)
    __aeabi_dmul                             0x08007fd5   Thumb Code     0  dmul.o(x$fpl$dmul)
    _dmul                                    0x08007fd5   Thumb Code   332  dmul.o(x$fpl$dmul)
    __fpl_dnaninf                            0x08008129   Thumb Code   156  dnaninf.o(x$fpl$dnaninf)
    __fpl_dretinf                            0x080081c5   Thumb Code    12  dretinf.o(x$fpl$dretinf)
    __aeabi_drsub                            0x080081d1   Thumb Code     0  daddsub_clz.o(x$fpl$drsb)
    _drsb                                    0x080081d1   Thumb Code    22  daddsub_clz.o(x$fpl$drsb)
    _dsqrt                                   0x080081e9   Thumb Code   404  dsqrt_umaal.o(x$fpl$dsqrt)
    __aeabi_dsub                             0x08008381   Thumb Code     0  daddsub_clz.o(x$fpl$dsub)
    _dsub                                    0x08008381   Thumb Code   464  daddsub_clz.o(x$fpl$dsub)
    __aeabi_f2d                              0x08008555   Thumb Code     0  f2d.o(x$fpl$f2d)
    _f2d                                     0x08008555   Thumb Code    86  f2d.o(x$fpl$f2d)
    __fpl_fnaninf                            0x080085ab   Thumb Code   140  fnaninf.o(x$fpl$fnaninf)
    _fp_init                                 0x08008637   Thumb Code    10  fpinit.o(x$fpl$fpinit)
    __fplib_config_fpu_vfp                   0x0800863f   Thumb Code     0  fpinit.o(x$fpl$fpinit)
    __fplib_config_pureend_doubles           0x0800863f   Thumb Code     0  fpinit.o(x$fpl$fpinit)
    __fpl_fretinf                            0x08008641   Thumb Code    10  fretinf.o(x$fpl$fretinf)
    __I$use$fp                               0x0800864a   Number         0  usenofp.o(x$fpl$usenofp)
    AHBPrescTable                            0x080086c4   Data          16  system_stm32f4xx.o(.constdata)
    APBPrescTable                            0x080086d4   Data           8  system_stm32f4xx.o(.constdata)
    CRC8_TAB                                 0x0800874c   Data         256  crc8.o(.constdata)
    wCRC_Table                               0x0800884c   Data         512  crc16.o(.constdata)
    __mathlib_zero                           0x08008b38   Data           8  qnan.o(.constdata)
    Region$$Table$$Base                      0x08008b70   Number         0  anon$$obj.o(Region$$Table)
    Region$$Table$$Limit                     0x08008b90   Number         0  anon$$obj.o(Region$$Table)
    defaultTaskHandle                        0x20000000   Data           4  freertos.o(.data)
    Priority_H1Handle                        0x20000004   Data           4  freertos.o(.data)
    Priority_H2Handle                        0x20000008   Data           4  freertos.o(.data)
    Priority_MHandle                         0x2000000c   Data           4  freertos.o(.data)
    uwTickFreq                               0x20000010   Data           1  stm32f4xx_hal.o(.data)
    uwTickPrio                               0x20000014   Data           4  stm32f4xx_hal.o(.data)
    uwTick                                   0x20000018   Data           4  stm32f4xx_hal.o(.data)
    SystemCoreClock                          0x2000001c   Data           4  system_stm32f4xx.o(.data)
    pxCurrentTCB                             0x20000020   Data           4  tasks.o(.data)
    bmi_Kp                                   0x20000088   Data           4  bmi.o(.data)
    halfT                                    0x2000008c   Data           4  bmi.o(.data)
    q0_init                                  0x20000090   Data           4  bmi.o(.data)
    q1_init                                  0x20000094   Data           4  bmi.o(.data)
    q2_init                                  0x20000098   Data           4  bmi.o(.data)
    q3_init                                  0x2000009c   Data           4  bmi.o(.data)
    q0                                       0x200000a0   Data           4  bmi.o(.data)
    q1                                       0x200000a4   Data           4  bmi.o(.data)
    q2                                       0x200000a8   Data           4  bmi.o(.data)
    q3                                       0x200000ac   Data           4  bmi.o(.data)
    norm                                     0x200000b0   Data           4  bmi.o(.data)
    vx                                       0x200000b4   Data           4  bmi.o(.data)
    vy                                       0x200000b8   Data           4  bmi.o(.data)
    vz                                       0x200000bc   Data           4  bmi.o(.data)
    ex                                       0x200000c0   Data           4  bmi.o(.data)
    ey                                       0x200000c4   Data           4  bmi.o(.data)
    ez                                       0x200000c8   Data           4  bmi.o(.data)
    gx                                       0x200000cc   Data           4  bmi.o(.data)
    gy                                       0x200000d0   Data           4  bmi.o(.data)
    gz                                       0x200000d4   Data           4  bmi.o(.data)
    ax                                       0x200000d8   Data           4  bmi.o(.data)
    ay                                       0x200000dc   Data           4  bmi.o(.data)
    az                                       0x200000e0   Data           4  bmi.o(.data)
    q0temp                                   0x200000e4   Data           4  bmi.o(.data)
    q1temp                                   0x200000e8   Data           4  bmi.o(.data)
    q2temp                                   0x200000ec   Data           4  bmi.o(.data)
    q3temp                                   0x200000f0   Data           4  bmi.o(.data)
    gx_                                      0x200000f4   Data           4  bmi.o(.data)
    gy_                                      0x200000f8   Data           4  bmi.o(.data)
    gz_                                      0x200000fc   Data           4  bmi.o(.data)
    q0_                                      0x20000100   Data           4  bmi.o(.data)
    q1_                                      0x20000104   Data           4  bmi.o(.data)
    q2_                                      0x20000108   Data           4  bmi.o(.data)
    q3_                                      0x2000010c   Data           4  bmi.o(.data)
    q0temp_                                  0x20000110   Data           4  bmi.o(.data)
    q1temp_                                  0x20000114   Data           4  bmi.o(.data)
    q2temp_                                  0x20000118   Data           4  bmi.o(.data)
    q3temp_                                  0x2000011c   Data           4  bmi.o(.data)
    sintemp                                  0x20000120   Data           4  bmi.o(.data)
    costemp                                  0x20000124   Data           4  bmi.o(.data)
    imu                                      0x20000128   Data          12  imu.o(.data)
    imu_info                                 0x20000134   Data           2  imu.o(.data)
    temp                                     0x20000138   Data           4  imu.o(.data)
    BMI088_ACCEL_SEN                         0x2000013c   Data           4  bmi088driver.o(.data)
    BMI088_GYRO_SEN                          0x20000140   Data           4  bmi088driver.o(.data)
    my_haltick                               0x20000168   Data           4  bmi088middleware.o(.data)
    haltick                                  0x2000016c   Data           4  drv_haltick.o(.data)
    can1_0x200_send_buff                     0x20000170   Data           8  config_can.o(.data)
    rc_interrupt                             0x20000178   Data           1  remote.o(.data)
    rc                                       0x2000017c   Data           8  remote.o(.data)
    rc_info                                  0x20000184   Data           4  remote.o(.data)
    L_Sd_Born_Info                           0x20000188   Data          16  sd_motor.o(.data)
    L_Sd                                     0x20000198   Data          48  sd_motor.o(.data)
    R_Sd                                     0x200001c8   Data          48  sd_motor.o(.data)
    R_Sd_Born_Info                           0x200001f8   Data          16  sd_motor.o(.data)
    Wheel_Motor                              0x20000208   Data        1440  wheel_motor.o(.data)
    My_K_Matrix                              0x200007a8   Data         288  lqr.o(.data)
    Leg_Length_Pid                           0x200008c8   Data           8  my_joint.o(.data)
    Leg_Speed_Pid                            0x200008d0   Data           8  my_joint.o(.data)
    Leg_Roll_Pid                             0x200008d8   Data           8  my_joint.o(.data)
    My_Joint                                 0x200008e0   Data          16  my_joint.o(.data)
    R_Leg_Length                             0x200008f0   Data          64  my_joint.o(.data)
    L_Leg_Length                             0x20000930   Data          64  my_joint.o(.data)
    R_Leg_Speed                              0x20000970   Data          64  my_joint.o(.data)
    L_Leg_Speed                              0x200009b0   Data          64  my_joint.o(.data)
    R_Leg_Roll                               0x200009f0   Data          64  my_joint.o(.data)
    L_Leg_Roll                               0x20000a30   Data          64  my_joint.o(.data)
    pitch_offset                             0x20000a70   Data           4  my_posture.o(.data)
    test1                                    0x20000a74   Data           2  my_robot.o(.data)
    testr                                    0x20000a76   Data           2  my_robot.o(.data)
    test_dis_add                             0x20000a78   Data           4  my_robot.o(.data)
    My_Robot                                 0x20000a7c   Data          12  my_robot.o(.data)
    My_Robot_Remote                          0x20000a88   Data           8  my_robot.o(.data)
    task_this_h                              0x20000a90   Data           4  my_task.o(.data)
    task_err_h                               0x20000a94   Data           4  my_task.o(.data)
    task_this_m                              0x20000a98   Data           4  my_task.o(.data)
    task_err_m                               0x20000a9c   Data           4  my_task.o(.data)
    CRC_INIT                                 0x20000aa0   Data           2  crc16.o(.data)
    Vision_Tx_Info                           0x20000aa2   Data           9  vision_protocol.o(.data)
    hcan1                                    0x20000d00   Data          40  can.o(.bss)
    hspi1                                    0x20000d28   Data          88  spi.o(.bss)
    hdma_spi1_rx                             0x20000d80   Data          96  spi.o(.bss)
    hdma_spi1_tx                             0x20000de0   Data          96  spi.o(.bss)
    htim10                                   0x20000e40   Data          72  tim.o(.bss)
    huart1                                   0x20000e88   Data          72  usart.o(.bss)
    huart3                                   0x20000ed0   Data          72  usart.o(.bss)
    huart6                                   0x20000f18   Data          72  usart.o(.bss)
    hdma_usart1_rx                           0x20000f60   Data          96  usart.o(.bss)
    hdma_usart1_tx                           0x20000fc0   Data          96  usart.o(.bss)
    hdma_usart3_rx                           0x20001020   Data          96  usart.o(.bss)
    htim2                                    0x20001080   Data          72  stm32f4xx_hal_timebase_tim.o(.bss)
    imu_config                               0x20004db8   Data          20  imu.o(.bss)
    imu_base_info                            0x20004dcc   Data         112  imu.o(.bss)
    gyro                                     0x20004e3c   Data          12  imu.o(.bss)
    accel                                    0x20004e48   Data          12  imu.o(.bss)
    imu_temp_pid                             0x20004e54   Data          72  imu_pwm.o(.bss)
    hcan1RxFrame                             0x20004e9c   Data          36  drv_can.o(.bss)
    usart1_dma_rxbuf                         0x20004ec0   Data         100  drv_uart.o(.bss)
    usart3_dma_rxbuf                         0x20004f24   Data          62  drv_uart.o(.bss)
    channels                                 0x20004f62   Data          32  config_uart.o(.bss)
    data_playload                            0x20004f82   Data          25  config_uart.o(.bss)
    rc_base_info                             0x20004f9c   Data          20  remote.o(.bss)
    L_Sd_Rx_Info                             0x20004fb0   Data          48  sd_motor.o(.bss)
    L_Sd_Tx_Info                             0x20004fe0   Data          24  sd_motor.o(.bss)
    L_Sd_State                               0x20004ff8   Data          12  sd_motor.o(.bss)
    R_Sd_Rx_Info                             0x20005004   Data          48  sd_motor.o(.bss)
    R_Sd_Tx_Info                             0x20005034   Data          24  sd_motor.o(.bss)
    R_Sd_State                               0x2000504c   Data          12  sd_motor.o(.bss)
    L_Leg_Target                             0x20005058   Data          12  my_joint.o(.bss)
    L_Leg_Measure                            0x20005064   Data          12  my_joint.o(.bss)
    R_Leg_Target                             0x20005070   Data          12  my_joint.o(.bss)
    R_Leg_Measure                            0x2000507c   Data          12  my_joint.o(.bss)
    My_Posture                               0x20005088   Data          24  my_posture.o(.bss)
    My_Straight_Leg_Model                    0x200050a0   Data          32  my_robot.o(.bss)
    My_Robot_Target                          0x200050c0   Data          16  my_robot.o(.bss)
    My_State_Var                             0x200050d0   Data          44  my_state_var.o(.bss)
    Vision_Rx_Info                           0x200050fc   Data           9  vision_protocol.o(.bss)
    Vision_TxBuf                             0x20005105   Data          40  vision_protocol.o(.bss)
    __libspace_start                         0x20005130   Data          96  libspace.o(.bss)
    __temporary_stack_top$libspace           0x20005190   Data           0  libspace.o(.bss)



==============================================================================

Memory Map of the image

  Image Entry point : 0x08000189

  Load Region LR_IROM1 (Base: 0x08000000, Size: 0x0000963c, Max: 0x00100000, ABSOLUTE, COMPRESSED[0x00008d34])

    Execution Region ER_IROM1 (Exec base: 0x08000000, Load base: 0x08000000, Size: 0x00008b90, Max: 0x00100000, ABSOLUTE)

    Exec Addr    Load Addr    Size         Type   Attr      Idx    E Section Name        Object

    0x08000000   0x08000000   0x00000188   Data   RO            3    RESET               startup_stm32f407xx.o
    0x08000188   0x08000188   0x00000008   Code   RO         8913  * !!!main             c_w.l(__main.o)
    0x08000190   0x08000190   0x00000034   Code   RO         9325    !!!scatter          c_w.l(__scatter.o)
    0x080001c4   0x080001c4   0x0000005a   Code   RO         9323    !!dczerorl2         c_w.l(__dczerorl2.o)
    0x0800021e   0x0800021e   0x00000002   PAD
    0x08000220   0x08000220   0x0000001c   Code   RO         9327    !!handler_zi        c_w.l(__scatter_zi.o)
    0x0800023c   0x0800023c   0x00000002   Code   RO         9192    .ARM.Collect$$libinit$$00000000  c_w.l(libinit.o)
    0x0800023e   0x0800023e   0x00000004   Code   RO         9203    .ARM.Collect$$libinit$$00000001  c_w.l(libinit2.o)
    0x08000242   0x08000242   0x00000000   Code   RO         9206    .ARM.Collect$$libinit$$00000004  c_w.l(libinit2.o)
    0x08000242   0x08000242   0x00000000   Code   RO         9209    .ARM.Collect$$libinit$$0000000A  c_w.l(libinit2.o)
    0x08000242   0x08000242   0x00000000   Code   RO         9211    .ARM.Collect$$libinit$$0000000C  c_w.l(libinit2.o)
    0x08000242   0x08000242   0x00000000   Code   RO         9213    .ARM.Collect$$libinit$$0000000E  c_w.l(libinit2.o)
    0x08000242   0x08000242   0x00000000   Code   RO         9216    .ARM.Collect$$libinit$$00000011  c_w.l(libinit2.o)
    0x08000242   0x08000242   0x00000000   Code   RO         9218    .ARM.Collect$$libinit$$00000013  c_w.l(libinit2.o)
    0x08000242   0x08000242   0x00000000   Code   RO         9220    .ARM.Collect$$libinit$$00000015  c_w.l(libinit2.o)
    0x08000242   0x08000242   0x00000000   Code   RO         9222    .ARM.Collect$$libinit$$00000017  c_w.l(libinit2.o)
    0x08000242   0x08000242   0x00000000   Code   RO         9224    .ARM.Collect$$libinit$$00000019  c_w.l(libinit2.o)
    0x08000242   0x08000242   0x00000000   Code   RO         9226    .ARM.Collect$$libinit$$0000001B  c_w.l(libinit2.o)
    0x08000242   0x08000242   0x00000000   Code   RO         9228    .ARM.Collect$$libinit$$0000001D  c_w.l(libinit2.o)
    0x08000242   0x08000242   0x00000000   Code   RO         9230    .ARM.Collect$$libinit$$0000001F  c_w.l(libinit2.o)
    0x08000242   0x08000242   0x00000000   Code   RO         9232    .ARM.Collect$$libinit$$00000021  c_w.l(libinit2.o)
    0x08000242   0x08000242   0x00000000   Code   RO         9234    .ARM.Collect$$libinit$$00000023  c_w.l(libinit2.o)
    0x08000242   0x08000242   0x00000000   Code   RO         9236    .ARM.Collect$$libinit$$00000025  c_w.l(libinit2.o)
    0x08000242   0x08000242   0x00000000   Code   RO         9240    .ARM.Collect$$libinit$$0000002C  c_w.l(libinit2.o)
    0x08000242   0x08000242   0x00000000   Code   RO         9242    .ARM.Collect$$libinit$$0000002E  c_w.l(libinit2.o)
    0x08000242   0x08000242   0x00000000   Code   RO         9244    .ARM.Collect$$libinit$$00000030  c_w.l(libinit2.o)
    0x08000242   0x08000242   0x00000000   Code   RO         9246    .ARM.Collect$$libinit$$00000032  c_w.l(libinit2.o)
    0x08000242   0x08000242   0x00000002   Code   RO         9247    .ARM.Collect$$libinit$$00000033  c_w.l(libinit2.o)
    0x08000244   0x08000244   0x00000002   Code   RO         9280    .ARM.Collect$$libshutdown$$00000000  c_w.l(libshutdown.o)
    0x08000246   0x08000246   0x00000000   Code   RO         9306    .ARM.Collect$$libshutdown$$00000002  c_w.l(libshutdown2.o)
    0x08000246   0x08000246   0x00000000   Code   RO         9308    .ARM.Collect$$libshutdown$$00000004  c_w.l(libshutdown2.o)
    0x08000246   0x08000246   0x00000000   Code   RO         9311    .ARM.Collect$$libshutdown$$00000007  c_w.l(libshutdown2.o)
    0x08000246   0x08000246   0x00000000   Code   RO         9314    .ARM.Collect$$libshutdown$$0000000A  c_w.l(libshutdown2.o)
    0x08000246   0x08000246   0x00000000   Code   RO         9316    .ARM.Collect$$libshutdown$$0000000C  c_w.l(libshutdown2.o)
    0x08000246   0x08000246   0x00000000   Code   RO         9319    .ARM.Collect$$libshutdown$$0000000F  c_w.l(libshutdown2.o)
    0x08000246   0x08000246   0x00000002   Code   RO         9320    .ARM.Collect$$libshutdown$$00000010  c_w.l(libshutdown2.o)
    0x08000248   0x08000248   0x00000000   Code   RO         9075    .ARM.Collect$$rtentry$$00000000  c_w.l(__rtentry.o)
    0x08000248   0x08000248   0x00000000   Code   RO         9153    .ARM.Collect$$rtentry$$00000002  c_w.l(__rtentry2.o)
    0x08000248   0x08000248   0x00000006   Code   RO         9165    .ARM.Collect$$rtentry$$00000004  c_w.l(__rtentry4.o)
    0x0800024e   0x0800024e   0x00000000   Code   RO         9155    .ARM.Collect$$rtentry$$00000009  c_w.l(__rtentry2.o)
    0x0800024e   0x0800024e   0x00000004   Code   RO         9156    .ARM.Collect$$rtentry$$0000000A  c_w.l(__rtentry2.o)
    0x08000252   0x08000252   0x00000000   Code   RO         9158    .ARM.Collect$$rtentry$$0000000C  c_w.l(__rtentry2.o)
    0x08000252   0x08000252   0x00000008   Code   RO         9159    .ARM.Collect$$rtentry$$0000000D  c_w.l(__rtentry2.o)
    0x0800025a   0x0800025a   0x00000002   Code   RO         9195    .ARM.Collect$$rtexit$$00000000  c_w.l(rtexit.o)
    0x0800025c   0x0800025c   0x00000000   Code   RO         9253    .ARM.Collect$$rtexit$$00000002  c_w.l(rtexit2.o)
    0x0800025c   0x0800025c   0x00000004   Code   RO         9254    .ARM.Collect$$rtexit$$00000003  c_w.l(rtexit2.o)
    0x08000260   0x08000260   0x00000006   Code   RO         9255    .ARM.Collect$$rtexit$$00000004  c_w.l(rtexit2.o)
    0x08000266   0x08000266   0x00000002   PAD
    0x08000268   0x08000268   0x000000be   Code   RO         6989    .emb_text           port.o
    0x08000326   0x08000326   0x00000002   PAD
    0x08000328   0x08000328   0x00000040   Code   RO            4    .text               startup_stm32f407xx.o
    0x08000368   0x08000368   0x000000ee   Code   RO         8893    .text               c_w.l(lludivv7m.o)
    0x08000456   0x08000456   0x0000008a   Code   RO         8901    .text               c_w.l(rt_memcpy_v6.o)
    0x080004e0   0x080004e0   0x00000064   Code   RO         8903    .text               c_w.l(rt_memcpy_w.o)
    0x08000544   0x08000544   0x00000044   Code   RO         8907    .text               c_w.l(rt_memclr.o)
    0x08000588   0x08000588   0x0000004e   Code   RO         8909    .text               c_w.l(rt_memclr_w.o)
    0x080005d6   0x080005d6   0x00000006   Code   RO         8911    .text               c_w.l(heapauxi.o)
    0x080005dc   0x080005dc   0x00000016   Code   RO         9080    .text               c_w.l(_rserrno.o)
    0x080005f2   0x080005f2   0x00000002   PAD
    0x080005f4   0x080005f4   0x00000008   Code   RO         9172    .text               c_w.l(rt_errno_addr_intlibspace.o)
    0x080005fc   0x080005fc   0x00000008   Code   RO         9176    .text               c_w.l(libspace.o)
    0x08000604   0x08000604   0x0000004a   Code   RO         9179    .text               c_w.l(sys_stackheap_outer.o)
    0x0800064e   0x0800064e   0x00000012   Code   RO         9181    .text               c_w.l(exit.o)
    0x08000660   0x08000660   0x0000000c   Code   RO         9250    .text               c_w.l(sys_exit.o)
    0x0800066c   0x0800066c   0x00000002   Code   RO         9269    .text               c_w.l(use_no_semi.o)
    0x0800066e   0x0800066e   0x00000000   Code   RO         9271    .text               c_w.l(indicate_semi.o)
    0x0800066e   0x0800066e   0x00000002   PAD
    0x08000670   0x08000670   0x000000b8   Code   RO         7970    i.Angle_Sum_Cal     ktech_motor.o
    0x08000728   0x08000728   0x0000002c   Code   RO         8813    i.Append_CRC16_Check_Sum  crc16.o
    0x08000754   0x08000754   0x00000022   Code   RO         8770    i.Append_CRC8_Check_Num  crc8.o
    0x08000776   0x08000776   0x00000002   PAD
    0x08000778   0x08000778   0x00000010   Code   RO         7343    i.BMI088_ACCEL_NS_H  bmi088middleware.o
    0x08000788   0x08000788   0x00000010   Code   RO         7344    i.BMI088_ACCEL_NS_L  bmi088middleware.o
    0x08000798   0x08000798   0x00000002   Code   RO         7345    i.BMI088_GPIO_init  bmi088middleware.o
    0x0800079a   0x0800079a   0x00000002   PAD
    0x0800079c   0x0800079c   0x00000010   Code   RO         7346    i.BMI088_GYRO_NS_H  bmi088middleware.o
    0x080007ac   0x080007ac   0x00000010   Code   RO         7347    i.BMI088_GYRO_NS_L  bmi088middleware.o
    0x080007bc   0x080007bc   0x00000002   Code   RO         7348    i.BMI088_com_init   bmi088middleware.o
    0x080007be   0x080007be   0x00000018   Code   RO         7349    i.BMI088_delay_ms   bmi088middleware.o
    0x080007d6   0x080007d6   0x00000016   Code   RO         7350    i.BMI088_delay_us   bmi088middleware.o
    0x080007ec   0x080007ec   0x00000018   Code   RO         7274    i.BMI088_init       bmi088driver.o
    0x08000804   0x08000804   0x0000015c   Code   RO         7275    i.BMI088_read       bmi088driver.o
    0x08000960   0x08000960   0x00000024   Code   RO         7276    i.BMI088_read_muli_reg  bmi088driver.o
    0x08000984   0x08000984   0x00000016   Code   RO         7277    i.BMI088_read_single_reg  bmi088driver.o
    0x0800099a   0x0800099a   0x00000002   PAD
    0x0800099c   0x0800099c   0x00000020   Code   RO         7351    i.BMI088_read_write_byte  bmi088middleware.o
    0x080009bc   0x080009bc   0x00000012   Code   RO         7278    i.BMI088_write_single_reg  bmi088driver.o
    0x080009ce   0x080009ce   0x00000002   PAD
    0x080009d0   0x080009d0   0x00000510   Code   RO         7069    i.BMI_Get_EulerAngle  bmi.o
    0x08000ee0   0x08000ee0   0x00000002   Code   RO          572    i.BusFault_Handler  stm32f4xx_it.o
    0x08000ee2   0x08000ee2   0x00000002   PAD
    0x08000ee4   0x08000ee4   0x00000028   Code   RO         7467    i.CAN1_Init         drv_can.o
    0x08000f0c   0x08000f0c   0x0000000c   Code   RO          573    i.CAN1_RX0_IRQHandler  stm32f4xx_it.o
    0x08000f18   0x08000f18   0x0000004c   Code   RO         7468    i.CAN1_Send_With_int16_to_uint8  drv_can.o
    0x08000f64   0x08000f64   0x00000064   Code   RO         7613    i.CAN1_rxDataHandler  config_can.o
    0x08000fc8   0x08000fc8   0x0000001a   Code   RO         7469    i.CAN_Filter_ParamsInit  drv_can.o
    0x08000fe2   0x08000fe2   0x0000000a   Code   RO         8167    i.CAN_GetMotorAngle  motor.o
    0x08000fec   0x08000fec   0x0000000c   Code   RO         8168    i.CAN_GetMotorCurrent  motor.o
    0x08000ff8   0x08000ff8   0x0000000c   Code   RO         8169    i.CAN_GetMotorSpeed  motor.o
    0x08001004   0x08001004   0x00000004   Code   RO         8170    i.CAN_GetMotorTemperature  motor.o
    0x08001008   0x08001008   0x0000000c   Code   RO         8171    i.CAN_GetMotorTorque  motor.o
    0x08001014   0x08001014   0x00000040   Code   RO         7470    i.CAN_SendData      drv_can.o
    0x08001054   0x08001054   0x0000000c   Code   RO          574    i.DMA1_Stream1_IRQHandler  stm32f4xx_it.o
    0x08001060   0x08001060   0x0000000c   Code   RO          575    i.DMA2_Stream0_IRQHandler  stm32f4xx_it.o
    0x0800106c   0x0800106c   0x0000000c   Code   RO          576    i.DMA2_Stream2_IRQHandler  stm32f4xx_it.o
    0x08001078   0x08001078   0x0000000c   Code   RO          577    i.DMA2_Stream3_IRQHandler  stm32f4xx_it.o
    0x08001084   0x08001084   0x0000000c   Code   RO          578    i.DMA2_Stream7_IRQHandler  stm32f4xx_it.o
    0x08001090   0x08001090   0x000002a8   Code   RO         7523    i.DMAEx_MultiBufferStart_NoIT  drv_uart.o
    0x08001338   0x08001338   0x0000002c   Code   RO         1497    i.DMA_CalcBaseAndBitshift  stm32f4xx_hal_dma.o
    0x08001364   0x08001364   0x00000078   Code   RO         1498    i.DMA_CheckFifoParam  stm32f4xx_hal_dma.o
    0x080013dc   0x080013dc   0x0000002a   Code   RO         1499    i.DMA_SetConfig     stm32f4xx_hal_dma.o
    0x08001406   0x08001406   0x00000064   Code   RO         7524    i.DMA_Start         drv_uart.o
    0x0800146a   0x0800146a   0x00000014   Code   RO         7525    i.DRV_UART_IRQHandler  drv_uart.o
    0x0800147e   0x0800147e   0x00000002   Code   RO          579    i.DebugMon_Handler  stm32f4xx_it.o
    0x08001480   0x08001480   0x00000006   Code   RO          580    i.EXTI4_IRQHandler  stm32f4xx_it.o
    0x08001486   0x08001486   0x00000006   Code   RO          581    i.EXTI9_5_IRQHandler  stm32f4xx_it.o
    0x0800148c   0x0800148c   0x00000034   Code   RO         7971    i.Encoder_to_Motor_Angle  ktech_motor.o
    0x080014c0   0x080014c0   0x00000004   Code   RO           13    i.Error_Handler     main.o
    0x080014c4   0x080014c4   0x00000030   Code   RO         8814    i.Get_CRC16_Check_Sum  crc16.o
    0x080014f4   0x080014f4   0x0000001c   Code   RO         8771    i.Get_CRC8_Check_Num  crc8.o
    0x08001510   0x08001510   0x00000024   Code   RO          760    i.HAL_CAN_ActivateNotification  stm32f4xx_hal_can.o
    0x08001534   0x08001534   0x000000e2   Code   RO          761    i.HAL_CAN_AddTxMessage  stm32f4xx_hal_can.o
    0x08001616   0x08001616   0x00000002   PAD
    0x08001618   0x08001618   0x00000110   Code   RO          762    i.HAL_CAN_ConfigFilter  stm32f4xx_hal_can.o
    0x08001728   0x08001728   0x00000002   Code   RO          765    i.HAL_CAN_ErrorCallback  stm32f4xx_hal_can.o
    0x0800172a   0x0800172a   0x00000112   Code   RO          768    i.HAL_CAN_GetRxMessage  stm32f4xx_hal_can.o
    0x0800183c   0x0800183c   0x000001fc   Code   RO          772    i.HAL_CAN_IRQHandler  stm32f4xx_hal_can.o
    0x08001a38   0x08001a38   0x00000152   Code   RO          773    i.HAL_CAN_Init      stm32f4xx_hal_can.o
    0x08001b8a   0x08001b8a   0x00000002   PAD
    0x08001b8c   0x08001b8c   0x00000078   Code   RO          363    i.HAL_CAN_MspInit   can.o
    0x08001c04   0x08001c04   0x00000002   Code   RO          780    i.HAL_CAN_RxFifo0FullCallback  stm32f4xx_hal_can.o
    0x08001c06   0x08001c06   0x00000002   PAD
    0x08001c08   0x08001c08   0x00000030   Code   RO         7471    i.HAL_CAN_RxFifo0MsgPendingCallback  drv_can.o
    0x08001c38   0x08001c38   0x00000002   Code   RO          782    i.HAL_CAN_RxFifo1FullCallback  stm32f4xx_hal_can.o
    0x08001c3a   0x08001c3a   0x00000002   Code   RO          783    i.HAL_CAN_RxFifo1MsgPendingCallback  stm32f4xx_hal_can.o
    0x08001c3c   0x08001c3c   0x00000002   Code   RO          784    i.HAL_CAN_SleepCallback  stm32f4xx_hal_can.o
    0x08001c3e   0x08001c3e   0x00000058   Code   RO          785    i.HAL_CAN_Start     stm32f4xx_hal_can.o
    0x08001c96   0x08001c96   0x00000002   Code   RO          787    i.HAL_CAN_TxMailbox0AbortCallback  stm32f4xx_hal_can.o
    0x08001c98   0x08001c98   0x00000002   Code   RO          788    i.HAL_CAN_TxMailbox0CompleteCallback  stm32f4xx_hal_can.o
    0x08001c9a   0x08001c9a   0x00000002   Code   RO          789    i.HAL_CAN_TxMailbox1AbortCallback  stm32f4xx_hal_can.o
    0x08001c9c   0x08001c9c   0x00000002   Code   RO          790    i.HAL_CAN_TxMailbox1CompleteCallback  stm32f4xx_hal_can.o
    0x08001c9e   0x08001c9e   0x00000002   Code   RO          791    i.HAL_CAN_TxMailbox2AbortCallback  stm32f4xx_hal_can.o
    0x08001ca0   0x08001ca0   0x00000002   Code   RO          792    i.HAL_CAN_TxMailbox2CompleteCallback  stm32f4xx_hal_can.o
    0x08001ca2   0x08001ca2   0x00000002   Code   RO          794    i.HAL_CAN_WakeUpFromRxMsgCallback  stm32f4xx_hal_can.o
    0x08001ca4   0x08001ca4   0x0000008e   Code   RO         1500    i.HAL_DMA_Abort     stm32f4xx_hal_dma.o
    0x08001d32   0x08001d32   0x00000024   Code   RO         1501    i.HAL_DMA_Abort_IT  stm32f4xx_hal_dma.o
    0x08001d56   0x08001d56   0x00000002   PAD
    0x08001d58   0x08001d58   0x000001d0   Code   RO         1505    i.HAL_DMA_IRQHandler  stm32f4xx_hal_dma.o
    0x08001f28   0x08001f28   0x000000d4   Code   RO         1506    i.HAL_DMA_Init      stm32f4xx_hal_dma.o
    0x08001ffc   0x08001ffc   0x0000006e   Code   RO         1510    i.HAL_DMA_Start_IT  stm32f4xx_hal_dma.o
    0x0800206a   0x0800206a   0x00000002   Code   RO         1391    i.HAL_GPIO_EXTI_Callback  stm32f4xx_hal_gpio.o
    0x0800206c   0x0800206c   0x00000018   Code   RO         1392    i.HAL_GPIO_EXTI_IRQHandler  stm32f4xx_hal_gpio.o
    0x08002084   0x08002084   0x000001d0   Code   RO         1393    i.HAL_GPIO_Init     stm32f4xx_hal_gpio.o
    0x08002254   0x08002254   0x0000000e   Code   RO         1397    i.HAL_GPIO_WritePin  stm32f4xx_hal_gpio.o
    0x08002262   0x08002262   0x00000002   PAD
    0x08002264   0x08002264   0x0000000c   Code   RO         1931    i.HAL_GetTick       stm32f4xx_hal.o
    0x08002270   0x08002270   0x00000010   Code   RO         1937    i.HAL_IncTick       stm32f4xx_hal.o
    0x08002280   0x08002280   0x00000034   Code   RO         1938    i.HAL_Init          stm32f4xx_hal.o
    0x080022b4   0x080022b4   0x00000098   Code   RO          720    i.HAL_InitTick      stm32f4xx_hal_timebase_tim.o
    0x0800234c   0x0800234c   0x00000038   Code   RO          696    i.HAL_MspInit       stm32f4xx_hal_msp.o
    0x08002384   0x08002384   0x0000001a   Code   RO         1783    i.HAL_NVIC_EnableIRQ  stm32f4xx_hal_cortex.o
    0x0800239e   0x0800239e   0x00000002   PAD
    0x080023a0   0x080023a0   0x00000040   Code   RO         1789    i.HAL_NVIC_SetPriority  stm32f4xx_hal_cortex.o
    0x080023e0   0x080023e0   0x00000024   Code   RO         1790    i.HAL_NVIC_SetPriorityGrouping  stm32f4xx_hal_cortex.o
    0x08002404   0x08002404   0x0000014c   Code   RO          994    i.HAL_RCC_ClockConfig  stm32f4xx_hal_rcc.o
    0x08002550   0x08002550   0x0000003c   Code   RO          998    i.HAL_RCC_GetClockConfig  stm32f4xx_hal_rcc.o
    0x0800258c   0x0800258c   0x0000000c   Code   RO          999    i.HAL_RCC_GetHCLKFreq  stm32f4xx_hal_rcc.o
    0x08002598   0x08002598   0x00000020   Code   RO         1001    i.HAL_RCC_GetPCLK1Freq  stm32f4xx_hal_rcc.o
    0x080025b8   0x080025b8   0x00000020   Code   RO         1002    i.HAL_RCC_GetPCLK2Freq  stm32f4xx_hal_rcc.o
    0x080025d8   0x080025d8   0x0000006c   Code   RO         1003    i.HAL_RCC_GetSysClockFreq  stm32f4xx_hal_rcc.o
    0x08002644   0x08002644   0x000003c0   Code   RO         1006    i.HAL_RCC_OscConfig  stm32f4xx_hal_rcc.o
    0x08002a04   0x08002a04   0x000000be   Code   RO         2187    i.HAL_SPI_Init      stm32f4xx_hal_spi.o
    0x08002ac2   0x08002ac2   0x00000002   PAD
    0x08002ac4   0x08002ac4   0x00000110   Code   RO          429    i.HAL_SPI_MspInit   spi.o
    0x08002bd4   0x08002bd4   0x000001f6   Code   RO         2196    i.HAL_SPI_TransmitReceive  stm32f4xx_hal_spi.o
    0x08002dca   0x08002dca   0x00000002   Code   RO         3215    i.HAL_TIMEx_BreakCallback  stm32f4xx_hal_tim_ex.o
    0x08002dcc   0x08002dcc   0x00000002   Code   RO         3216    i.HAL_TIMEx_CommutCallback  stm32f4xx_hal_tim_ex.o
    0x08002dce   0x08002dce   0x0000004a   Code   RO         2500    i.HAL_TIM_Base_Init  stm32f4xx_hal_tim.o
    0x08002e18   0x08002e18   0x00000028   Code   RO          471    i.HAL_TIM_Base_MspInit  tim.o
    0x08002e40   0x08002e40   0x0000008c   Code   RO         2505    i.HAL_TIM_Base_Start_IT  stm32f4xx_hal_tim.o
    0x08002ecc   0x08002ecc   0x00000002   Code   RO         2534    i.HAL_TIM_IC_CaptureCallback  stm32f4xx_hal_tim.o
    0x08002ece   0x08002ece   0x00000138   Code   RO         2548    i.HAL_TIM_IRQHandler  stm32f4xx_hal_tim.o
    0x08003006   0x08003006   0x00000002   PAD
    0x08003008   0x08003008   0x00000054   Code   RO          472    i.HAL_TIM_MspPostInit  tim.o
    0x0800305c   0x0800305c   0x00000002   Code   RO         2551    i.HAL_TIM_OC_DelayElapsedCallback  stm32f4xx_hal_tim.o
    0x0800305e   0x0800305e   0x000000d8   Code   RO         2572    i.HAL_TIM_PWM_ConfigChannel  stm32f4xx_hal_tim.o
    0x08003136   0x08003136   0x0000004a   Code   RO         2575    i.HAL_TIM_PWM_Init  stm32f4xx_hal_tim.o
    0x08003180   0x08003180   0x00000002   Code   RO         2577    i.HAL_TIM_PWM_MspInit  stm32f4xx_hal_tim.o
    0x08003182   0x08003182   0x00000002   Code   RO         2578    i.HAL_TIM_PWM_PulseFinishedCallback  stm32f4xx_hal_tim.o
    0x08003184   0x08003184   0x0000000e   Code   RO           14    i.HAL_TIM_PeriodElapsedCallback  main.o
    0x08003192   0x08003192   0x00000002   Code   RO         2591    i.HAL_TIM_TriggerCallback  stm32f4xx_hal_tim.o
    0x08003194   0x08003194   0x00000002   Code   RO         3494    i.HAL_UARTEx_RxEventCallback  stm32f4xx_hal_uart.o
    0x08003196   0x08003196   0x00000002   Code   RO         3508    i.HAL_UART_ErrorCallback  stm32f4xx_hal_uart.o
    0x08003198   0x08003198   0x00000234   Code   RO         3511    i.HAL_UART_IRQHandler  stm32f4xx_hal_uart.o
    0x080033cc   0x080033cc   0x00000066   Code   RO         3512    i.HAL_UART_Init     stm32f4xx_hal_uart.o
    0x08003432   0x08003432   0x00000002   PAD
    0x08003434   0x08003434   0x000001fc   Code   RO          519    i.HAL_UART_MspInit  usart.o
    0x08003630   0x08003630   0x00000002   Code   RO         3518    i.HAL_UART_RxCpltCallback  stm32f4xx_hal_uart.o
    0x08003632   0x08003632   0x00000002   PAD
    0x08003634   0x08003634   0x0000007c   Code   RO         3521    i.HAL_UART_Transmit_DMA  stm32f4xx_hal_uart.o
    0x080036b0   0x080036b0   0x00000002   Code   RO         3523    i.HAL_UART_TxCpltCallback  stm32f4xx_hal_uart.o
    0x080036b2   0x080036b2   0x00000002   Code   RO         3524    i.HAL_UART_TxHalfCpltCallback  stm32f4xx_hal_uart.o
    0x080036b4   0x080036b4   0x00000002   Code   RO          582    i.HardFault_Handler  stm32f4xx_it.o
    0x080036b6   0x080036b6   0x00000002   PAD
    0x080036b8   0x080036b8   0x00000048   Code   RO         7166    i.Imu_PWM_Set       imu_pwm.o
    0x08003700   0x08003700   0x00000026   Code   RO         8414    i.Joint_Double_PID_Cal  my_joint.o
    0x08003726   0x08003726   0x00000026   Code   RO         7977    i.Ktech_Motor_Hearbeat  ktech_motor.o
    0x0800374c   0x0800374c   0x00000048   Code   RO          364    i.MX_CAN1_Init      can.o
    0x08003794   0x08003794   0x0000007c   Code   RO          404    i.MX_DMA_Init       dma.o
    0x08003810   0x08003810   0x00000068   Code   RO          294    i.MX_FREERTOS_Init  freertos.o
    0x08003878   0x08003878   0x00000104   Code   RO          270    i.MX_GPIO_Init      gpio.o
    0x0800397c   0x0800397c   0x00000048   Code   RO          430    i.MX_SPI1_Init      spi.o
    0x080039c4   0x080039c4   0x00000064   Code   RO          473    i.MX_TIM10_Init     tim.o
    0x08003a28   0x08003a28   0x00000038   Code   RO          520    i.MX_USART1_UART_Init  usart.o
    0x08003a60   0x08003a60   0x00000044   Code   RO          521    i.MX_USART3_UART_Init  usart.o
    0x08003aa4   0x08003aa4   0x00000038   Code   RO          522    i.MX_USART6_UART_Init  usart.o
    0x08003adc   0x08003adc   0x00000002   Code   RO          583    i.MemManage_Handler  stm32f4xx_it.o
    0x08003ade   0x08003ade   0x0000012e   Code   RO         7978    i.Motor_Get_Info    ktech_motor.o
    0x08003c0c   0x08003c0c   0x00000048   Code   RO         7979    i.Motor_Pull_Request  ktech_motor.o
    0x08003c54   0x08003c54   0x0000005c   Code   RO         8550    i.Motor_RM6020_Torque_to_Raw_Voltage  my_robot.o
    0x08003cb0   0x08003cb0   0x00000050   Code   RO         7980    i.Motor_Set_Torque  ktech_motor.o
    0x08003d00   0x08003d00   0x00000018   Code   RO         7706    i.My_Device_Init    dev_all.o
    0x08003d18   0x08003d18   0x00000024   Code   RO         8415    i.My_Joint_Control  my_joint.o
    0x08003d3c   0x08003d3c   0x0000000e   Code   RO         8416    i.My_Joint_Data_Update  my_joint.o
    0x08003d4a   0x08003d4a   0x00000002   PAD
    0x08003d4c   0x08003d4c   0x000000bc   Code   RO         8417    i.My_Joint_Phi4_Get  my_joint.o
    0x08003e08   0x08003e08   0x000000a8   Code   RO         8418    i.My_Joint_Roll_Torque_Cal  my_joint.o
    0x08003eb0   0x08003eb0   0x00000004   Code   RO         8419    i.My_Joint_Sleep    my_joint.o
    0x08003eb4   0x08003eb4   0x000000dc   Code   RO         8420    i.My_Joint_Target_Process  my_joint.o
    0x08003f90   0x08003f90   0x00000098   Code   RO         8421    i.My_Joint_Torque_Cal  my_joint.o
    0x08004028   0x08004028   0x000001d4   Code   RO         8551    i.My_Model_Output_Cal  my_robot.o
    0x080041fc   0x080041fc   0x000000b4   Code   RO         8514    i.My_Posture_Update  my_posture.o
    0x080042b0   0x080042b0   0x00000024   Code   RO         8552    i.My_Robot_Control  my_robot.o
    0x080042d4   0x080042d4   0x0000004c   Code   RO         8553    i.My_Robot_Distance_Target_Process  my_robot.o
    0x08004320   0x08004320   0x0000003c   Code   RO         8554    i.My_Robot_Imu_Kp_Adapt  my_robot.o
    0x0800435c   0x0800435c   0x00000004   Code   RO         8555    i.My_Robot_Output_Cal  my_robot.o
    0x08004360   0x08004360   0x00000070   Code   RO         8556    i.My_Robot_RC_Value_Filt  my_robot.o
    0x080043d0   0x080043d0   0x0000006c   Code   RO         8557    i.My_Robot_Spin_Target_Process  my_robot.o
    0x0800443c   0x0800443c   0x0000001e   Code   RO         8558    i.My_Robot_Update   my_robot.o
    0x0800445a   0x0800445a   0x00000002   PAD
    0x0800445c   0x0800445c   0x0000004c   Code   RO         8559    i.My_Robot_Yaw_Target_Process  my_robot.o
    0x080044a8   0x080044a8   0x00000018   Code   RO         7826    i.My_Sd_HeartBeat   sd_motor.o
    0x080044c0   0x080044c0   0x00000018   Code   RO         7827    i.My_Sd_Init        sd_motor.o
    0x080044d8   0x080044d8   0x00000018   Code   RO         7828    i.My_Sd_Sleep       sd_motor.o
    0x080044f0   0x080044f0   0x00000084   Code   RO         8673    i.My_State_Var_Update  my_state_var.o
    0x08004574   0x08004574   0x00000018   Code   RO         8560    i.My_Vision_Data_Send  my_robot.o
    0x0800458c   0x0800458c   0x00000054   Code   RO         8674    i.My_Wheel_Angle_Sum_to_Rad  my_state_var.o
    0x080045e0   0x080045e0   0x00000020   Code   RO         7877    i.My_Wheel_Heartbeat  wheel_motor.o
    0x08004600   0x08004600   0x00000020   Code   RO         7878    i.My_Wheel_Init     wheel_motor.o
    0x08004620   0x08004620   0x00000088   Code   RO         8561    i.My_Wheel_Send_Torque  my_robot.o
    0x080046a8   0x080046a8   0x0000004c   Code   RO         8562    i.My_Yaw_Zero_Point_Process  my_robot.o
    0x080046f4   0x080046f4   0x00000002   Code   RO          584    i.NMI_Handler       stm32f4xx_it.o
    0x080046f6   0x080046f6   0x00000002   PAD
    0x080046f8   0x080046f8   0x00000160   Code   RO         8375    i.PID_calc          dji_pid.o
    0x08004858   0x08004858   0x0000001a   Code   RO         7745    i.RC_Init           remote.o
    0x08004872   0x08004872   0x00000002   PAD
    0x08004874   0x08004874   0x000000c4   Code   RO         7981    i.Raw_Current_to_Torque  ktech_motor.o
    0x08004938   0x08004938   0x0000007c   Code   RO         2225    i.SPI_EndRxTxTransaction  stm32f4xx_hal_spi.o
    0x080049b4   0x080049b4   0x000000bc   Code   RO         2230    i.SPI_WaitFlagStateUntilTimeout  stm32f4xx_hal_spi.o
    0x08004a70   0x08004a70   0x00000040   Code   RO         7982    i.Single_Motor_Init  ktech_motor.o
    0x08004ab0   0x08004ab0   0x0000001e   Code   RO         7983    i.Single_Motor_Read_State_1  ktech_motor.o
    0x08004ace   0x08004ace   0x00000036   Code   RO         7984    i.Single_Motor_Set_PI  ktech_motor.o
    0x08004b04   0x08004b04   0x00000026   Code   RO         7985    i.Single_Motor_Sleep  ktech_motor.o
    0x08004b2a   0x08004b2a   0x00000008   Code   RO          295    i.StartDefaultTask  freertos.o
    0x08004b32   0x08004b32   0x00000002   PAD
    0x08004b34   0x08004b34   0x0000002c   Code   RO         6990    i.SysTick_Handler   port.o
    0x08004b60   0x08004b60   0x00000094   Code   RO           15    i.SystemClock_Config  main.o
    0x08004bf4   0x08004bf4   0x00000010   Code   RO         3856    i.SystemInit        system_stm32f4xx.o
    0x08004c04   0x08004c04   0x0000000c   Code   RO          585    i.TIM2_IRQHandler   stm32f4xx_it.o
    0x08004c10   0x08004c10   0x000000dc   Code   RO         2593    i.TIM_Base_SetConfig  stm32f4xx_hal_tim.o
    0x08004cec   0x08004cec   0x00000068   Code   RO         2606    i.TIM_OC1_SetConfig  stm32f4xx_hal_tim.o
    0x08004d54   0x08004d54   0x00000074   Code   RO         2607    i.TIM_OC2_SetConfig  stm32f4xx_hal_tim.o
    0x08004dc8   0x08004dc8   0x00000070   Code   RO         2608    i.TIM_OC3_SetConfig  stm32f4xx_hal_tim.o
    0x08004e38   0x08004e38   0x00000054   Code   RO         2609    i.TIM_OC4_SetConfig  stm32f4xx_hal_tim.o
    0x08004e8c   0x08004e8c   0x00000020   Code   RO         8709    i.Task_H1           my_task.o
    0x08004eac   0x08004eac   0x00000030   Code   RO         8710    i.Task_H2           my_task.o
    0x08004edc   0x08004edc   0x00000028   Code   RO         8711    i.Task_M            my_task.o
    0x08004f04   0x08004f04   0x00000130   Code   RO         7986    i.Torque_to_Raw_Current  ktech_motor.o
    0x08005034   0x08005034   0x00000010   Code   RO         3525    i.UART_DMAAbortOnError  stm32f4xx_hal_uart.o
    0x08005044   0x08005044   0x0000004a   Code   RO         3526    i.UART_DMAError     stm32f4xx_hal_uart.o
    0x0800508e   0x0800508e   0x00000042   Code   RO         3531    i.UART_DMATransmitCplt  stm32f4xx_hal_uart.o
    0x080050d0   0x080050d0   0x0000000a   Code   RO         3533    i.UART_DMATxHalfCplt  stm32f4xx_hal_uart.o
    0x080050da   0x080050da   0x0000004e   Code   RO         3535    i.UART_EndRxTransfer  stm32f4xx_hal_uart.o
    0x08005128   0x08005128   0x0000001a   Code   RO         3536    i.UART_EndTransmit_IT  stm32f4xx_hal_uart.o
    0x08005142   0x08005142   0x0000001c   Code   RO         3537    i.UART_EndTxTransfer  stm32f4xx_hal_uart.o
    0x0800515e   0x0800515e   0x000000c8   Code   RO         3538    i.UART_Receive_IT   stm32f4xx_hal_uart.o
    0x08005226   0x08005226   0x00000002   PAD
    0x08005228   0x08005228   0x00000114   Code   RO         3539    i.UART_SetConfig    stm32f4xx_hal_uart.o
    0x0800533c   0x0800533c   0x0000005e   Code   RO         3542    i.UART_Transmit_IT  stm32f4xx_hal_uart.o
    0x0800539a   0x0800539a   0x00000002   PAD
    0x0800539c   0x0800539c   0x00000018   Code   RO          586    i.USART1_IRQHandler  stm32f4xx_it.o
    0x080053b4   0x080053b4   0x00000038   Code   RO         7526    i.USART1_Init       drv_uart.o
    0x080053ec   0x080053ec   0x00000004   Code   RO         7656    i.USART1_rxDataHandler  config_uart.o
    0x080053f0   0x080053f0   0x00000018   Code   RO          587    i.USART3_IRQHandler  stm32f4xx_it.o
    0x08005408   0x08005408   0x0000003c   Code   RO         7528    i.USART3_Init       drv_uart.o
    0x08005444   0x08005444   0x000000ac   Code   RO         7657    i.USART3_rxDataHandler  config_uart.o
    0x080054f0   0x080054f0   0x00000002   Code   RO          588    i.UsageFault_Handler  stm32f4xx_it.o
    0x080054f2   0x080054f2   0x00000002   PAD
    0x080054f4   0x080054f4   0x00000040   Code   RO         8815    i.Verify_CRC16_Check_Sum  crc16.o
    0x08005534   0x08005534   0x00000030   Code   RO         8772    i.Verify_CRC8_Check_Sum  crc8.o
    0x08005564   0x08005564   0x0000003c   Code   RO         8853    i.Vision_Recieve_Data  vision_protocol.o
    0x080055a0   0x080055a0   0x00000040   Code   RO         8854    i.Vision_Send_Data  vision_protocol.o
    0x080055e0   0x080055e0   0x00000030   Code   RO         9131    i.__ARM_fpclassify  m_wm.l(fpclassify.o)
    0x08005610   0x08005610   0x00000020   Code   RO         1796    i.__NVIC_SetPriority  stm32f4xx_hal_cortex.o
    0x08005630   0x08005630   0x00000360   Code   RO         8949    i.__hardfp_asin     m_wm.l(asin.o)
    0x08005990   0x08005990   0x000002d8   Code   RO         9103    i.__hardfp_atan     m_wm.l(atan.o)
    0x08005c68   0x08005c68   0x000001f0   Code   RO         8963    i.__hardfp_atan2    m_wm.l(atan2.o)
    0x08005e58   0x08005e58   0x000000f8   Code   RO         9149    i.__kernel_poly     m_wm.l(poly.o)
    0x08005f50   0x08005f50   0x00000014   Code   RO         9118    i.__mathlib_dbl_infnan  m_wm.l(dunder.o)
    0x08005f64   0x08005f64   0x00000014   Code   RO         9119    i.__mathlib_dbl_infnan2  m_wm.l(dunder.o)
    0x08005f78   0x08005f78   0x00000020   Code   RO         9120    i.__mathlib_dbl_invalid  m_wm.l(dunder.o)
    0x08005f98   0x08005f98   0x00000020   Code   RO         9123    i.__mathlib_dbl_underflow  m_wm.l(dunder.o)
    0x08005fb8   0x08005fb8   0x00000228   Code   RO         4714    i.arm_atan2_f32     fastmathfunctions.o
    0x080061e0   0x080061e0   0x00000010   Code   RO         9105    i.atan              m_wm.l(atan.o)
    0x080061f0   0x080061f0   0x0000010c   Code   RO         7279    i.bmi088_accel_init  bmi088driver.o
    0x080062fc   0x080062fc   0x000000dc   Code   RO         7280    i.bmi088_gyro_init  bmi088driver.o
    0x080063d8   0x080063d8   0x00000032   Code   RO         8172    i.can_rx_buff       motor.o
    0x0800640a   0x0800640a   0x00000002   Code   RO         8173    i.can_tx_buff       motor.o
    0x0800640c   0x0800640c   0x00000024   Code   RO         7530    i.dma_m0_rxcplt_callback  drv_uart.o
    0x08006430   0x08006430   0x00000024   Code   RO         7531    i.dma_m1_rxcplt_callback  drv_uart.o
    0x08006454   0x08006454   0x00000018   Code   RO         9005    i.fabs              m_wm.l(fabs.o)
    0x0800646c   0x0800646c   0x00000002   Code   RO         8174    i.get_kt_9025_info  motor.o
    0x0800646e   0x0800646e   0x00000002   PAD
    0x08006470   0x08006470   0x0000007c   Code   RO         8175    i.get_rm_can_drvie  motor.o
    0x080064ec   0x080064ec   0x0000007e   Code   RO         8176    i.get_rm_info       motor.o
    0x0800656a   0x0800656a   0x00000002   PAD
    0x0800656c   0x0800656c   0x00000114   Code   RO         7117    i.imu_update        imu.o
    0x08006680   0x08006680   0x0000002c   Code   RO         7071    i.inVSqrt           bmi.o
    0x080066ac   0x080066ac   0x0000000a   Code   RO         8093    i.lowpass           math_support.o
    0x080066b6   0x080066b6   0x0000004a   Code   RO           16    i.main              main.o
    0x08006700   0x08006700   0x0000000c   Code   RO         6555    i.makeFreeRtosPriority  cmsis_os.o
    0x0800670c   0x0800670c   0x0000002c   Code   RO         7427    i.micros            drv_haltick.o
    0x08006738   0x08006738   0x0000002c   Code   RO         8177    i.motor_class_heartbeat  motor.o
    0x08006764   0x08006764   0x0000009c   Code   RO         8178    i.motor_class_init  motor.o
    0x08006800   0x08006800   0x00000074   Code   RO         8179    i.motor_class_pid_init  motor.o
    0x08006874   0x08006874   0x000000a4   Code   RO         8180    i.motor_class_stucking_flag  motor.o
    0x08006918   0x08006918   0x00000020   Code   RO         8181    i.motor_cycle       motor.o
    0x08006938   0x08006938   0x0000003c   Code   RO         8182    i.motor_half_cycle  motor.o
    0x08006974   0x08006974   0x0000003a   Code   RO         8183    i.motor_judge_dir   motor.o
    0x080069ae   0x080069ae   0x0000004c   Code   RO         8184    i.motor_offset      motor.o
    0x080069fa   0x080069fa   0x00000002   PAD
    0x080069fc   0x080069fc   0x00000054   Code   RO         8185    i.motor_pid_angle   motor.o
    0x08006a50   0x08006a50   0x00000120   Code   RO         8186    i.motor_pid_cal     motor.o
    0x08006b70   0x08006b70   0x00000110   Code   RO         8187    i.motor_pid_ctrl    motor.o
    0x08006c80   0x08006c80   0x00000008   Code   RO         8188    i.motor_pid_double  motor.o
    0x08006c88   0x08006c88   0x00000024   Code   RO         8189    i.motor_pid_err     motor.o
    0x08006cac   0x08006cac   0x00000050   Code   RO         8190    i.motor_pid_position  motor.o
    0x08006cfc   0x08006cfc   0x00000014   Code   RO         8191    i.motor_pid_single  motor.o
    0x08006d10   0x08006d10   0x00000048   Code   RO         8192    i.motor_pid_speed   motor.o
    0x08006d58   0x08006d58   0x00000024   Code   RO         7352    i.my_micros         bmi088middleware.o
    0x08006d7c   0x08006d7c   0x00000010   Code   RO         6557    i.osDelay           cmsis_os.o
    0x08006d8c   0x08006d8c   0x0000000a   Code   RO         6560    i.osKernelStart     cmsis_os.o
    0x08006d96   0x08006d96   0x00000058   Code   RO         6594    i.osThreadCreate    cmsis_os.o
    0x08006dee   0x08006dee   0x00000002   PAD
    0x08006df0   0x08006df0   0x00000070   Code   RO         6226    i.prvAddCurrentTaskToDelayedList  tasks.o
    0x08006e60   0x08006e60   0x00000088   Code   RO         6227    i.prvAddNewTaskToReadyList  tasks.o
    0x08006ee8   0x08006ee8   0x0000003c   Code   RO         6228    i.prvCheckTasksWaitingTermination  tasks.o
    0x08006f24   0x08006f24   0x00000040   Code   RO         6229    i.prvDeleteTCB      tasks.o
    0x08006f64   0x08006f64   0x0000004c   Code   RO         6922    i.prvHeapInit       heap_4.o
    0x08006fb0   0x08006fb0   0x00000028   Code   RO         6230    i.prvIdleTask       tasks.o
    0x08006fd8   0x08006fd8   0x00000094   Code   RO         6231    i.prvInitialiseNewTask  tasks.o
    0x0800706c   0x0800706c   0x00000058   Code   RO         6232    i.prvInitialiseTaskLists  tasks.o
    0x080070c4   0x080070c4   0x00000054   Code   RO         6923    i.prvInsertBlockIntoFreeList  heap_4.o
    0x08007118   0x08007118   0x00000024   Code   RO         6233    i.prvResetNextTaskUnblockTime  tasks.o
    0x0800713c   0x0800713c   0x0000002c   Code   RO         6991    i.prvTaskExitError  port.o
    0x08007168   0x08007168   0x000000dc   Code   RO         6924    i.pvPortMalloc      heap_4.o
    0x08007244   0x08007244   0x00000024   Code   RO         6992    i.pxPortInitialiseStack  port.o
    0x08007268   0x08007268   0x00000014   Code   RO         7746    i.rc_base_info_init  remote.o
    0x0800727c   0x0800727c   0x000000a8   Code   RO         7747    i.rc_base_info_update  remote.o
    0x08007324   0x08007324   0x00000016   Code   RO         7749    i.rc_heart_beat     remote.o
    0x0800733a   0x0800733a   0x0000000a   Code   RO         7750    i.rc_info_init      remote.o
    0x08007344   0x08007344   0x0000000c   Code   RO         7751    i.rc_interrupt_init  remote.o
    0x08007350   0x08007350   0x00000002   Code   RO         7753    i.remote_soft_reset_check  remote.o
    0x08007352   0x08007352   0x00000002   PAD
    0x08007354   0x08007354   0x000000e4   Code   RO         7943    i.single_pid_ctrl   pid.o
    0x08007438   0x08007438   0x0000006e   Code   RO         9053    i.sqrt              m_wm.l(sqrt.o)
    0x080074a6   0x080074a6   0x00000002   PAD
    0x080074a8   0x080074a8   0x00000084   Code   RO         7532    i.uart_rx_idle_callback  drv_uart.o
    0x0800752c   0x0800752c   0x00000026   Code   RO         5855    i.uxListRemove      list.o
    0x08007552   0x08007552   0x00000002   PAD
    0x08007554   0x08007554   0x00000014   Code   RO          299    i.vApplicationGetIdleTaskMemory  freertos.o
    0x08007568   0x08007568   0x00000016   Code   RO         5856    i.vListInitialise   list.o
    0x0800757e   0x0800757e   0x00000006   Code   RO         5857    i.vListInitialiseItem  list.o
    0x08007584   0x08007584   0x00000030   Code   RO         5858    i.vListInsert       list.o
    0x080075b4   0x080075b4   0x00000018   Code   RO         5859    i.vListInsertEnd    list.o
    0x080075cc   0x080075cc   0x00000040   Code   RO         6994    i.vPortEnterCritical  port.o
    0x0800760c   0x0800760c   0x0000002c   Code   RO         6995    i.vPortExitCritical  port.o
    0x08007638   0x08007638   0x00000064   Code   RO         6925    i.vPortFree         heap_4.o
    0x0800769c   0x0800769c   0x00000024   Code   RO         6996    i.vPortSetupTimerInterrupt  port.o
    0x080076c0   0x080076c0   0x00000050   Code   RO         6242    i.vTaskDelay        tasks.o
    0x08007710   0x08007710   0x00000088   Code   RO         6255    i.vTaskStartScheduler  tasks.o
    0x08007798   0x08007798   0x00000010   Code   RO         6257    i.vTaskSuspendAll   tasks.o
    0x080077a8   0x080077a8   0x00000060   Code   RO         6258    i.vTaskSwitchContext  tasks.o
    0x08007808   0x08007808   0x000000f4   Code   RO         6998    i.xPortStartScheduler  port.o
    0x080078fc   0x080078fc   0x00000064   Code   RO         6261    i.xTaskCreate       tasks.o
    0x08007960   0x08007960   0x0000005c   Code   RO         6262    i.xTaskCreateStatic  tasks.o
    0x080079bc   0x080079bc   0x000000d0   Code   RO         6269    i.xTaskIncrementTick  tasks.o
    0x08007a8c   0x08007a8c   0x000000cc   Code   RO         6275    i.xTaskResumeAll    tasks.o
    0x08007b58   0x08007b58   0x00000018   Code   RO         8915    x$fpl$basic         fz_wm.l(basic.o)
    0x08007b70   0x08007b70   0x00000062   Code   RO         8917    x$fpl$d2f           fz_wm.l(d2f.o)
    0x08007bd2   0x08007bd2   0x00000002   PAD
    0x08007bd4   0x08007bd4   0x00000150   Code   RO         8919    x$fpl$dadd          fz_wm.l(daddsub_clz.o)
    0x08007d24   0x08007d24   0x000002b0   Code   RO         8926    x$fpl$ddiv          fz_wm.l(ddiv.o)
    0x08007fd4   0x08007fd4   0x00000154   Code   RO         8939    x$fpl$dmul          fz_wm.l(dmul.o)
    0x08008128   0x08008128   0x0000009c   Code   RO         9088    x$fpl$dnaninf       fz_wm.l(dnaninf.o)
    0x080081c4   0x080081c4   0x0000000c   Code   RO         9090    x$fpl$dretinf       fz_wm.l(dretinf.o)
    0x080081d0   0x080081d0   0x00000016   Code   RO         8920    x$fpl$drsb          fz_wm.l(daddsub_clz.o)
    0x080081e6   0x080081e6   0x00000002   PAD
    0x080081e8   0x080081e8   0x00000198   Code   RO         9092    x$fpl$dsqrt         fz_wm.l(dsqrt_umaal.o)
    0x08008380   0x08008380   0x000001d4   Code   RO         8921    x$fpl$dsub          fz_wm.l(daddsub_clz.o)
    0x08008554   0x08008554   0x00000056   Code   RO         8943    x$fpl$f2d           fz_wm.l(f2d.o)
    0x080085aa   0x080085aa   0x0000008c   Code   RO         9094    x$fpl$fnaninf       fz_wm.l(fnaninf.o)
    0x08008636   0x08008636   0x0000000a   Code   RO         9265    x$fpl$fpinit        fz_wm.l(fpinit.o)
    0x08008640   0x08008640   0x0000000a   Code   RO         9096    x$fpl$fretinf       fz_wm.l(fretinf.o)
    0x0800864a   0x0800864a   0x00000000   Code   RO         9102    x$fpl$usenofp       fz_wm.l(usenofp.o)
    0x0800864a   0x0800864a   0x00000002   PAD
    0x0800864c   0x0800864c   0x00000070   Data   RO          301    .constdata          freertos.o
    0x080086bc   0x080086bc   0x00000008   Data   RO         1512    .constdata          stm32f4xx_hal_dma.o
    0x080086c4   0x080086c4   0x00000010   Data   RO         3857    .constdata          system_stm32f4xx.o
    0x080086d4   0x080086d4   0x00000008   Data   RO         3858    .constdata          system_stm32f4xx.o
    0x080086dc   0x080086dc   0x00000070   Data   RO         4735    .constdata          fastmathfunctions.o
    0x0800874c   0x0800874c   0x00000100   Data   RO         8774    .constdata          crc8.o
    0x0800884c   0x0800884c   0x00000200   Data   RO         8816    .constdata          crc16.o
    0x08008a4c   0x08008a4c   0x00000004   PAD
    0x08008a50   0x08008a50   0x00000050   Data   RO         8952    .constdata          m_wm.l(asin.o)
    0x08008aa0   0x08008aa0   0x00000098   Data   RO         9106    .constdata          m_wm.l(atan.o)
    0x08008b38   0x08008b38   0x00000008   Data   RO         9151    .constdata          m_wm.l(qnan.o)
    0x08008b40   0x08008b40   0x00000030   Data   RO          302    .conststring        freertos.o
    0x08008b70   0x08008b70   0x00000020   Data   RO         9321    Region$$Table       anon$$obj.o


    Execution Region RW_IRAM1 (Exec base: 0x20000000, Load base: 0x08008b90, Size: 0x00005790, Max: 0x0001c000, ABSOLUTE, COMPRESSED[0x000001a4])

    Exec Addr    Load Addr    Size         Type   Attr      Idx    E Section Name        Object

    0x20000000   COMPRESSED   0x00000010   Data   RW          303    .data               freertos.o
    0x20000010   COMPRESSED   0x0000000c   Data   RW         1945    .data               stm32f4xx_hal.o
    0x2000001c   COMPRESSED   0x00000004   Data   RW         3859    .data               system_stm32f4xx.o
    0x20000020   COMPRESSED   0x0000003c   Data   RW         6278    .data               tasks.o
    0x2000005c   COMPRESSED   0x00000020   Data   RW         6931    .data               heap_4.o
    0x2000007c   COMPRESSED   0x0000000c   Data   RW         6999    .data               port.o
    0x20000088   COMPRESSED   0x000000a0   Data   RW         7072    .data               bmi.o
    0x20000128   COMPRESSED   0x0000000c   Data   RW         7124    .data               imu.o
    0x20000134   COMPRESSED   0x00000002   Data   RW         7125    .data               imu.o
    0x20000136   COMPRESSED   0x00000002   PAD
    0x20000138   COMPRESSED   0x00000004   Data   RW         7126    .data               imu.o
    0x2000013c   COMPRESSED   0x0000002c   Data   RW         7281    .data               bmi088driver.o
    0x20000168   COMPRESSED   0x00000004   Data   RW         7353    .data               bmi088middleware.o
    0x2000016c   COMPRESSED   0x00000004   Data   RW         7428    .data               drv_haltick.o
    0x20000170   COMPRESSED   0x00000008   Data   RW         7614    .data               config_can.o
    0x20000178   COMPRESSED   0x00000002   Data   RW         7755    .data               remote.o
    0x2000017a   COMPRESSED   0x00000002   PAD
    0x2000017c   COMPRESSED   0x00000008   Data   RW         7756    .data               remote.o
    0x20000184   COMPRESSED   0x00000004   Data   RW         7757    .data               remote.o
    0x20000188   COMPRESSED   0x00000010   Data   RW         7835    .data               sd_motor.o
    0x20000198   COMPRESSED   0x00000060   Data   RW         7836    .data               sd_motor.o
    0x200001f8   COMPRESSED   0x00000010   Data   RW         7837    .data               sd_motor.o
    0x20000208   COMPRESSED   0x000005a0   Data   RW         7879    .data               wheel_motor.o
    0x200007a8   COMPRESSED   0x00000120   Data   RW         7914    .data               lqr.o
    0x200008c8   COMPRESSED   0x00000028   Data   RW         8426    .data               my_joint.o
    0x200008f0   COMPRESSED   0x00000040   Data   RW         8428    .data               my_joint.o
    0x20000930   COMPRESSED   0x00000040   Data   RW         8429    .data               my_joint.o
    0x20000970   COMPRESSED   0x00000040   Data   RW         8430    .data               my_joint.o
    0x200009b0   COMPRESSED   0x00000040   Data   RW         8431    .data               my_joint.o
    0x200009f0   COMPRESSED   0x00000040   Data   RW         8432    .data               my_joint.o
    0x20000a30   COMPRESSED   0x00000040   Data   RW         8433    .data               my_joint.o
    0x20000a70   COMPRESSED   0x00000004   Data   RW         8516    .data               my_posture.o
    0x20000a74   COMPRESSED   0x00000014   Data   RW         8565    .data               my_robot.o
    0x20000a88   COMPRESSED   0x00000008   Data   RW         8567    .data               my_robot.o
    0x20000a90   COMPRESSED   0x00000010   Data   RW         8712    .data               my_task.o
    0x20000aa0   COMPRESSED   0x00000002   Data   RW         8817    .data               crc16.o
    0x20000aa2   COMPRESSED   0x00000009   Data   RW         8856    .data               vision_protocol.o
    0x20000aab   COMPRESSED   0x00000001   PAD
    0x20000aac        -       0x00000254   Zero   RW          300    .bss                freertos.o
    0x20000d00        -       0x00000028   Zero   RW          365    .bss                can.o
    0x20000d28        -       0x00000118   Zero   RW          431    .bss                spi.o
    0x20000e40        -       0x00000048   Zero   RW          474    .bss                tim.o
    0x20000e88        -       0x000001f8   Zero   RW          523    .bss                usart.o
    0x20001080        -       0x00000048   Zero   RW          723    .bss                stm32f4xx_hal_timebase_tim.o
    0x200010c8        -       0x000000f0   Zero   RW         6277    .bss                tasks.o
    0x200011b8        -       0x00003c00   Zero   RW         6930    .bss                heap_4.o
    0x20004db8        -       0x00000014   Zero   RW         7118    .bss                imu.o
    0x20004dcc        -       0x00000070   Zero   RW         7119    .bss                imu.o
    0x20004e3c        -       0x00000018   Zero   RW         7120    .bss                imu.o
    0x20004e54        -       0x00000048   Zero   RW         7167    .bss                imu_pwm.o
    0x20004e9c        -       0x00000024   Zero   RW         7472    .bss                drv_can.o
    0x20004ec0        -       0x000000a2   Zero   RW         7533    .bss                drv_uart.o
    0x20004f62        -       0x00000039   Zero   RW         7659    .bss                config_uart.o
    0x20004f9b   COMPRESSED   0x00000001   PAD
    0x20004f9c        -       0x00000014   Zero   RW         7754    .bss                remote.o
    0x20004fb0        -       0x00000030   Zero   RW         7829    .bss                sd_motor.o
    0x20004fe0        -       0x00000018   Zero   RW         7830    .bss                sd_motor.o
    0x20004ff8        -       0x0000000c   Zero   RW         7831    .bss                sd_motor.o
    0x20005004        -       0x00000030   Zero   RW         7832    .bss                sd_motor.o
    0x20005034        -       0x00000018   Zero   RW         7833    .bss                sd_motor.o
    0x2000504c        -       0x0000000c   Zero   RW         7834    .bss                sd_motor.o
    0x20005058        -       0x0000000c   Zero   RW         8422    .bss                my_joint.o
    0x20005064        -       0x0000000c   Zero   RW         8423    .bss                my_joint.o
    0x20005070        -       0x0000000c   Zero   RW         8424    .bss                my_joint.o
    0x2000507c        -       0x0000000c   Zero   RW         8425    .bss                my_joint.o
    0x20005088        -       0x00000018   Zero   RW         8515    .bss                my_posture.o
    0x200050a0        -       0x00000020   Zero   RW         8563    .bss                my_robot.o
    0x200050c0        -       0x00000010   Zero   RW         8564    .bss                my_robot.o
    0x200050d0        -       0x0000002c   Zero   RW         8675    .bss                my_state_var.o
    0x200050fc        -       0x00000031   Zero   RW         8855    .bss                vision_protocol.o
    0x2000512d   COMPRESSED   0x00000003   PAD
    0x20005130        -       0x00000060   Zero   RW         9177    .bss                c_w.l(libspace.o)
    0x20005190        -       0x00000200   Zero   RW            2    HEAP                startup_stm32f407xx.o
    0x20005390        -       0x00000400   Zero   RW            1    STACK               startup_stm32f407xx.o


    Execution Region RW_IRAM2 (Exec base: 0x2001c000, Load base: 0x08008d34, Size: 0x00000000, Max: 0x00004000, ABSOLUTE)

    **** No section assigned to this execution region ****


==============================================================================

Image component sizes


      Code (inc. data)   RO Data    RW Data    ZI Data      Debug   Object Name

         0          0          0          0          0       1960   basicmathfunctions.o
      1340         38          0        160          0       4075   bmi.o
       936         16          0         44          0       6810   bmi088driver.o
       182         34          0          4          0       5813   bmi088middleware.o
       192         24          0          0         40       1741   can.o
       126          0          0          0          0      23163   cmsis_os.o
       100         16          0          8          0       1647   config_can.o
       176         10          0          0         57       1943   config_uart.o
       156         14        512          2          0       2906   crc16.o
       110          4        256          0          0       2754   crc8.o
        24          4          0          0          0        529   dev_all.o
       352          6          0          0          0       1871   dji_pid.o
       124          4          0          0          0        866   dma.o
       254         28          0          0         36       4075   drv_can.o
        44          4          0          4          0        839   drv_haltick.o
      1120         58          0          0        162       6571   drv_uart.o
         0          0          0          0          0      16924   event_groups.o
       552         28        112          0          0       9651   fastmathfunctions.o
       132         12        160         16        596       2831   freertos.o
       260         16          0          0          0       1139   gpio.o
       480         26          0         32      15360       7631   heap_4.o
       276         14          0         18        156       3359   imu.o
        72         16          0          0         72       2586   imu_pwm.o
      1414        120          0          0          0      11121   ktech_motor.o
       138          0          0          0          0       3634   list.o
         0          0          0        288          0        690   lqr.o
       240          8          0          0          0     750360   main.o
        10          0          0          0          0        626   math_support.o
      1920         94          0          0          0      21664   motor.o
       820        102          0        424         48       7541   my_joint.o
       180         30          0          4         24       1438   my_posture.o
      1298        158          0         28         48      10644   my_robot.o
       216         38          0          0         44       1945   my_state_var.o
       120         20          0         16          0       2057   my_task.o
       228          6          0          0          0       1194   pid.o
       702         74          0         12          0      11184   port.o
       260         10          0         14         20       5966   remote.o
        72         12          0        128        168       2181   sd_motor.o
       344         32          0          0        280       1971   spi.o
        64         26        392          0       1536        852   startup_stm32f407xx.o
        80         14          0         12          0       8158   stm32f4xx_hal.o
      1766          6          0          0          0      14927   stm32f4xx_hal_can.o
       158         14          0          0          0      33174   stm32f4xx_hal_cortex.o
      1170         14          8          0          0       7626   stm32f4xx_hal_dma.o
       504         50          0          0          0       3564   stm32f4xx_hal_gpio.o
        56          4          0          0          0        882   stm32f4xx_hal_msp.o
      1536         88          0          0          0       7093   stm32f4xx_hal_rcc.o
      1004         14          0          0          0       4905   stm32f4xx_hal_spi.o
      1462        112          0          0          0      11736   stm32f4xx_hal_tim.o
         4          0          0          0          0       1637   stm32f4xx_hal_tim_ex.o
       152         18          0          0         72       1591   stm32f4xx_hal_timebase_tim.o
      1668         28          0          0          0      13894   stm32f4xx_hal_uart.o
       156         54          0          0          0       8315   stm32f4xx_it.o
        16          4         24          4          0       1163   system_stm32f4xx.o
      1616        120          0         60        240      20997   tasks.o
       224         32          0          0         72       2350   tim.o
       688         76          0          0        504       3557   usart.o
       124         16          0          9         49       2759   vision_protocol.o
        64         12          0       1440          0       1675   wheel_motor.o

    ----------------------------------------------------------------------
     27544       1778       1500       2732      19588    1096755   Object Totals
         0          0         32          0          0          0   (incl. Generated)
        62          0          4          5          4          0   (incl. Padding)

    ----------------------------------------------------------------------

      Code (inc. data)   RO Data    RW Data    ZI Data      Debug   Library Member Name

        90          0          0          0          0          0   __dczerorl2.o
         8          0          0          0          0         68   __main.o
         0          0          0          0          0          0   __rtentry.o
        12          0          0          0          0          0   __rtentry2.o
         6          0          0          0          0          0   __rtentry4.o
        52          8          0          0          0          0   __scatter.o
        28          0          0          0          0          0   __scatter_zi.o
        22          0          0          0          0        100   _rserrno.o
        18          0          0          0          0         80   exit.o
         6          0          0          0          0        152   heapauxi.o
         0          0          0          0          0          0   indicate_semi.o
         2          0          0          0          0          0   libinit.o
         6          0          0          0          0          0   libinit2.o
         2          0          0          0          0          0   libshutdown.o
         2          0          0          0          0          0   libshutdown2.o
         8          4          0          0         96         68   libspace.o
       238          0          0          0          0        100   lludivv7m.o
         8          4          0          0          0         68   rt_errno_addr_intlibspace.o
        68          0          0          0          0         68   rt_memclr.o
        78          0          0          0          0         80   rt_memclr_w.o
       138          0          0          0          0         68   rt_memcpy_v6.o
       100          0          0          0          0         80   rt_memcpy_w.o
         2          0          0          0          0          0   rtexit.o
        10          0          0          0          0          0   rtexit2.o
        12          4          0          0          0         68   sys_exit.o
        74          0          0          0          0         80   sys_stackheap_outer.o
         2          0          0          0          0         68   use_no_semi.o
        24          0          0          0          0        164   basic.o
        98          4          0          0          0        140   d2f.o
       826         16          0          0          0        492   daddsub_clz.o
       688        140          0          0          0        256   ddiv.o
       340         12          0          0          0        152   dmul.o
       156          4          0          0          0        140   dnaninf.o
        12          0          0          0          0        116   dretinf.o
       408         56          0          0          0        168   dsqrt_umaal.o
        86          4          0          0          0        132   f2d.o
       140          4          0          0          0        132   fnaninf.o
        10          0          0          0          0        116   fpinit.o
        10          0          0          0          0        116   fretinf.o
         0          0          0          0          0          0   usenofp.o
       864         94         80          0          0        280   asin.o
       744        106        152          0          0        352   atan.o
       496         64          0          0          0        192   atan2.o
       104         16          0          0          0        496   dunder.o
        24          0          0          0          0        124   fabs.o
        48          0          0          0          0        124   fpclassify.o
       248          0          0          0          0        152   poly.o
         0          0          8          0          0          0   qnan.o
       110          0          0          0          0        148   sqrt.o

    ----------------------------------------------------------------------
      6444        540        240          0         96       5140   Library Totals
        16          0          0          0          0          0   (incl. Padding)

    ----------------------------------------------------------------------

      Code (inc. data)   RO Data    RW Data    ZI Data      Debug   Library Name

       992         20          0          0         96       1148   c_w.l
      2798        240          0          0          0       2124   fz_wm.l
      2638        280        240          0          0       1868   m_wm.l

    ----------------------------------------------------------------------
      6444        540        240          0         96       5140   Library Totals

    ----------------------------------------------------------------------

==============================================================================


      Code (inc. data)   RO Data    RW Data    ZI Data      Debug   

     33988       2318       1740       2732      19684    1071775   Grand Totals
     33988       2318       1740        420      19684    1071775   ELF Image Totals (compressed)
     33988       2318       1740        420          0          0   ROM Totals

==============================================================================

    Total RO  Size (Code + RO Data)                35728 (  34.89kB)
    Total RW  Size (RW Data + ZI Data)             22416 (  21.89kB)
    Total ROM Size (Code + RO Data + RW Data)      36148 (  35.30kB)

==============================================================================

