Component: ARM Compiler 5.06 update 2 (build 183) Tool: armlink [4d35b7]

==============================================================================

Section Cross References

    startup_stm32f407xx.o(STACK) refers (Special) to heapauxi.o(.text) for __use_two_region_memory
    startup_stm32f407xx.o(HEAP) refers (Special) to heapauxi.o(.text) for __use_two_region_memory
    startup_stm32f407xx.o(RESET) refers (Special) to heapauxi.o(.text) for __use_two_region_memory
    startup_stm32f407xx.o(RESET) refers to startup_stm32f407xx.o(STACK) for __initial_sp
    startup_stm32f407xx.o(RESET) refers to startup_stm32f407xx.o(.text) for Reset_Handler
    startup_stm32f407xx.o(RESET) refers to stm32f4xx_it.o(i.NMI_Handler) for NMI_Handler
    startup_stm32f407xx.o(RESET) refers to stm32f4xx_it.o(i.HardFault_Handler) for HardFault_Handler
    startup_stm32f407xx.o(RESET) refers to stm32f4xx_it.o(i.MemManage_Handler) for MemManage_Handler
    startup_stm32f407xx.o(RESET) refers to stm32f4xx_it.o(i.BusFault_Handler) for BusFault_Handler
    startup_stm32f407xx.o(RESET) refers to stm32f4xx_it.o(i.UsageFault_Handler) for UsageFault_Handler
    startup_stm32f407xx.o(RESET) refers to port.o(.emb_text) for SVC_Handler
    startup_stm32f407xx.o(RESET) refers to stm32f4xx_it.o(i.DebugMon_Handler) for DebugMon_Handler
    startup_stm32f407xx.o(RESET) refers to port.o(i.SysTick_Handler) for SysTick_Handler
    startup_stm32f407xx.o(RESET) refers to stm32f4xx_it.o(i.EXTI4_IRQHandler) for EXTI4_IRQHandler
    startup_stm32f407xx.o(RESET) refers to stm32f4xx_it.o(i.CAN1_RX0_IRQHandler) for CAN1_RX0_IRQHandler
    startup_stm32f407xx.o(RESET) refers to stm32f4xx_it.o(i.EXTI9_5_IRQHandler) for EXTI9_5_IRQHandler
    startup_stm32f407xx.o(RESET) refers to stm32f4xx_it.o(i.TIM2_IRQHandler) for TIM2_IRQHandler
    startup_stm32f407xx.o(.text) refers (Special) to heapauxi.o(.text) for __use_two_region_memory
    startup_stm32f407xx.o(.text) refers to system_stm32f4xx.o(i.SystemInit) for SystemInit
    startup_stm32f407xx.o(.text) refers to __main.o(!!!main) for __main
    startup_stm32f407xx.o(.text) refers to startup_stm32f407xx.o(HEAP) for Heap_Mem
    startup_stm32f407xx.o(.text) refers to startup_stm32f407xx.o(STACK) for Stack_Mem
    main.o(i.HAL_TIM_PeriodElapsedCallback) refers to stm32f4xx_hal.o(i.HAL_IncTick) for HAL_IncTick
    main.o(i.SystemClock_Config) refers to rt_memclr_w.o(.text) for __aeabi_memclr4
    main.o(i.SystemClock_Config) refers to stm32f4xx_hal_rcc.o(i.HAL_RCC_OscConfig) for HAL_RCC_OscConfig
    main.o(i.SystemClock_Config) refers to main.o(i.Error_Handler) for Error_Handler
    main.o(i.SystemClock_Config) refers to stm32f4xx_hal_rcc.o(i.HAL_RCC_ClockConfig) for HAL_RCC_ClockConfig
    main.o(i.main) refers to stm32f4xx_hal.o(i.HAL_Init) for HAL_Init
    main.o(i.main) refers to main.o(i.SystemClock_Config) for SystemClock_Config
    main.o(i.main) refers to gpio.o(i.MX_GPIO_Init) for MX_GPIO_Init
    main.o(i.main) refers to dma.o(i.MX_DMA_Init) for MX_DMA_Init
    main.o(i.main) refers to spi.o(i.MX_SPI1_Init) for MX_SPI1_Init
    main.o(i.main) refers to tim.o(i.MX_TIM10_Init) for MX_TIM10_Init
    main.o(i.main) refers to can.o(i.MX_CAN1_Init) for MX_CAN1_Init
    main.o(i.main) refers to drv_can.o(i.CAN1_Init) for CAN1_Init
    main.o(i.main) refers to dev_all.o(i.My_Device_Init) for My_Device_Init
    main.o(i.main) refers to freertos.o(i.MX_FREERTOS_Init) for MX_FREERTOS_Init
    main.o(i.main) refers to cmsis_os.o(i.osKernelStart) for osKernelStart
    gpio.o(i.MX_GPIO_Init) refers to rt_memclr_w.o(.text) for __aeabi_memclr4
    gpio.o(i.MX_GPIO_Init) refers to stm32f4xx_hal_gpio.o(i.HAL_GPIO_WritePin) for HAL_GPIO_WritePin
    gpio.o(i.MX_GPIO_Init) refers to stm32f4xx_hal_gpio.o(i.HAL_GPIO_Init) for HAL_GPIO_Init
    gpio.o(i.MX_GPIO_Init) refers to stm32f4xx_hal_cortex.o(i.HAL_NVIC_SetPriority) for HAL_NVIC_SetPriority
    gpio.o(i.MX_GPIO_Init) refers to stm32f4xx_hal_cortex.o(i.HAL_NVIC_EnableIRQ) for HAL_NVIC_EnableIRQ
    freertos.o(i.MX_FREERTOS_Init) refers to rt_memcpy_w.o(.text) for __aeabi_memcpy4
    freertos.o(i.MX_FREERTOS_Init) refers to cmsis_os.o(i.osThreadCreate) for osThreadCreate
    freertos.o(i.MX_FREERTOS_Init) refers to freertos.o(.constdata) for .constdata
    freertos.o(i.MX_FREERTOS_Init) refers to freertos.o(.data) for TEMPHandle
    freertos.o(i.imu_temp_control_task) refers to cmsis_os.o(i.osDelay) for osDelay
    freertos.o(i.my_control) refers to cmsis_os.o(i.osDelay) for osDelay
    freertos.o(i.vApplicationGetIdleTaskMemory) refers to freertos.o(.bss) for xIdleTaskTCBBuffer
    freertos.o(.constdata) refers to freertos.o(.conststring) for .conststring
    freertos.o(.constdata) refers to imu_temp_control_task.o(i.imu_temp_control_task) for imu_temp_control_task
    freertos.o(.constdata) refers to my_task.o(i.my_control) for my_control
[...]
    i.prvInsertBlockIntoFreeList             0x08004b50   Section        0  heap_4.o(i.prvInsertBlockIntoFreeList)
    prvInsertBlockIntoFreeList               0x08004b51   Thumb Code    84  heap_4.o(i.prvInsertBlockIntoFreeList)
    i.prvResetNextTaskUnblockTime            0x08004bac   Section        0  tasks.o(i.prvResetNextTaskUnblockTime)
    prvResetNextTaskUnblockTime              0x08004bad   Thumb Code    30  tasks.o(i.prvResetNextTaskUnblockTime)
    i.prvSearchForNameWithinSingleList       0x08004bd0   Section        0  tasks.o(i.prvSearchForNameWithinSingleList)
    prvSearchForNameWithinSingleList         0x08004bd1   Thumb Code   110  tasks.o(i.prvSearchForNameWithinSingleList)
    i.prvTaskExitError                       0x08004c40   Section        0  port.o(i.prvTaskExitError)
    prvTaskExitError                         0x08004c41   Thumb Code    42  port.o(i.prvTaskExitError)
    i.pvPortMalloc                           0x08004c70   Section        0  heap_4.o(i.pvPortMalloc)
    i.pxPortInitialiseStack                  0x08004d58   Section        0  port.o(i.pxPortInitialiseStack)
    i.ulTaskNotifyTake                       0x08004d84   Section        0  tasks.o(i.ulTaskNotifyTake)
    i.uxListRemove                           0x08004dec   Section        0  list.o(i.uxListRemove)
    i.vApplicationGetIdleTaskMemory          0x08004e14   Section        0  freertos.o(i.vApplicationGetIdleTaskMemory)
    i.vListInitialise                        0x08004e2c   Section        0  list.o(i.vListInitialise)
    i.vListInitialiseItem                    0x08004e42   Section        0  list.o(i.vListInitialiseItem)
    i.vListInsert                            0x08004e48   Section        0  list.o(i.vListInsert)
    i.vListInsertEnd                         0x08004e7e   Section        0  list.o(i.vListInsertEnd)
    i.vPortEnterCritical                     0x08004e98   Section        0  port.o(i.vPortEnterCritical)
    i.vPortExitCritical                      0x08004ed8   Section        0  port.o(i.vPortExitCritical)
    i.vPortFree                              0x08004f04   Section        0  heap_4.o(i.vPortFree)
    i.vPortSetupTimerInterrupt               0x08004f68   Section        0  port.o(i.vPortSetupTimerInterrupt)
    i.vPortValidateInterruptPriority         0x08004f8c   Section        0  port.o(i.vPortValidateInterruptPriority)
    i.vTaskDelay                             0x08004fe0   Section        0  tasks.o(i.vTaskDelay)
    i.vTaskNotifyGiveFromISR                 0x08005030   Section        0  tasks.o(i.vTaskNotifyGiveFromISR)
    i.vTaskStartScheduler                    0x080050ec   Section        0  tasks.o(i.vTaskStartScheduler)
    i.vTaskSuspendAll                        0x08005174   Section        0  tasks.o(i.vTaskSuspendAll)
    i.vTaskSwitchContext                     0x08005184   Section        0  tasks.o(i.vTaskSwitchContext)
    i.xPortStartScheduler                    0x080051e4   Section        0  port.o(i.xPortStartScheduler)
    i.xTaskCreate                            0x080052e8   Section        0  tasks.o(i.xTaskCreate)
    i.xTaskCreateStatic                      0x08005354   Section        0  tasks.o(i.xTaskCreateStatic)
    i.xTaskGetHandle                         0x080053b4   Section        0  tasks.o(i.xTaskGetHandle)
    i.xTaskGetSchedulerState                 0x08005440   Section        0  tasks.o(i.xTaskGetSchedulerState)
    i.xTaskIncrementTick                     0x0800545c   Section        0  tasks.o(i.xTaskIncrementTick)
    i.xTaskResumeAll                         0x08005530   Section        0  tasks.o(i.xTaskResumeAll)
    x$fpl$fpinit                             0x080055fc   Section       10  fpinit.o(x$fpl$fpinit)
    $v0                                      0x080055fc   Number         0  fpinit.o(x$fpl$fpinit)
    .constdata                               0x08005608   Section       56  freertos.o(.constdata)
    .constdata                               0x08005640   Section       24  system_stm32f4xx.o(.constdata)
    .constdata                               0x08005658   Section       12  imu_temp_control_task.o(.constdata)
    .constdata                               0x08005664   Section        8  stm32f4xx_hal_dma.o(.constdata)
    flagBitshiftOffset                       0x08005664   Data           8  stm32f4xx_hal_dma.o(.constdata)
    .conststring                             0x0800566c   Section       13  freertos.o(.conststring)
    .data                                    0x20000000   Section        8  freertos.o(.data)
    .data                                    0x20000008   Section        4  system_stm32f4xx.o(.data)
    .data                                    0x2000000c   Section       16  imu_temp_control_task.o(.data)
    xHigherPriorityTaskWoken                 0x20000018   Data           4  imu_temp_control_task.o(.data)
    .data                                    0x2000001c   Section       44  bmi088driver.o(.data)
    write_BMI088_accel_reg_data_error        0x20000024   Data          18  bmi088driver.o(.data)
    write_BMI088_gyro_reg_data_error         0x20000036   Data          18  bmi088driver.o(.data)
    .data                                    0x20000048   Section       12  stm32f4xx_hal.o(.data)
    .data                                    0x20000054   Section       60  tasks.o(.data)
    uxDeletedTasksWaitingCleanUp             0x20000058   Data           4  tasks.o(.data)
    uxCurrentNumberOfTasks                   0x2000005c   Data           4  tasks.o(.data)
    xTickCount                               0x20000060   Data           4  tasks.o(.data)
    uxTopReadyPriority                       0x20000064   Data           4  tasks.o(.data)
    xSchedulerRunning                        0x20000068   Data           4  tasks.o(.data)
    xPendedTicks                             0x2000006c   Data           4  tasks.o(.data)
    xYieldPending                            0x20000070   Data           4  tasks.o(.data)
    xNumOfOverflows                          0x20000074   Data           4  tasks.o(.data)
    uxTaskNumber                             0x20000078   Data           4  tasks.o(.data)
    xNextTaskUnblockTime                     0x2000007c   Data           4  tasks.o(.data)
    xIdleTaskHandle                          0x20000080   Data           4  tasks.o(.data)
    uxSchedulerSuspended                     0x20000084   Data           4  tasks.o(.data)
    pxDelayedTaskList                        0x20000088   Data           4  tasks.o(.data)
    pxOverflowDelayedTaskList                0x2000008c   Data           4  tasks.o(.data)
    .data                                    0x20000090   Section       32  heap_4.o(.data)
    pxEnd                                    0x20000090   Data           4  heap_4.o(.data)
    xFreeBytesRemaining                      0x20000094   Data           4  heap_4.o(.data)
    xMinimumEverFreeBytesRemaining           0x20000098   Data           4  heap_4.o(.data)
    xNumberOfSuccessfulAllocations           0x2000009c   Data           4  heap_4.o(.data)
    xNumberOfSuccessfulFrees                 0x200000a0   Data           4  heap_4.o(.data)
    xBlockAllocatedBit                       0x200000a4   Data           4  heap_4.o(.data)
    xStart                                   0x200000a8   Data           8  heap_4.o(.data)
    .data                                    0x200000b0   Section       12  port.o(.data)
    ucMaxSysCallPriority                     0x200000b0   Data           1  port.o(.data)
    uxCriticalNesting                        0x200000b4   Data           4  port.o(.data)
    ulMaxPRIGROUPValue                       0x200000b8   Data           4  port.o(.data)
    .data                                    0x200000bc   Section     1440  wheel_motor.o(.data)
    .data                                    0x2000065c   Section      128  sd_motor.o(.data)
    .bss                                     0x200006dc   Section      596  freertos.o(.bss)
    xIdleTaskTCBBuffer                       0x200006dc   Data          84  freertos.o(.bss)
    xIdleStack                               0x20000730   Data         512  freertos.o(.bss)
    .bss                                     0x20000930   Section       40  can.o(.bss)
    .bss                                     0x20000958   Section      280  spi.o(.bss)
    .bss                                     0x20000a70   Section       72  tim.o(.bss)
    .bss                                     0x20000ab8   Section       72  stm32f4xx_hal_timebase_tim.o(.bss)
    .bss                                     0x20000b00   Section       96  imu_temp_control_task.o(.bss)
    .bss                                     0x20000b60   Section       72  drv_can.o(.bss)
    .bss                                     0x20000ba8   Section      240  tasks.o(.bss)
    pxReadyTasksLists                        0x20000ba8   Data         140  tasks.o(.bss)
    xDelayedTaskList1                        0x20000c34   Data          20  tasks.o(.bss)
    xDelayedTaskList2                        0x20000c48   Data          20  tasks.o(.bss)
    xPendingReadyList                        0x20000c5c   Data          20  tasks.o(.bss)
    xTasksWaitingTermination                 0x20000c70   Data          20  tasks.o(.bss)
    xSuspendedTaskList                       0x20000c84   Data          20  tasks.o(.bss)
    .bss                                     0x20000c98   Section    15360  heap_4.o(.bss)
    ucHeap                                   0x20000c98   Data       15360  heap_4.o(.bss)
    .bss                                     0x20004898   Section      168  sd_motor.o(.bss)
    .bss                                     0x20004940   Section       96  libspace.o(.bss)
    HEAP                                     0x200049a0   Section     8192  startup_stm32f407xx.o(HEAP)
    Heap_Mem                                 0x200049a0   Data        8192  startup_stm32f407xx.o(HEAP)
    STACK                                    0x200069a0   Section     8192  startup_stm32f407xx.o(STACK)
    Stack_Mem                                0x200069a0   Data        8192  startup_stm32f407xx.o(STACK)
    __initial_sp                             0x200089a0   Data           0  startup_stm32f407xx.o(STACK)

    Global Symbols

    Symbol Name                              Value     Ov Type        Size  Object(Section)

    BuildAttributes$$THM_ISAv4$E$P$D$K$B$S$7EM$VFPi3$EXTD16$VFPS$VFMA$PE$A:L22UL41UL21$X:L11$S22US41US21$IEEE1$IW$USESV6$~STKCKD$USESV7$~SHL$OTIME$ROPI$EBA8$UX$STANDARDLIB$REQ8$PRES8$EABIv2 0x00000000   Number         0  anon$$obj.o ABSOLUTE
    __ARM_use_no_argv                        0x00000000   Number         0  main.o ABSOLUTE
    __ARM_exceptions_init                     - Undefined Weak Reference
    __alloca_initialize                       - Undefined Weak Reference
    __arm_preinit_                            - Undefined Weak Reference
    __cpp_initialize__aeabi_                  - Undefined Weak Reference
    __cxa_finalize                            - Undefined Weak Reference
    __rt_locale                               - Undefined Weak Reference
    __sigvec_lookup                           - Undefined Weak Reference
    _atexit_init                              - Undefined Weak Reference
    _call_atexit_fns                          - Undefined Weak Reference
    _clock_init                               - Undefined Weak Reference
    _fp_trap_init                             - Undefined Weak Reference
    _fp_trap_shutdown                         - Undefined Weak Reference
    _get_lc_collate                           - Undefined Weak Reference
    _get_lc_ctype                             - Undefined Weak Reference
    _get_lc_monetary                          - Undefined Weak Reference
    _get_lc_numeric                           - Undefined Weak Reference
    _get_lc_time                              - Undefined Weak Reference
    _getenv_init                              - Undefined Weak Reference
    _handle_redirection                       - Undefined Weak Reference
    _init_alloc                               - Undefined Weak Reference
    _init_user_alloc                          - Undefined Weak Reference
    _initio                                   - Undefined Weak Reference
    _rand_init                                - Undefined Weak Reference
    _signal_finish                            - Undefined Weak Reference
    _signal_init                              - Undefined Weak Reference
    _terminate_alloc                          - Undefined Weak Reference
    _terminate_user_alloc                     - Undefined Weak Reference
    _terminateio                              - Undefined Weak Reference
    __Vectors_Size                           0x00000188   Number         0  startup_stm32f407xx.o ABSOLUTE
    __Vectors                                0x08000000   Data           4  startup_stm32f407xx.o(RESET)
    __Vectors_End                            0x08000188   Data           0  startup_stm32f407xx.o(RESET)
    __main                                   0x08000189   Thumb Code     8  __main.o(!!!main)
    __scatterload                            0x08000191   Thumb Code     0  __scatter.o(!!!scatter)
    __scatterload_rt2                        0x08000191   Thumb Code    44  __scatter.o(!!!scatter)
    __scatterload_rt2_thumb_only             0x08000191   Thumb Code     0  __scatter.o(!!!scatter)
    __scatterload_null                       0x0800019f   Thumb Code     0  __scatter.o(!!!scatter)
    __decompress                             0x080001c5   Thumb Code    90  __dczerorl2.o(!!dczerorl2)
    __decompress1                            0x080001c5   Thumb Code     0  __dczerorl2.o(!!dczerorl2)
    __scatterload_zeroinit                   0x08000221   Thumb Code    28  __scatter_zi.o(!!handler_zi)
    __rt_lib_init                            0x0800023d   Thumb Code     0  libinit.o(.ARM.Collect$$libinit$$00000000)
    __rt_lib_init_fp_1                       0x0800023f   Thumb Code     0  libinit2.o(.ARM.Collect$$libinit$$00000001)
    __rt_lib_init_alloca_1                   0x08000243   Thumb Code     0  libinit2.o(.ARM.Collect$$libinit$$0000002E)
    __rt_lib_init_argv_1                     0x08000243   Thumb Code     0  libinit2.o(.ARM.Collect$$libinit$$0000002C)
    __rt_lib_init_atexit_1                   0x08000243   Thumb Code     0  libinit2.o(.ARM.Collect$$libinit$$0000001B)
    __rt_lib_init_clock_1                    0x08000243   Thumb Code     0  libinit2.o(.ARM.Collect$$libinit$$00000021)
    __rt_lib_init_cpp_1                      0x08000243   Thumb Code     0  libinit2.o(.ARM.Collect$$libinit$$00000032)
    __rt_lib_init_exceptions_1               0x08000243   Thumb Code     0  libinit2.o(.ARM.Collect$$libinit$$00000030)
    __rt_lib_init_fp_trap_1                  0x08000243   Thumb Code     0  libinit2.o(.ARM.Collect$$libinit$$0000001F)
    __rt_lib_init_getenv_1                   0x08000243   Thumb Code     0  libinit2.o(.ARM.Collect$$libinit$$00000023)
    __rt_lib_init_heap_1                     0x08000243   Thumb Code     0  libinit2.o(.ARM.Collect$$libinit$$0000000A)
    __rt_lib_init_lc_collate_1               0x08000243   Thumb Code     0  libinit2.o(.ARM.Collect$$libinit$$00000011)
    __rt_lib_init_lc_ctype_1                 0x08000243   Thumb Code     0  libinit2.o(.ARM.Collect$$libinit$$00000013)
    __rt_lib_init_lc_monetary_1              0x08000243   Thumb Code     0  libinit2.o(.ARM.Collect$$libinit$$00000015)
    __rt_lib_init_lc_numeric_1               0x08000243   Thumb Code     0  libinit2.o(.ARM.Collect$$libinit$$00000017)
    __rt_lib_init_lc_time_1                  0x08000243   Thumb Code     0  libinit2.o(.ARM.Collect$$libinit$$00000019)
    __rt_lib_init_preinit_1                  0x08000243   Thumb Code     0  libinit2.o(.ARM.Collect$$libinit$$00000004)
    __rt_lib_init_rand_1                     0x08000243   Thumb Code     0  libinit2.o(.ARM.Collect$$libinit$$0000000E)
    __rt_lib_init_return                     0x08000243   Thumb Code     0  libinit2.o(.ARM.Collect$$libinit$$00000033)
    __rt_lib_init_signal_1                   0x08000243   Thumb Code     0  libinit2.o(.ARM.Collect$$libinit$$0000001D)
    __rt_lib_init_stdio_1                    0x08000243   Thumb Code     0  libinit2.o(.ARM.Collect$$libinit$$00000025)
    __rt_lib_init_user_alloc_1               0x08000243   Thumb Code     0  libinit2.o(.ARM.Collect$$libinit$$0000000C)
    __rt_lib_shutdown                        0x08000245   Thumb Code     0  libshutdown.o(.ARM.Collect$$libshutdown$$00000000)
    __rt_lib_shutdown_cpp_1                  0x08000247   Thumb Code     0  libshutdown2.o(.ARM.Collect$$libshutdown$$00000002)
    __rt_lib_shutdown_fp_trap_1              0x08000247   Thumb Code     0  libshutdown2.o(.ARM.Collect$$libshutdown$$00000007)
    __rt_lib_shutdown_heap_1                 0x08000247   Thumb Code     0  libshutdown2.o(.ARM.Collect$$libshutdown$$0000000F)
    __rt_lib_shutdown_return                 0x08000247   Thumb Code     0  libshutdown2.o(.ARM.Collect$$libshutdown$$00000010)
    __rt_lib_shutdown_signal_1               0x08000247   Thumb Code     0  libshutdown2.o(.ARM.Collect$$libshutdown$$0000000A)
    __rt_lib_shutdown_stdio_1                0x08000247   Thumb Code     0  libshutdown2.o(.ARM.Collect$$libshutdown$$00000004)
    __rt_lib_shutdown_user_alloc_1           0x08000247   Thumb Code     0  libshutdown2.o(.ARM.Collect$$libshutdown$$0000000C)
    __rt_entry                               0x08000249   Thumb Code     0  __rtentry.o(.ARM.Collect$$rtentry$$00000000)
    __rt_entry_presh_1                       0x08000249   Thumb Code     0  __rtentry2.o(.ARM.Collect$$rtentry$$00000002)
    __rt_entry_sh                            0x08000249   Thumb Code     0  __rtentry4.o(.ARM.Collect$$rtentry$$00000004)
    __rt_entry_li                            0x0800024f   Thumb Code     0  __rtentry2.o(.ARM.Collect$$rtentry$$0000000A)
    __rt_entry_postsh_1                      0x0800024f   Thumb Code     0  __rtentry2.o(.ARM.Collect$$rtentry$$00000009)
    __rt_entry_main                          0x08000253   Thumb Code     0  __rtentry2.o(.ARM.Collect$$rtentry$$0000000D)
    __rt_entry_postli_1                      0x08000253   Thumb Code     0  __rtentry2.o(.ARM.Collect$$rtentry$$0000000C)
    __rt_exit                                0x0800025b   Thumb Code     0  rtexit.o(.ARM.Collect$$rtexit$$00000000)
    __rt_exit_ls                             0x0800025d   Thumb Code     0  rtexit2.o(.ARM.Collect$$rtexit$$00000003)
    __rt_exit_prels_1                        0x0800025d   Thumb Code     0  rtexit2.o(.ARM.Collect$$rtexit$$00000002)
    __rt_exit_exit                           0x08000261   Thumb Code     0  rtexit2.o(.ARM.Collect$$rtexit$$00000004)
    SVC_Handler                              0x08000269   Thumb Code    28  port.o(.emb_text)
    __asm___6_port_c_39a90d8d__prvStartFirstTask 0x08000289   Thumb Code    36  port.o(.emb_text)
    __asm___6_port_c_39a90d8d__prvEnableVFP  0x080002b1   Thumb Code    16  port.o(.emb_text)
    PendSV_Handler                           0x080002c5   Thumb Code    88  port.o(.emb_text)
    vPortGetIPSR                             0x08000321   Thumb Code     6  port.o(.emb_text)
    Reset_Handler                            0x08000329   Thumb Code     8  startup_stm32f407xx.o(.text)
    ADC_IRQHandler                           0x08000343   Thumb Code     0  startup_stm32f407xx.o(.text)
    CAN1_RX1_IRQHandler                      0x08000343   Thumb Code     0  startup_stm32f407xx.o(.text)
    CAN1_SCE_IRQHandler                      0x08000343   Thumb Code     0  startup_stm32f407xx.o(.text)
    CAN1_TX_IRQHandler                       0x08000343   Thumb Code     0  startup_stm32f407xx.o(.text)
    CAN2_RX0_IRQHandler                      0x08000343   Thumb Code     0  startup_stm32f407xx.o(.text)
    CAN2_RX1_IRQHandler                      0x08000343   Thumb Code     0  startup_stm32f407xx.o(.text)
    CAN2_SCE_IRQHandler                      0x08000343   Thumb Code     0  startup_stm32f407xx.o(.text)
    CAN2_TX_IRQHandler                       0x08000343   Thumb Code     0  startup_stm32f407xx.o(.text)
    DCMI_IRQHandler                          0x08000343   Thumb Code     0  startup_stm32f407xx.o(.text)
    DMA1_Stream0_IRQHandler                  0x08000343   Thumb Code     0  startup_stm32f407xx.o(.text)
    DMA1_Stream1_IRQHandler                  0x08000343   Thumb Code     0  startup_stm32f407xx.o(.text)
    DMA1_Stream2_IRQHandler                  0x08000343   Thumb Code     0  startup_stm32f407xx.o(.text)
    DMA1_Stream3_IRQHandler                  0x08000343   Thumb Code     0  startup_stm32f407xx.o(.text)
    DMA1_Stream4_IRQHandler                  0x08000343   Thumb Code     0  startup_stm32f407xx.o(.text)
    DMA1_Stream5_IRQHandler                  0x08000343   Thumb Code     0  startup_stm32f407xx.o(.text)
    DMA1_Stream6_IRQHandler                  0x08000343   Thumb Code     0  startup_stm32f407xx.o(.text)
    DMA1_Stream7_IRQHandler                  0x08000343   Thumb Code     0  startup_stm32f407xx.o(.text)
    DMA2_Stream0_IRQHandler                  0x08000343   Thumb Code     0  startup_stm32f407xx.o(.text)
    DMA2_Stream1_IRQHandler                  0x08000343   Thumb Code     0  startup_stm32f407xx.o(.text)
    DMA2_Stream2_IRQHandler                  0x08000343   Thumb Code     0  startup_stm32f407xx.o(.text)
    DMA2_Stream3_IRQHandler                  0x08000343   Thumb Code     0  startup_stm32f407xx.o(.text)
    DMA2_Stream4_IRQHandler                  0x08000343   Thumb Code     0  startup_stm32f407xx.o(.text)
    DMA2_Stream5_IRQHandler                  0x08000343   Thumb Code     0  startup_stm32f407xx.o(.text)
    DMA2_Stream6_IRQHandler                  0x08000343   Thumb Code     0  startup_stm32f407xx.o(.text)
    DMA2_Stream7_IRQHandler                  0x08000343   Thumb Code     0  startup_stm32f407xx.o(.text)
    ETH_IRQHandler                           0x08000343   Thumb Code     0  startup_stm32f407xx.o(.text)
    ETH_WKUP_IRQHandler                      0x08000343   Thumb Code     0  startup_stm32f407xx.o(.text)
    EXTI0_IRQHandler                         0x08000343   Thumb Code     0  startup_stm32f407xx.o(.text)
    EXTI15_10_IRQHandler                     0x08000343   Thumb Code     0  startup_stm32f407xx.o(.text)
    EXTI1_IRQHandler                         0x08000343   Thumb Code     0  startup_stm32f407xx.o(.text)
    EXTI2_IRQHandler                         0x08000343   Thumb Code     0  startup_stm32f407xx.o(.text)
    EXTI3_IRQHandler                         0x08000343   Thumb Code     0  startup_stm32f407xx.o(.text)
    FLASH_IRQHandler                         0x08000343   Thumb Code     0  startup_stm32f407xx.o(.text)
    FMC_IRQHandler                           0x08000343   Thumb Code     0  startup_stm32f407xx.o(.text)
    FPU_IRQHandler                           0x08000343   Thumb Code     0  startup_stm32f407xx.o(.text)
    HASH_RNG_IRQHandler                      0x08000343   Thumb Code     0  startup_stm32f407xx.o(.text)
    I2C1_ER_IRQHandler                       0x08000343   Thumb Code     0  startup_stm32f407xx.o(.text)
    I2C1_EV_IRQHandler                       0x08000343   Thumb Code     0  startup_stm32f407xx.o(.text)
    I2C2_ER_IRQHandler                       0x08000343   Thumb Code     0  startup_stm32f407xx.o(.text)
    I2C2_EV_IRQHandler                       0x08000343   Thumb Code     0  startup_stm32f407xx.o(.text)
    I2C3_ER_IRQHandler                       0x08000343   Thumb Code     0  startup_stm32f407xx.o(.text)
    I2C3_EV_IRQHandler                       0x08000343   Thumb Code     0  startup_stm32f407xx.o(.text)
    OTG_FS_IRQHandler                        0x08000343   Thumb Code     0  startup_stm32f407xx.o(.text)
    OTG_FS_WKUP_IRQHandler                   0x08000343   Thumb Code     0  startup_stm32f407xx.o(.text)
    OTG_HS_EP1_IN_IRQHandler                 0x08000343   Thumb Code     0  startup_stm32f407xx.o(.text)
    OTG_HS_EP1_OUT_IRQHandler                0x08000343   Thumb Code     0  startup_stm32f407xx.o(.text)
    OTG_HS_IRQHandler                        0x08000343   Thumb Code     0  startup_stm32f407xx.o(.text)
    OTG_HS_WKUP_IRQHandler                   0x08000343   Thumb Code     0  startup_stm32f407xx.o(.text)
    PVD_IRQHandler                           0x08000343   Thumb Code     0  startup_stm32f407xx.o(.text)
    RCC_IRQHandler                           0x08000343   Thumb Code     0  startup_stm32f407xx.o(.text)
    RTC_Alarm_IRQHandler                     0x08000343   Thumb Code     0  startup_stm32f407xx.o(.text)
    RTC_WKUP_IRQHandler                      0x08000343   Thumb Code     0  startup_stm32f407xx.o(.text)
    SDIO_IRQHandler                          0x08000343   Thumb Code     0  startup_stm32f407xx.o(.text)
    SPI1_IRQHandler                          0x08000343   Thumb Code     0  startup_stm32f407xx.o(.text)
    SPI2_IRQHandler                          0x08000343   Thumb Code     0  startup_stm32f407xx.o(.text)
    SPI3_IRQHandler                          0x08000343   Thumb Code     0  startup_stm32f407xx.o(.text)
    TAMP_STAMP_IRQHandler                    0x08000343   Thumb Code     0  startup_stm32f407xx.o(.text)
    TIM1_BRK_TIM9_IRQHandler                 0x08000343   Thumb Code     0  startup_stm32f407xx.o(.text)
    TIM1_CC_IRQHandler                       0x08000343   Thumb Code     0  startup_stm32f407xx.o(.text)
    TIM1_TRG_COM_TIM11_IRQHandler            0x08000343   Thumb Code     0  startup_stm32f407xx.o(.text)
    TIM1_UP_TIM10_IRQHandler                 0x08000343   Thumb Code     0  startup_stm32f407xx.o(.text)
    TIM3_IRQHandler                          0x08000343   Thumb Code     0  startup_stm32f407xx.o(.text)
    TIM4_IRQHandler                          0x08000343   Thumb Code     0  startup_stm32f407xx.o(.text)
    TIM5_IRQHandler                          0x08000343   Thumb Code     0  startup_stm32f407xx.o(.text)
    TIM6_DAC_IRQHandler                      0x08000343   Thumb Code     0  startup_stm32f407xx.o(.text)
    TIM7_IRQHandler                          0x08000343   Thumb Code     0  startup_stm32f407xx.o(.text)
    TIM8_BRK_TIM12_IRQHandler                0x08000343   Thumb Code     0  startup_stm32f407xx.o(.text)
    TIM8_CC_IRQHandler                       0x08000343   Thumb Code     0  startup_stm32f407xx.o(.text)
    TIM8_TRG_COM_TIM14_IRQHandler            0x08000343   Thumb Code     0  startup_stm32f407xx.o(.text)
    TIM8_UP_TIM13_IRQHandler                 0x08000343   Thumb Code     0  startup_stm32f407xx.o(.text)
    UART4_IRQHandler                         0x08000343   Thumb Code     0  startup_stm32f407xx.o(.text)
    UART5_IRQHandler                         0x08000343   Thumb Code     0  startup_stm32f407xx.o(.text)
    USART1_IRQHandler                        0x08000343   Thumb Code     0  startup_stm32f407xx.o(.text)
    USART2_IRQHandler                        0x08000343   Thumb Code     0  startup_stm32f407xx.o(.text)
    USART3_IRQHandler                        0x08000343   Thumb Code     0  startup_stm32f407xx.o(.text)
    USART6_IRQHandler                        0x08000343   Thumb Code     0  startup_stm32f407xx.o(.text)
    WWDG_IRQHandler                          0x08000343   Thumb Code     0  startup_stm32f407xx.o(.text)
    __user_initial_stackheap                 0x08000345   Thumb Code     0  startup_stm32f407xx.o(.text)
    __aeabi_uldivmod                         0x08000369   Thumb Code     0  lludivv7m.o(.text)
    _ll_udiv                                 0x08000369   Thumb Code   238  lludivv7m.o(.text)
    strlen                                   0x08000457   Thumb Code    62  strlen.o(.text)
    __aeabi_memcpy4                          0x08000495   Thumb Code     0  rt_memcpy_w.o(.text)
    __aeabi_memcpy8                          0x08000495   Thumb Code     0  rt_memcpy_w.o(.text)
    __rt_memcpy_w                            0x08000495   Thumb Code   100  rt_memcpy_w.o(.text)
    _memcpy_lastbytes_aligned                0x080004dd   Thumb Code     0  rt_memcpy_w.o(.text)
    __aeabi_memclr4                          0x080004f9   Thumb Code     0  rt_memclr_w.o(.text)
    __aeabi_memclr8                          0x080004f9   Thumb Code     0  rt_memclr_w.o(.text)
    __rt_memclr_w                            0x080004f9   Thumb Code    78  rt_memclr_w.o(.text)
    _memset_w                                0x080004fd   Thumb Code     0  rt_memclr_w.o(.text)
    __use_two_region_memory                  0x08000547   Thumb Code     2  heapauxi.o(.text)
    __rt_heap_escrow$2region                 0x08000549   Thumb Code     2  heapauxi.o(.text)
    __rt_heap_expand$2region                 0x0800054b   Thumb Code     2  heapauxi.o(.text)
    __user_setup_stackheap                   0x0800054d   Thumb Code    74  sys_stackheap_outer.o(.text)
    exit                                     0x08000597   Thumb Code    18  exit.o(.text)
    __user_libspace                          0x080005a9   Thumb Code     8  libspace.o(.text)
    __user_perproc_libspace                  0x080005a9   Thumb Code     0  libspace.o(.text)
    __user_perthread_libspace                0x080005a9   Thumb Code     0  libspace.o(.text)
    _sys_exit                                0x080005b1   Thumb Code     8  sys_exit.o(.text)
    __I$use$semihosting                      0x080005bd   Thumb Code     0  use_no_semi.o(.text)
    __use_no_semihosting_swi                 0x080005bd   Thumb Code     2  use_no_semi.o(.text)
    __semihosting_library_function           0x080005bf   Thumb Code     0  indicate_semi.o(.text)
    BMI088_ACCEL_NS_H                        0x080006c1   Thumb Code    14  bmi088middleware.o(i.BMI088_ACCEL_NS_H)
    BMI088_ACCEL_NS_L                        0x080006d5   Thumb Code    14  bmi088middleware.o(i.BMI088_ACCEL_NS_L)
    BMI088_GPIO_init                         0x080006e9   Thumb Code     2  bmi088middleware.o(i.BMI088_GPIO_init)
    BMI088_GYRO_NS_H                         0x080006ed   Thumb Code    14  bmi088middleware.o(i.BMI088_GYRO_NS_H)
    BMI088_GYRO_NS_L                         0x08000701   Thumb Code    14  bmi088middleware.o(i.BMI088_GYRO_NS_L)
    BMI088_com_init                          0x08000715   Thumb Code     2  bmi088middleware.o(i.BMI088_com_init)
    BMI088_delay_ms                          0x08000717   Thumb Code    26  bmi088middleware.o(i.BMI088_delay_ms)
    BMI088_delay_us                          0x08000731   Thumb Code    74  bmi088middleware.o(i.BMI088_delay_us)
    BMI088_init                              0x0800077b   Thumb Code    28  bmi088driver.o(i.BMI088_init)
    BMI088_read                              0x08000799   Thumb Code   372  bmi088driver.o(i.BMI088_read)
    BMI088_read_write_byte                   0x08000955   Thumb Code    28  bmi088middleware.o(i.BMI088_read_write_byte)
    BusFault_Handler                         0x08000989   Thumb Code     4  stm32f4xx_it.o(i.BusFault_Handler)
    CAN1_Init                                0x0800098d   Thumb Code    36  drv_can.o(i.CAN1_Init)
    CAN1_RX0_IRQHandler                      0x080009b5   Thumb Code    10  stm32f4xx_it.o(i.CAN1_RX0_IRQHandler)
    CAN1_rxDataHandler                       0x080009c5   Thumb Code   100  config_can.o(i.CAN1_rxDataHandler)
    CAN_Filter_ParamsInit                    0x08000a35   Thumb Code    28  drv_can.o(i.CAN_Filter_ParamsInit)
    CAN_SendData                             0x08000a8d   Thumb Code    66  drv_can.o(i.CAN_SendData)
    DebugMon_Handler                         0x08000b8b   Thumb Code     2  stm32f4xx_it.o(i.DebugMon_Handler)
    EXTI4_IRQHandler                         0x08000b8d   Thumb Code    10  stm32f4xx_it.o(i.EXTI4_IRQHandler)
    EXTI9_5_IRQHandler                       0x08000b97   Thumb Code    10  stm32f4xx_it.o(i.EXTI9_5_IRQHandler)
    Error_Handler                            0x08000be1   Thumb Code     2  main.o(i.Error_Handler)
    HAL_CAN_ActivateNotification             0x08000be3   Thumb Code    36  stm32f4xx_hal_can.o(i.HAL_CAN_ActivateNotification)
    HAL_CAN_AddTxMessage                     0x08000c07   Thumb Code   240  stm32f4xx_hal_can.o(i.HAL_CAN_AddTxMessage)
    HAL_CAN_ConfigFilter                     0x08000cf9   Thumb Code   290  stm32f4xx_hal_can.o(i.HAL_CAN_ConfigFilter)
    HAL_CAN_ErrorCallback                    0x08000e21   Thumb Code     2  stm32f4xx_hal_can.o(i.HAL_CAN_ErrorCallback)
    HAL_CAN_GetRxMessage                     0x08000e23   Thumb Code   372  stm32f4xx_hal_can.o(i.HAL_CAN_GetRxMessage)
    HAL_CAN_IRQHandler                       0x08000f97   Thumb Code   564  stm32f4xx_hal_can.o(i.HAL_CAN_IRQHandler)
    HAL_CAN_Init                             0x080011cb   Thumb Code   360  stm32f4xx_hal_can.o(i.HAL_CAN_Init)
    HAL_CAN_MspInit                          0x08001335   Thumb Code   138  can.o(i.HAL_CAN_MspInit)
    HAL_CAN_RxFifo0FullCallback              0x080013cd   Thumb Code     2  stm32f4xx_hal_can.o(i.HAL_CAN_RxFifo0FullCallback)
    HAL_CAN_RxFifo0MsgPendingCallback        0x080013d1   Thumb Code    44  drv_can.o(i.HAL_CAN_RxFifo0MsgPendingCallback)
    HAL_CAN_RxFifo1FullCallback              0x08001405   Thumb Code     2  stm32f4xx_hal_can.o(i.HAL_CAN_RxFifo1FullCallback)
    HAL_CAN_RxFifo1MsgPendingCallback        0x08001407   Thumb Code     2  stm32f4xx_hal_can.o(i.HAL_CAN_RxFifo1MsgPendingCallback)
    HAL_CAN_SleepCallback                    0x08001409   Thumb Code     2  stm32f4xx_hal_can.o(i.HAL_CAN_SleepCallback)
    HAL_CAN_Start                            0x0800140b   Thumb Code   100  stm32f4xx_hal_can.o(i.HAL_CAN_Start)
    HAL_CAN_TxMailbox0AbortCallback          0x0800146f   Thumb Code     2  stm32f4xx_hal_can.o(i.HAL_CAN_TxMailbox0AbortCallback)
    HAL_CAN_TxMailbox0CompleteCallback       0x08001471   Thumb Code     2  stm32f4xx_hal_can.o(i.HAL_CAN_TxMailbox0CompleteCallback)
    HAL_CAN_TxMailbox1AbortCallback          0x08001473   Thumb Code     2  stm32f4xx_hal_can.o(i.HAL_CAN_TxMailbox1AbortCallback)
    HAL_CAN_TxMailbox1CompleteCallback       0x08001475   Thumb Code     2  stm32f4xx_hal_can.o(i.HAL_CAN_TxMailbox1CompleteCallback)
    HAL_CAN_TxMailbox2AbortCallback          0x08001477   Thumb Code     2  stm32f4xx_hal_can.o(i.HAL_CAN_TxMailbox2AbortCallback)
    HAL_CAN_TxMailbox2CompleteCallback       0x08001479   Thumb Code     2  stm32f4xx_hal_can.o(i.HAL_CAN_TxMailbox2CompleteCallback)
    HAL_CAN_WakeUpFromRxMsgCallback          0x0800147b   Thumb Code     2  stm32f4xx_hal_can.o(i.HAL_CAN_WakeUpFromRxMsgCallback)
    HAL_DMA_Init                             0x0800147d   Thumb Code   230  stm32f4xx_hal_dma.o(i.HAL_DMA_Init)
    HAL_GPIO_EXTI_Callback                   0x08001569   Thumb Code    58  imu_temp_control_task.o(i.HAL_GPIO_EXTI_Callback)
    HAL_GPIO_EXTI_IRQHandler                 0x080015b5   Thumb Code    18  stm32f4xx_hal_gpio.o(i.HAL_GPIO_EXTI_IRQHandler)
    HAL_GPIO_Init                            0x080015cd   Thumb Code   510  stm32f4xx_hal_gpio.o(i.HAL_GPIO_Init)
    HAL_GPIO_WritePin                        0x080017dd   Thumb Code    14  stm32f4xx_hal_gpio.o(i.HAL_GPIO_WritePin)
    HAL_GetTick                              0x080017ed   Thumb Code     6  stm32f4xx_hal.o(i.HAL_GetTick)
    HAL_IncTick                              0x080017f9   Thumb Code    12  stm32f4xx_hal.o(i.HAL_IncTick)
    HAL_Init                                 0x08001809   Thumb Code    48  stm32f4xx_hal.o(i.HAL_Init)
    HAL_InitTick                             0x0800183d   Thumb Code   162  stm32f4xx_hal_timebase_tim.o(i.HAL_InitTick)
    HAL_MspInit                              0x080018f1   Thumb Code    78  stm32f4xx_hal_msp.o(i.HAL_MspInit)
    HAL_NVIC_EnableIRQ                       0x08001945   Thumb Code    28  stm32f4xx_hal_cortex.o(i.HAL_NVIC_EnableIRQ)
    HAL_NVIC_SetPriority                     0x08001961   Thumb Code    98  stm32f4xx_hal_cortex.o(i.HAL_NVIC_SetPriority)
    HAL_NVIC_SetPriorityGrouping             0x080019c9   Thumb Code    30  stm32f4xx_hal_cortex.o(i.HAL_NVIC_SetPriorityGrouping)
    HAL_RCC_ClockConfig                      0x080019ed   Thumb Code   354  stm32f4xx_hal_rcc.o(i.HAL_RCC_ClockConfig)
    HAL_RCC_GetClockConfig                   0x08001b69   Thumb Code    52  stm32f4xx_hal_rcc.o(i.HAL_RCC_GetClockConfig)
    HAL_RCC_GetHCLKFreq                      0x08001ba5   Thumb Code     6  stm32f4xx_hal_rcc.o(i.HAL_RCC_GetHCLKFreq)
    HAL_RCC_GetPCLK1Freq                     0x08001bb1   Thumb Code    22  stm32f4xx_hal_rcc.o(i.HAL_RCC_GetPCLK1Freq)
    HAL_RCC_GetSysClockFreq                  0x08001bd1   Thumb Code    94  stm32f4xx_hal_rcc.o(i.HAL_RCC_GetSysClockFreq)
    HAL_RCC_OscConfig                        0x08001c41   Thumb Code  1154  stm32f4xx_hal_rcc.o(i.HAL_RCC_OscConfig)
    HAL_SPI_Init                             0x080020c3   Thumb Code   190  stm32f4xx_hal_spi.o(i.HAL_SPI_Init)
    HAL_SPI_MspInit                          0x08002181   Thumb Code   316  spi.o(i.HAL_SPI_MspInit)
    HAL_SPI_TransmitReceive                  0x080022d9   Thumb Code   536  stm32f4xx_hal_spi.o(i.HAL_SPI_TransmitReceive)
    HAL_TIMEx_BreakCallback                  0x080024f1   Thumb Code     2  stm32f4xx_hal_tim_ex.o(i.HAL_TIMEx_BreakCallback)
    HAL_TIMEx_CommutCallback                 0x080024f3   Thumb Code     2  stm32f4xx_hal_tim_ex.o(i.HAL_TIMEx_CommutCallback)
    HAL_TIM_Base_Init                        0x080024f5   Thumb Code    92  stm32f4xx_hal_tim.o(i.HAL_TIM_Base_Init)
    HAL_TIM_Base_MspInit                     0x08002551   Thumb Code    44  tim.o(i.HAL_TIM_Base_MspInit)
    HAL_TIM_Base_Start                       0x08002585   Thumb Code   104  stm32f4xx_hal_tim.o(i.HAL_TIM_Base_Start)
    HAL_TIM_Base_Start_IT                    0x080025ed   Thumb Code   114  stm32f4xx_hal_tim.o(i.HAL_TIM_Base_Start_IT)
    HAL_TIM_IC_CaptureCallback               0x0800265f   Thumb Code     2  stm32f4xx_hal_tim.o(i.HAL_TIM_IC_CaptureCallback)
    HAL_TIM_IRQHandler                       0x08002661   Thumb Code   348  stm32f4xx_hal_tim.o(i.HAL_TIM_IRQHandler)
    HAL_TIM_MspPostInit                      0x080027bd   Thumb Code   100  tim.o(i.HAL_TIM_MspPostInit)
    HAL_TIM_OC_DelayElapsedCallback          0x08002831   Thumb Code     2  stm32f4xx_hal_tim.o(i.HAL_TIM_OC_DelayElapsedCallback)
    HAL_TIM_PWM_ConfigChannel                0x08002833   Thumb Code   216  stm32f4xx_hal_tim.o(i.HAL_TIM_PWM_ConfigChannel)
    HAL_TIM_PWM_Init                         0x0800290b   Thumb Code    92  stm32f4xx_hal_tim.o(i.HAL_TIM_PWM_Init)
    HAL_TIM_PWM_MspInit                      0x08002967   Thumb Code     2  stm32f4xx_hal_tim.o(i.HAL_TIM_PWM_MspInit)
    HAL_TIM_PWM_PulseFinishedCallback        0x08002969   Thumb Code     2  stm32f4xx_hal_tim.o(i.HAL_TIM_PWM_PulseFinishedCallback)
    HAL_TIM_PWM_Start                        0x0800296d   Thumb Code   194  stm32f4xx_hal_tim.o(i.HAL_TIM_PWM_Start)
    HAL_TIM_PeriodElapsedCallback            0x08002a39   Thumb Code    18  main.o(i.HAL_TIM_PeriodElapsedCallback)
    HAL_TIM_TriggerCallback                  0x08002a4b   Thumb Code     2  stm32f4xx_hal_tim.o(i.HAL_TIM_TriggerCallback)
    HardFault_Handler                        0x08002a4d   Thumb Code     4  stm32f4xx_it.o(i.HardFault_Handler)
    Ktech_Motor_Hearbeat                     0x08002a51   Thumb Code    52  ktech_motor.o(i.Ktech_Motor_Hearbeat)
    MX_CAN1_Init                             0x08002a85   Thumb Code    64  can.o(i.MX_CAN1_Init)
    MX_DMA_Init                              0x08002acd   Thumb Code    68  dma.o(i.MX_DMA_Init)
    MX_FREERTOS_Init                         0x08002b15   Thumb Code    54  freertos.o(i.MX_FREERTOS_Init)
    MX_GPIO_Init                             0x08002b59   Thumb Code   314  gpio.o(i.MX_GPIO_Init)
    MX_SPI1_Init                             0x08002ca5   Thumb Code    62  spi.o(i.MX_SPI1_Init)
    MX_TIM10_Init                            0x08002ced   Thumb Code   100  tim.o(i.MX_TIM10_Init)
    MemManage_Handler                        0x08002d59   Thumb Code     4  stm32f4xx_it.o(i.MemManage_Handler)
    Motor_Get_Info                           0x08002d5d   Thumb Code   374  ktech_motor.o(i.Motor_Get_Info)
    Motor_Pull_Request                       0x08002ed3   Thumb Code    84  ktech_motor.o(i.Motor_Pull_Request)
    Motor_Set_Torque                         0x08002f27   Thumb Code    86  ktech_motor.o(i.Motor_Set_Torque)
    My_Device_Init                           0x08002f7d   Thumb Code    12  dev_all.o(i.My_Device_Init)
    My_Sd_HeartBeat                          0x08002f89   Thumb Code    16  sd_motor.o(i.My_Sd_HeartBeat)
    My_Sd_Init                               0x08002fa1   Thumb Code    16  sd_motor.o(i.My_Sd_Init)
    My_Sd_Sleep                              0x08002fb9   Thumb Code    16  sd_motor.o(i.My_Sd_Sleep)
    My_Wheel_Heartbeat                       0x08002fd1   Thumb Code    24  wheel_motor.o(i.My_Wheel_Heartbeat)
    My_Wheel_Init                            0x08002fed   Thumb Code    24  wheel_motor.o(i.My_Wheel_Init)
    NMI_Handler                              0x08003009   Thumb Code     2  stm32f4xx_it.o(i.NMI_Handler)
    PID_calc                                 0x0800300d   Thumb Code   492  pid.o(i.PID_calc)
    PID_init                                 0x080031fd   Thumb Code    92  pid.o(i.PID_init)
    Single_Motor_Init                        0x080034a1   Thumb Code    36  ktech_motor.o(i.Single_Motor_Init)
    Single_Motor_Sleep                       0x08003545   Thumb Code    42  ktech_motor.o(i.Single_Motor_Sleep)
    SysTick_Handler                          0x08003571   Thumb Code    38  port.o(i.SysTick_Handler)
    SystemClock_Config                       0x0800359d   Thumb Code   170  main.o(i.SystemClock_Config)
    SystemInit                               0x08003651   Thumb Code    82  system_stm32f4xx.o(i.SystemInit)
    TIM2_IRQHandler                          0x080036b5   Thumb Code    10  stm32f4xx_it.o(i.TIM2_IRQHandler)
    TIM_Base_SetConfig                       0x080036c5   Thumb Code   186  stm32f4xx_hal_tim.o(i.TIM_Base_SetConfig)
    TIM_CCxChannelCmd                        0x08003795   Thumb Code    30  stm32f4xx_hal_tim.o(i.TIM_CCxChannelCmd)
    TIM_OC2_SetConfig                        0x08003825   Thumb Code   112  stm32f4xx_hal_tim.o(i.TIM_OC2_SetConfig)
    UsageFault_Handler                       0x08003b19   Thumb Code     4  stm32f4xx_it.o(i.UsageFault_Handler)
    bmi088_accel_init                        0x08003b1d   Thumb Code   290  bmi088driver.o(i.bmi088_accel_init)
    bmi088_gyro_init                         0x08003c45   Thumb Code   238  bmi088driver.o(i.bmi088_gyro_init)
    can_rx_buff                              0x08003d39   Thumb Code    78  motor.o(i.can_rx_buff)
    can_tx_buff                              0x08003d87   Thumb Code     4  motor.o(i.can_tx_buff)
    get_kt_9025_info                         0x08003d8b   Thumb Code     2  motor.o(i.get_kt_9025_info)
    get_rm_can_drvie                         0x08003d8d   Thumb Code   150  motor.o(i.get_rm_can_drvie)
    get_rm_info                              0x08003e2d   Thumb Code   138  motor.o(i.get_rm_info)
    imu_pwm_set                              0x08003eb9   Thumb Code     6  bsp_imu_pwm.o(i.imu_pwm_set)
    imu_temp_control_task                    0x08003ec5   Thumb Code   168  imu_temp_control_task.o(i.imu_temp_control_task)
    main                                     0x08003f9d   Thumb Code    48  main.o(i.main)
    motor_class_heartbeat                    0x08003fd9   Thumb Code    46  motor.o(i.motor_class_heartbeat)
    motor_class_init                         0x08004009   Thumb Code   126  motor.o(i.motor_class_init)
    motor_class_pid_init                     0x080040b1   Thumb Code   144  motor.o(i.motor_class_pid_init)
    motor_class_stucking_flag                0x08004145   Thumb Code   234  motor.o(i.motor_class_stucking_flag)
    motor_cycle                              0x0800422f   Thumb Code    40  motor.o(i.motor_cycle)
    motor_half_cycle                         0x08004257   Thumb Code    72  motor.o(i.motor_half_cycle)
    motor_judge_dir                          0x0800429f   Thumb Code    98  motor.o(i.motor_judge_dir)
    motor_offset                             0x08004301   Thumb Code   114  motor.o(i.motor_offset)
    motor_pid_angle                          0x08004375   Thumb Code    90  motor.o(i.motor_pid_angle)
    motor_pid_cal                            0x080043d5   Thumb Code   372  motor.o(i.motor_pid_cal)
    motor_pid_ctrl                           0x0800454d   Thumb Code   310  motor.o(i.motor_pid_ctrl)
    motor_pid_double                         0x08004695   Thumb Code    44  motor.o(i.motor_pid_double)
    motor_pid_err                            0x080046c1   Thumb Code    46  motor.o(i.motor_pid_err)
    motor_pid_position                       0x080046f5   Thumb Code    86  motor.o(i.motor_pid_position)
    motor_pid_single                         0x08004751   Thumb Code    36  motor.o(i.motor_pid_single)
    motor_pid_speed                          0x08004779   Thumb Code    76  motor.o(i.motor_pid_speed)
    my_control                               0x080047c9   Thumb Code    22  my_task.o(i.my_control)
    osDelay                                  0x080047df   Thumb Code    16  cmsis_os.o(i.osDelay)
    osKernelStart                            0x080047ef   Thumb Code    10  cmsis_os.o(i.osKernelStart)
    osThreadCreate                           0x080047f9   Thumb Code    92  cmsis_os.o(i.osThreadCreate)
    pcTaskGetName                            0x08004855   Thumb Code    30  tasks.o(i.pcTaskGetName)
    pvPortMalloc                             0x08004c71   Thumb Code   224  heap_4.o(i.pvPortMalloc)
    pxPortInitialiseStack                    0x08004d59   Thumb Code    38  port.o(i.pxPortInitialiseStack)
    ulTaskNotifyTake                         0x08004d85   Thumb Code    96  tasks.o(i.ulTaskNotifyTake)
    uxListRemove                             0x08004ded   Thumb Code    38  list.o(i.uxListRemove)
    vApplicationGetIdleTaskMemory            0x08004e15   Thumb Code    14  freertos.o(i.vApplicationGetIdleTaskMemory)
    vListInitialise                          0x08004e2d   Thumb Code    22  list.o(i.vListInitialise)
    vListInitialiseItem                      0x08004e43   Thumb Code     6  list.o(i.vListInitialiseItem)
    vListInsert                              0x08004e49   Thumb Code    54  list.o(i.vListInsert)
    vListInsertEnd                           0x08004e7f   Thumb Code    24  list.o(i.vListInsertEnd)
    vPortEnterCritical                       0x08004e99   Thumb Code    54  port.o(i.vPortEnterCritical)
    vPortExitCritical                        0x08004ed9   Thumb Code    38  port.o(i.vPortExitCritical)
    vPortFree                                0x08004f05   Thumb Code    94  heap_4.o(i.vPortFree)
    vPortSetupTimerInterrupt                 0x08004f69   Thumb Code    32  port.o(i.vPortSetupTimerInterrupt)
    vPortValidateInterruptPriority           0x08004f8d   Thumb Code    74  port.o(i.vPortValidateInterruptPriority)
    vTaskDelay                               0x08004fe1   Thumb Code    70  tasks.o(i.vTaskDelay)
    vTaskNotifyGiveFromISR                   0x08005031   Thumb Code   176  tasks.o(i.vTaskNotifyGiveFromISR)
    vTaskStartScheduler                      0x080050ed   Thumb Code   120  tasks.o(i.vTaskStartScheduler)
    vTaskSuspendAll                          0x08005175   Thumb Code    10  tasks.o(i.vTaskSuspendAll)
    vTaskSwitchContext                       0x08005185   Thumb Code    86  tasks.o(i.vTaskSwitchContext)
    xPortStartScheduler                      0x080051e5   Thumb Code   232  port.o(i.xPortStartScheduler)
    xTaskCreate                              0x080052e9   Thumb Code   108  tasks.o(i.xTaskCreate)
    xTaskCreateStatic                        0x08005355   Thumb Code    96  tasks.o(i.xTaskCreateStatic)
    xTaskGetHandle                           0x080053b5   Thumb Code   124  tasks.o(i.xTaskGetHandle)
    xTaskGetSchedulerState                   0x08005441   Thumb Code    24  tasks.o(i.xTaskGetSchedulerState)
    xTaskIncrementTick                       0x0800545d   Thumb Code   202  tasks.o(i.xTaskIncrementTick)
    xTaskResumeAll                           0x08005531   Thumb Code   190  tasks.o(i.xTaskResumeAll)
    _fp_init                                 0x080055fd   Thumb Code    10  fpinit.o(x$fpl$fpinit)
    __fplib_config_fpu_vfp                   0x08005605   Thumb Code     0  fpinit.o(x$fpl$fpinit)
    __fplib_config_pureend_doubles           0x08005605   Thumb Code     0  fpinit.o(x$fpl$fpinit)
    AHBPrescTable                            0x08005640   Data          16  system_stm32f4xx.o(.constdata)
    APBPrescTable                            0x08005650   Data           8  system_stm32f4xx.o(.constdata)
    imu_temp_PID                             0x08005658   Data          12  imu_temp_control_task.o(.constdata)
    Region$$Table$$Base                      0x0800567c   Number         0  anon$$obj.o(Region$$Table)
    Region$$Table$$Limit                     0x0800569c   Number         0  anon$$obj.o(Region$$Table)
    TEMPHandle                               0x20000000   Data           4  freertos.o(.data)
    CONTROLHandle                            0x20000004   Data           4  freertos.o(.data)
    SystemCoreClock                          0x20000008   Data           4  system_stm32f4xx.o(.data)
    INS_task_local_handler                   0x2000000c   Data           4  imu_temp_control_task.o(.data)
    imu_start_flag                           0x20000010   Data           1  imu_temp_control_task.o(.data)
    temp                                     0x20000014   Data           4  imu_temp_control_task.o(.data)
    BMI088_ACCEL_SEN                         0x2000001c   Data           4  bmi088driver.o(.data)
    BMI088_GYRO_SEN                          0x20000020   Data           4  bmi088driver.o(.data)
    uwTickFreq                               0x20000048   Data           1  stm32f4xx_hal.o(.data)
    uwTickPrio                               0x2000004c   Data           4  stm32f4xx_hal.o(.data)
    uwTick                                   0x20000050   Data           4  stm32f4xx_hal.o(.data)
    pxCurrentTCB                             0x20000054   Data           4  tasks.o(.data)
    Wheel_Motor                              0x200000bc   Data        1440  wheel_motor.o(.data)
    L_Sd_Born_Info                           0x2000065c   Data          16  sd_motor.o(.data)
    L_Sd                                     0x2000066c   Data          48  sd_motor.o(.data)
    R_Sd_Born_Info                           0x2000069c   Data          16  sd_motor.o(.data)
    R_Sd                                     0x200006ac   Data          48  sd_motor.o(.data)
    hcan1                                    0x20000930   Data          40  can.o(.bss)
    hspi1                                    0x20000958   Data          88  spi.o(.bss)
    hdma_spi1_rx                             0x200009b0   Data          96  spi.o(.bss)
    hdma_spi1_tx                             0x20000a10   Data          96  spi.o(.bss)
    htim10                                   0x20000a70   Data          72  tim.o(.bss)
    htim2                                    0x20000ab8   Data          72  stm32f4xx_hal_timebase_tim.o(.bss)
    gyro                                     0x20000b00   Data          12  imu_temp_control_task.o(.bss)
    accel                                    0x20000b0c   Data          12  imu_temp_control_task.o(.bss)
    imu_temp_pid                             0x20000b18   Data          72  imu_temp_control_task.o(.bss)
    hcan1RxFrame                             0x20000b60   Data          36  drv_can.o(.bss)
    hcan2RxFrame                             0x20000b84   Data          36  drv_can.o(.bss)
    L_Sd_Rx_Info                             0x20004898   Data          48  sd_motor.o(.bss)
    L_Sd_Tx_Info                             0x200048c8   Data          24  sd_motor.o(.bss)
    L_Sd_State                               0x200048e0   Data          12  sd_motor.o(.bss)
    R_Sd_Rx_Info                             0x200048ec   Data          48  sd_motor.o(.bss)
    R_Sd_Tx_Info                             0x2000491c   Data          24  sd_motor.o(.bss)
    R_Sd_State                               0x20004934   Data          12  sd_motor.o(.bss)
    __libspace_start                         0x20004940   Data          96  libspace.o(.bss)
    __temporary_stack_top$libspace           0x200049a0   Data           0  libspace.o(.bss)



==============================================================================

Memory Map of the image

  Image Entry point : 0x08000189

  Load Region LR_IROM1 (Base: 0x08000000, Size: 0x00005d78, Max: 0x00100000, ABSOLUTE, COMPRESSED[0x00005734])

    Execution Region ER_IROM1 (Exec base: 0x08000000, Load base: 0x08000000, Size: 0x0000569c, Max: 0x00100000, ABSOLUTE)

    Exec Addr    Load Addr    Size         Type   Attr      Idx    E Section Name        Object

    0x08000000   0x08000000   0x00000188   Data   RO            3    RESET               startup_stm32f407xx.o
    0x08000188   0x08000188   0x00000008   Code   RO         5665  * !!!main             c_w.l(__main.o)
    0x08000190   0x08000190   0x00000034   Code   RO         5836    !!!scatter          c_w.l(__scatter.o)
    0x080001c4   0x080001c4   0x0000005a   Code   RO         5834    !!dczerorl2         c_w.l(__dczerorl2.o)
    0x0800021e   0x0800021e   0x00000002   PAD
    0x08000220   0x08000220   0x0000001c   Code   RO         5838    !!handler_zi        c_w.l(__scatter_zi.o)
    0x0800023c   0x0800023c   0x00000002   Code   RO         5704    .ARM.Collect$$libinit$$00000000  c_w.l(libinit.o)
    0x0800023e   0x0800023e   0x00000004   Code   RO         5716    .ARM.Collect$$libinit$$00000001  c_w.l(libinit2.o)
    0x08000242   0x08000242   0x00000000   Code   RO         5719    .ARM.Collect$$libinit$$00000004  c_w.l(libinit2.o)
    0x08000242   0x08000242   0x00000000   Code   RO         5722    .ARM.Collect$$libinit$$0000000A  c_w.l(libinit2.o)
    0x08000242   0x08000242   0x00000000   Code   RO         5724    .ARM.Collect$$libinit$$0000000C  c_w.l(libinit2.o)
    0x08000242   0x08000242   0x00000000   Code   RO         5726    .ARM.Collect$$libinit$$0000000E  c_w.l(libinit2.o)
    0x08000242   0x08000242   0x00000000   Code   RO         5729    .ARM.Collect$$libinit$$00000011  c_w.l(libinit2.o)
    0x08000242   0x08000242   0x00000000   Code   RO         5731    .ARM.Collect$$libinit$$00000013  c_w.l(libinit2.o)
    0x08000242   0x08000242   0x00000000   Code   RO         5733    .ARM.Collect$$libinit$$00000015  c_w.l(libinit2.o)
    0x08000242   0x08000242   0x00000000   Code   RO         5735    .ARM.Collect$$libinit$$00000017  c_w.l(libinit2.o)
    0x08000242   0x08000242   0x00000000   Code   RO         5737    .ARM.Collect$$libinit$$00000019  c_w.l(libinit2.o)
    0x08000242   0x08000242   0x00000000   Code   RO         5739    .ARM.Collect$$libinit$$0000001B  c_w.l(libinit2.o)
    0x08000242   0x08000242   0x00000000   Code   RO         5741    .ARM.Collect$$libinit$$0000001D  c_w.l(libinit2.o)
    0x08000242   0x08000242   0x00000000   Code   RO         5743    .ARM.Collect$$libinit$$0000001F  c_w.l(libinit2.o)
    0x08000242   0x08000242   0x00000000   Code   RO         5745    .ARM.Collect$$libinit$$00000021  c_w.l(libinit2.o)
    0x08000242   0x08000242   0x00000000   Code   RO         5747    .ARM.Collect$$libinit$$00000023  c_w.l(libinit2.o)
    0x08000242   0x08000242   0x00000000   Code   RO         5749    .ARM.Collect$$libinit$$00000025  c_w.l(libinit2.o)
    0x08000242   0x08000242   0x00000000   Code   RO         5753    .ARM.Collect$$libinit$$0000002C  c_w.l(libinit2.o)
    0x08000242   0x08000242   0x00000000   Code   RO         5755    .ARM.Collect$$libinit$$0000002E  c_w.l(libinit2.o)
    0x08000242   0x08000242   0x00000000   Code   RO         5757    .ARM.Collect$$libinit$$00000030  c_w.l(libinit2.o)
    0x08000242   0x08000242   0x00000000   Code   RO         5759    .ARM.Collect$$libinit$$00000032  c_w.l(libinit2.o)
    0x08000242   0x08000242   0x00000002   Code   RO         5760    .ARM.Collect$$libinit$$00000033  c_w.l(libinit2.o)
    0x08000244   0x08000244   0x00000002   Code   RO         5791    .ARM.Collect$$libshutdown$$00000000  c_w.l(libshutdown.o)
    0x08000246   0x08000246   0x00000000   Code   RO         5817    .ARM.Collect$$libshutdown$$00000002  c_w.l(libshutdown2.o)
    0x08000246   0x08000246   0x00000000   Code   RO         5819    .ARM.Collect$$libshutdown$$00000004  c_w.l(libshutdown2.o)
    0x08000246   0x08000246   0x00000000   Code   RO         5822    .ARM.Collect$$libshutdown$$00000007  c_w.l(libshutdown2.o)
    0x08000246   0x08000246   0x00000000   Code   RO         5825    .ARM.Collect$$libshutdown$$0000000A  c_w.l(libshutdown2.o)
    0x08000246   0x08000246   0x00000000   Code   RO         5827    .ARM.Collect$$libshutdown$$0000000C  c_w.l(libshutdown2.o)
    0x08000246   0x08000246   0x00000000   Code   RO         5830    .ARM.Collect$$libshutdown$$0000000F  c_w.l(libshutdown2.o)
    0x08000246   0x08000246   0x00000002   Code   RO         5831    .ARM.Collect$$libshutdown$$00000010  c_w.l(libshutdown2.o)
    0x08000248   0x08000248   0x00000000   Code   RO         5667    .ARM.Collect$$rtentry$$00000000  c_w.l(__rtentry.o)
    0x08000248   0x08000248   0x00000000   Code   RO         5675    .ARM.Collect$$rtentry$$00000002  c_w.l(__rtentry2.o)
    0x08000248   0x08000248   0x00000006   Code   RO         5687    .ARM.Collect$$rtentry$$00000004  c_w.l(__rtentry4.o)
    0x0800024e   0x0800024e   0x00000000   Code   RO         5677    .ARM.Collect$$rtentry$$00000009  c_w.l(__rtentry2.o)
    0x0800024e   0x0800024e   0x00000004   Code   RO         5678    .ARM.Collect$$rtentry$$0000000A  c_w.l(__rtentry2.o)
    0x08000252   0x08000252   0x00000000   Code   RO         5680    .ARM.Collect$$rtentry$$0000000C  c_w.l(__rtentry2.o)
    0x08000252   0x08000252   0x00000008   Code   RO         5681    .ARM.Collect$$rtentry$$0000000D  c_w.l(__rtentry2.o)
    0x0800025a   0x0800025a   0x00000002   Code   RO         5708    .ARM.Collect$$rtexit$$00000000  c_w.l(rtexit.o)
    0x0800025c   0x0800025c   0x00000000   Code   RO         5764    .ARM.Collect$$rtexit$$00000002  c_w.l(rtexit2.o)
    0x0800025c   0x0800025c   0x00000004   Code   RO         5765    .ARM.Collect$$rtexit$$00000003  c_w.l(rtexit2.o)
    0x08000260   0x08000260   0x00000006   Code   RO         5766    .ARM.Collect$$rtexit$$00000004  c_w.l(rtexit2.o)
    0x08000266   0x08000266   0x00000002   PAD
    0x08000268   0x08000268   0x000000be   Code   RO         5155    .emb_text           port.o
    0x08000326   0x08000326   0x00000002   PAD
    0x08000328   0x08000328   0x00000040   Code   RO            4    .text               startup_stm32f407xx.o
    0x08000368   0x08000368   0x000000ee   Code   RO         5651    .text               c_w.l(lludivv7m.o)
    0x08000456   0x08000456   0x0000003e   Code   RO         5653    .text               c_w.l(strlen.o)
    0x08000494   0x08000494   0x00000064   Code   RO         5657    .text               c_w.l(rt_memcpy_w.o)
    0x080004f8   0x080004f8   0x0000004e   Code   RO         5661    .text               c_w.l(rt_memclr_w.o)
    0x08000546   0x08000546   0x00000006   Code   RO         5663    .text               c_w.l(heapauxi.o)
    0x0800054c   0x0800054c   0x0000004a   Code   RO         5691    .text               c_w.l(sys_stackheap_outer.o)
    0x08000596   0x08000596   0x00000012   Code   RO         5693    .text               c_w.l(exit.o)
    0x080005a8   0x080005a8   0x00000008   Code   RO         5705    .text               c_w.l(libspace.o)
    0x080005b0   0x080005b0   0x0000000c   Code   RO         5761    .text               c_w.l(sys_exit.o)
    0x080005bc   0x080005bc   0x00000002   Code   RO         5780    .text               c_w.l(use_no_semi.o)
    0x080005be   0x080005be   0x00000000   Code   RO         5782    .text               c_w.l(indicate_semi.o)
    0x080005be   0x080005be   0x00000002   PAD
    0x080005c0   0x080005c0   0x00000100   Code   RO         5512    i.Angle_Sum_Cal     ktech_motor.o
    0x080006c0   0x080006c0   0x00000014   Code   RO          915    i.BMI088_ACCEL_NS_H  bmi088middleware.o
    0x080006d4   0x080006d4   0x00000014   Code   RO          916    i.BMI088_ACCEL_NS_L  bmi088middleware.o
    0x080006e8   0x080006e8   0x00000002   Code   RO          917    i.BMI088_GPIO_init  bmi088middleware.o
    0x080006ea   0x080006ea   0x00000002   PAD
    0x080006ec   0x080006ec   0x00000014   Code   RO          918    i.BMI088_GYRO_NS_H  bmi088middleware.o
    0x08000700   0x08000700   0x00000014   Code   RO          919    i.BMI088_GYRO_NS_L  bmi088middleware.o
    0x08000714   0x08000714   0x00000002   Code   RO          920    i.BMI088_com_init   bmi088middleware.o
    0x08000716   0x08000716   0x0000001a   Code   RO          921    i.BMI088_delay_ms   bmi088middleware.o
    0x08000730   0x08000730   0x0000004a   Code   RO          922    i.BMI088_delay_us   bmi088middleware.o
    0x0800077a   0x0800077a   0x0000001c   Code   RO          846    i.BMI088_init       bmi088driver.o
    0x08000796   0x08000796   0x00000002   PAD
    0x08000798   0x08000798   0x0000017c   Code   RO          847    i.BMI088_read       bmi088driver.o
    0x08000914   0x08000914   0x00000026   Code   RO          848    i.BMI088_read_muli_reg  bmi088driver.o
    0x0800093a   0x0800093a   0x00000018   Code   RO          849    i.BMI088_read_single_reg  bmi088driver.o
    0x08000952   0x08000952   0x00000002   PAD
    0x08000954   0x08000954   0x00000020   Code   RO          923    i.BMI088_read_write_byte  bmi088middleware.o
    0x08000974   0x08000974   0x00000014   Code   RO          850    i.BMI088_write_single_reg  bmi088driver.o
    0x08000988   0x08000988   0x00000004   Code   RO          490    i.BusFault_Handler  stm32f4xx_it.o
    0x0800098c   0x0800098c   0x00000028   Code   RO         1081    i.CAN1_Init         drv_can.o
    0x080009b4   0x080009b4   0x00000010   Code   RO          491    i.CAN1_RX0_IRQHandler  stm32f4xx_it.o
    0x080009c4   0x080009c4   0x00000070   Code   RO         1136    i.CAN1_rxDataHandler  config_can.o
    0x08000a34   0x08000a34   0x0000001c   Code   RO         1083    i.CAN_Filter_ParamsInit  drv_can.o
    0x08000a50   0x08000a50   0x0000000c   Code   RO         5343    i.CAN_GetMotorAngle  motor.o
    0x08000a5c   0x08000a5c   0x0000000e   Code   RO         5344    i.CAN_GetMotorCurrent  motor.o
    0x08000a6a   0x08000a6a   0x0000000e   Code   RO         5345    i.CAN_GetMotorSpeed  motor.o
    0x08000a78   0x08000a78   0x00000006   Code   RO         5346    i.CAN_GetMotorTemperature  motor.o
    0x08000a7e   0x08000a7e   0x0000000e   Code   RO         5347    i.CAN_GetMotorTorque  motor.o
    0x08000a8c   0x08000a8c   0x0000004c   Code   RO         1084    i.CAN_SendData      drv_can.o
    0x08000ad8   0x08000ad8   0x00000034   Code   RO         1914    i.DMA_CalcBaseAndBitshift  stm32f4xx_hal_dma.o
    0x08000b0c   0x08000b0c   0x0000007e   Code   RO         1915    i.DMA_CheckFifoParam  stm32f4xx_hal_dma.o
    0x08000b8a   0x08000b8a   0x00000002   Code   RO          492    i.DebugMon_Handler  stm32f4xx_it.o
    0x08000b8c   0x08000b8c   0x0000000a   Code   RO          493    i.EXTI4_IRQHandler  stm32f4xx_it.o
    0x08000b96   0x08000b96   0x0000000a   Code   RO          494    i.EXTI9_5_IRQHandler  stm32f4xx_it.o
    0x08000ba0   0x08000ba0   0x00000040   Code   RO         5513    i.Encoder_to_Motor_Angle  ktech_motor.o
    0x08000be0   0x08000be0   0x00000002   Code   RO           13    i.Error_Handler     main.o
    0x08000be2   0x08000be2   0x00000024   Code   RO         1177    i.HAL_CAN_ActivateNotification  stm32f4xx_hal_can.o
    0x08000c06   0x08000c06   0x000000f0   Code   RO         1178    i.HAL_CAN_AddTxMessage  stm32f4xx_hal_can.o
    0x08000cf6   0x08000cf6   0x00000002   PAD
    0x08000cf8   0x08000cf8   0x00000128   Code   RO         1179    i.HAL_CAN_ConfigFilter  stm32f4xx_hal_can.o
    0x08000e20   0x08000e20   0x00000002   Code   RO         1182    i.HAL_CAN_ErrorCallback  stm32f4xx_hal_can.o
    0x08000e22   0x08000e22   0x00000174   Code   RO         1185    i.HAL_CAN_GetRxMessage  stm32f4xx_hal_can.o
    0x08000f96   0x08000f96   0x00000234   Code   RO         1189    i.HAL_CAN_IRQHandler  stm32f4xx_hal_can.o
    0x080011ca   0x080011ca   0x00000168   Code   RO         1190    i.HAL_CAN_Init      stm32f4xx_hal_can.o
    0x08001332   0x08001332   0x00000002   PAD
    0x08001334   0x08001334   0x00000098   Code   RO          335    i.HAL_CAN_MspInit   can.o
    0x080013cc   0x080013cc   0x00000002   Code   RO         1197    i.HAL_CAN_RxFifo0FullCallback  stm32f4xx_hal_can.o
    0x080013ce   0x080013ce   0x00000002   PAD
    0x080013d0   0x080013d0   0x00000034   Code   RO         1085    i.HAL_CAN_RxFifo0MsgPendingCallback  drv_can.o
    0x08001404   0x08001404   0x00000002   Code   RO         1199    i.HAL_CAN_RxFifo1FullCallback  stm32f4xx_hal_can.o
    0x08001406   0x08001406   0x00000002   Code   RO         1200    i.HAL_CAN_RxFifo1MsgPendingCallback  stm32f4xx_hal_can.o
    0x08001408   0x08001408   0x00000002   Code   RO         1201    i.HAL_CAN_SleepCallback  stm32f4xx_hal_can.o
    0x0800140a   0x0800140a   0x00000064   Code   RO         1202    i.HAL_CAN_Start     stm32f4xx_hal_can.o
    0x0800146e   0x0800146e   0x00000002   Code   RO         1204    i.HAL_CAN_TxMailbox0AbortCallback  stm32f4xx_hal_can.o
    0x08001470   0x08001470   0x00000002   Code   RO         1205    i.HAL_CAN_TxMailbox0CompleteCallback  stm32f4xx_hal_can.o
    0x08001472   0x08001472   0x00000002   Code   RO         1206    i.HAL_CAN_TxMailbox1AbortCallback  stm32f4xx_hal_can.o
    0x08001474   0x08001474   0x00000002   Code   RO         1207    i.HAL_CAN_TxMailbox1CompleteCallback  stm32f4xx_hal_can.o
    0x08001476   0x08001476   0x00000002   Code   RO         1208    i.HAL_CAN_TxMailbox2AbortCallback  stm32f4xx_hal_can.o
    0x08001478   0x08001478   0x00000002   Code   RO         1209    i.HAL_CAN_TxMailbox2CompleteCallback  stm32f4xx_hal_can.o
    0x0800147a   0x0800147a   0x00000002   Code   RO         1211    i.HAL_CAN_WakeUpFromRxMsgCallback  stm32f4xx_hal_can.o
    0x0800147c   0x0800147c   0x000000ec   Code   RO         1923    i.HAL_DMA_Init      stm32f4xx_hal_dma.o
    0x08001568   0x08001568   0x0000004c   Code   RO          672    i.HAL_GPIO_EXTI_Callback  imu_temp_control_task.o
    0x080015b4   0x080015b4   0x00000018   Code   RO         1809    i.HAL_GPIO_EXTI_IRQHandler  stm32f4xx_hal_gpio.o
    0x080015cc   0x080015cc   0x00000210   Code   RO         1810    i.HAL_GPIO_Init     stm32f4xx_hal_gpio.o
    0x080017dc   0x080017dc   0x0000000e   Code   RO         1814    i.HAL_GPIO_WritePin  stm32f4xx_hal_gpio.o
    0x080017ea   0x080017ea   0x00000002   PAD
    0x080017ec   0x080017ec   0x0000000c   Code   RO         2355    i.HAL_GetTick       stm32f4xx_hal.o
    0x080017f8   0x080017f8   0x00000010   Code   RO         2361    i.HAL_IncTick       stm32f4xx_hal.o
    0x08001808   0x08001808   0x00000034   Code   RO         2362    i.HAL_Init          stm32f4xx_hal.o
    0x0800183c   0x0800183c   0x000000b4   Code   RO          596    i.HAL_InitTick      stm32f4xx_hal_timebase_tim.o
    0x080018f0   0x080018f0   0x00000054   Code   RO          572    i.HAL_MspInit       stm32f4xx_hal_msp.o
    0x08001944   0x08001944   0x0000001c   Code   RO         2202    i.HAL_NVIC_EnableIRQ  stm32f4xx_hal_cortex.o
    0x08001960   0x08001960   0x00000068   Code   RO         2208    i.HAL_NVIC_SetPriority  stm32f4xx_hal_cortex.o
    0x080019c8   0x080019c8   0x00000024   Code   RO         2209    i.HAL_NVIC_SetPriorityGrouping  stm32f4xx_hal_cortex.o
    0x080019ec   0x080019ec   0x0000017c   Code   RO         1411    i.HAL_RCC_ClockConfig  stm32f4xx_hal_rcc.o
    0x08001b68   0x08001b68   0x0000003c   Code   RO         1415    i.HAL_RCC_GetClockConfig  stm32f4xx_hal_rcc.o
    0x08001ba4   0x08001ba4   0x0000000c   Code   RO         1416    i.HAL_RCC_GetHCLKFreq  stm32f4xx_hal_rcc.o
    0x08001bb0   0x08001bb0   0x00000020   Code   RO         1418    i.HAL_RCC_GetPCLK1Freq  stm32f4xx_hal_rcc.o
    0x08001bd0   0x08001bd0   0x00000070   Code   RO         1420    i.HAL_RCC_GetSysClockFreq  stm32f4xx_hal_rcc.o
    0x08001c40   0x08001c40   0x00000482   Code   RO         1423    i.HAL_RCC_OscConfig  stm32f4xx_hal_rcc.o
    0x080020c2   0x080020c2   0x000000be   Code   RO         2611    i.HAL_SPI_Init      stm32f4xx_hal_spi.o
    0x08002180   0x08002180   0x00000158   Code   RO          401    i.HAL_SPI_MspInit   spi.o
    0x080022d8   0x080022d8   0x00000218   Code   RO         2620    i.HAL_SPI_TransmitReceive  stm32f4xx_hal_spi.o
    0x080024f0   0x080024f0   0x00000002   Code   RO         3639    i.HAL_TIMEx_BreakCallback  stm32f4xx_hal_tim_ex.o
    0x080024f2   0x080024f2   0x00000002   Code   RO         3640    i.HAL_TIMEx_CommutCallback  stm32f4xx_hal_tim_ex.o
    0x080024f4   0x080024f4   0x0000005c   Code   RO         2924    i.HAL_TIM_Base_Init  stm32f4xx_hal_tim.o
    0x08002550   0x08002550   0x00000034   Code   RO          443    i.HAL_TIM_Base_MspInit  tim.o
    0x08002584   0x08002584   0x00000068   Code   RO         2927    i.HAL_TIM_Base_Start  stm32f4xx_hal_tim.o
    0x080025ec   0x080025ec   0x00000072   Code   RO         2929    i.HAL_TIM_Base_Start_IT  stm32f4xx_hal_tim.o
    0x0800265e   0x0800265e   0x00000002   Code   RO         2958    i.HAL_TIM_IC_CaptureCallback  stm32f4xx_hal_tim.o
    0x08002660   0x08002660   0x0000015c   Code   RO         2972    i.HAL_TIM_IRQHandler  stm32f4xx_hal_tim.o
    0x080027bc   0x080027bc   0x00000074   Code   RO          444    i.HAL_TIM_MspPostInit  tim.o
    0x08002830   0x08002830   0x00000002   Code   RO         2975    i.HAL_TIM_OC_DelayElapsedCallback  stm32f4xx_hal_tim.o
    0x08002832   0x08002832   0x000000d8   Code   RO         2996    i.HAL_TIM_PWM_ConfigChannel  stm32f4xx_hal_tim.o
    0x0800290a   0x0800290a   0x0000005c   Code   RO         2999    i.HAL_TIM_PWM_Init  stm32f4xx_hal_tim.o
    0x08002966   0x08002966   0x00000002   Code   RO         3001    i.HAL_TIM_PWM_MspInit  stm32f4xx_hal_tim.o
    0x08002968   0x08002968   0x00000002   Code   RO         3002    i.HAL_TIM_PWM_PulseFinishedCallback  stm32f4xx_hal_tim.o
    0x0800296a   0x0800296a   0x00000002   PAD
    0x0800296c   0x0800296c   0x000000cc   Code   RO         3004    i.HAL_TIM_PWM_Start  stm32f4xx_hal_tim.o
    0x08002a38   0x08002a38   0x00000012   Code   RO           14    i.HAL_TIM_PeriodElapsedCallback  main.o
    0x08002a4a   0x08002a4a   0x00000002   Code   RO         3015    i.HAL_TIM_TriggerCallback  stm32f4xx_hal_tim.o
    0x08002a4c   0x08002a4c   0x00000004   Code   RO          495    i.HardFault_Handler  stm32f4xx_it.o
    0x08002a50   0x08002a50   0x00000034   Code   RO         5519    i.Ktech_Motor_Hearbeat  ktech_motor.o
    0x08002a84   0x08002a84   0x00000048   Code   RO          336    i.MX_CAN1_Init      can.o
    0x08002acc   0x08002acc   0x00000048   Code   RO          376    i.MX_DMA_Init       dma.o
    0x08002b14   0x08002b14   0x00000044   Code   RO          278    i.MX_FREERTOS_Init  freertos.o
    0x08002b58   0x08002b58   0x0000014c   Code   RO          254    i.MX_GPIO_Init      gpio.o
    0x08002ca4   0x08002ca4   0x00000048   Code   RO          402    i.MX_SPI1_Init      spi.o
    0x08002cec   0x08002cec   0x0000006c   Code   RO          445    i.MX_TIM10_Init     tim.o
    0x08002d58   0x08002d58   0x00000004   Code   RO          496    i.MemManage_Handler  stm32f4xx_it.o
    0x08002d5c   0x08002d5c   0x00000176   Code   RO         5520    i.Motor_Get_Info    ktech_motor.o
    0x08002ed2   0x08002ed2   0x00000054   Code   RO         5521    i.Motor_Pull_Request  ktech_motor.o
    0x08002f26   0x08002f26   0x00000056   Code   RO         5522    i.Motor_Set_Torque  ktech_motor.o
    0x08002f7c   0x08002f7c   0x0000000c   Code   RO         5271    i.My_Device_Init    dev_all.o
    0x08002f88   0x08002f88   0x00000018   Code   RO         5299    i.My_Sd_HeartBeat   sd_motor.o
    0x08002fa0   0x08002fa0   0x00000018   Code   RO         5300    i.My_Sd_Init        sd_motor.o
    0x08002fb8   0x08002fb8   0x00000018   Code   RO         5301    i.My_Sd_Sleep       sd_motor.o
    0x08002fd0   0x08002fd0   0x0000001c   Code   RO         5235    i.My_Wheel_Heartbeat  wheel_motor.o
    0x08002fec   0x08002fec   0x0000001c   Code   RO         5236    i.My_Wheel_Init     wheel_motor.o
    0x08003008   0x08003008   0x00000002   Code   RO          497    i.NMI_Handler       stm32f4xx_it.o
    0x0800300a   0x0800300a   0x00000002   PAD
    0x0800300c   0x0800300c   0x000001f0   Code   RO          810    i.PID_calc          pid.o
    0x080031fc   0x080031fc   0x00000060   Code   RO          812    i.PID_init          pid.o
    0x0800325c   0x0800325c   0x000000e8   Code   RO         5523    i.Raw_Current_to_Torque  ktech_motor.o
    0x08003344   0x08003344   0x00000084   Code   RO         2649    i.SPI_EndRxTxTransaction  stm32f4xx_hal_spi.o
    0x080033c8   0x080033c8   0x000000d8   Code   RO         2654    i.SPI_WaitFlagStateUntilTimeout  stm32f4xx_hal_spi.o
    0x080034a0   0x080034a0   0x00000040   Code   RO         5524    i.Single_Motor_Init  ktech_motor.o
    0x080034e0   0x080034e0   0x00000026   Code   RO         5525    i.Single_Motor_Read_State_1  ktech_motor.o
    0x08003506   0x08003506   0x0000003e   Code   RO         5526    i.Single_Motor_Set_PI  ktech_motor.o
    0x08003544   0x08003544   0x0000002a   Code   RO         5527    i.Single_Motor_Sleep  ktech_motor.o
    0x0800356e   0x0800356e   0x00000002   PAD
    0x08003570   0x08003570   0x0000002c   Code   RO         5156    i.SysTick_Handler   port.o
    0x0800359c   0x0800359c   0x000000b4   Code   RO           15    i.SystemClock_Config  main.o
    0x08003650   0x08003650   0x00000064   Code   RO          636    i.SystemInit        system_stm32f4xx.o
    0x080036b4   0x080036b4   0x00000010   Code   RO          498    i.TIM2_IRQHandler   stm32f4xx_it.o
    0x080036c4   0x080036c4   0x000000d0   Code   RO         3017    i.TIM_Base_SetConfig  stm32f4xx_hal_tim.o
    0x08003794   0x08003794   0x0000001e   Code   RO         3018    i.TIM_CCxChannelCmd  stm32f4xx_hal_tim.o
    0x080037b2   0x080037b2   0x00000002   PAD
    0x080037b4   0x080037b4   0x00000070   Code   RO         3030    i.TIM_OC1_SetConfig  stm32f4xx_hal_tim.o
    0x08003824   0x08003824   0x00000078   Code   RO         3031    i.TIM_OC2_SetConfig  stm32f4xx_hal_tim.o
    0x0800389c   0x0800389c   0x00000078   Code   RO         3032    i.TIM_OC3_SetConfig  stm32f4xx_hal_tim.o
    0x08003914   0x08003914   0x00000054   Code   RO         3033    i.TIM_OC4_SetConfig  stm32f4xx_hal_tim.o
    0x08003968   0x08003968   0x000001b0   Code   RO         5528    i.Torque_to_Raw_Current  ktech_motor.o
    0x08003b18   0x08003b18   0x00000004   Code   RO          499    i.UsageFault_Handler  stm32f4xx_it.o
    0x08003b1c   0x08003b1c   0x00000128   Code   RO          851    i.bmi088_accel_init  bmi088driver.o
    0x08003c44   0x08003c44   0x000000f4   Code   RO          852    i.bmi088_gyro_init  bmi088driver.o
    0x08003d38   0x08003d38   0x0000004e   Code   RO         5348    i.can_rx_buff       motor.o
    0x08003d86   0x08003d86   0x00000004   Code   RO         5349    i.can_tx_buff       motor.o
    0x08003d8a   0x08003d8a   0x00000002   Code   RO         5350    i.get_kt_9025_info  motor.o
    0x08003d8c   0x08003d8c   0x000000a0   Code   RO         5351    i.get_rm_can_drvie  motor.o
    0x08003e2c   0x08003e2c   0x0000008a   Code   RO         5352    i.get_rm_info       motor.o
    0x08003eb6   0x08003eb6   0x00000002   PAD
    0x08003eb8   0x08003eb8   0x0000000c   Code   RO          988    i.imu_pwm_set       bsp_imu_pwm.o
    0x08003ec4   0x08003ec4   0x000000d8   Code   RO          673    i.imu_temp_control_task  imu_temp_control_task.o
    0x08003f9c   0x08003f9c   0x00000030   Code   RO           16    i.main              main.o
    0x08003fcc   0x08003fcc   0x0000000c   Code   RO         4721    i.makeFreeRtosPriority  cmsis_os.o
    0x08003fd8   0x08003fd8   0x0000002e   Code   RO         5353    i.motor_class_heartbeat  motor.o
    0x08004006   0x08004006   0x00000002   PAD
    0x08004008   0x08004008   0x000000a8   Code   RO         5354    i.motor_class_init  motor.o
    0x080040b0   0x080040b0   0x00000094   Code   RO         5355    i.motor_class_pid_init  motor.o
    0x08004144   0x08004144   0x000000ea   Code   RO         5356    i.motor_class_stucking_flag  motor.o
    0x0800422e   0x0800422e   0x00000028   Code   RO         5357    i.motor_cycle       motor.o
    0x08004256   0x08004256   0x00000048   Code   RO         5358    i.motor_half_cycle  motor.o
    0x0800429e   0x0800429e   0x00000062   Code   RO         5359    i.motor_judge_dir   motor.o
    0x08004300   0x08004300   0x00000072   Code   RO         5360    i.motor_offset      motor.o
    0x08004372   0x08004372   0x00000002   PAD
    0x08004374   0x08004374   0x00000060   Code   RO         5361    i.motor_pid_angle   motor.o
    0x080043d4   0x080043d4   0x00000178   Code   RO         5362    i.motor_pid_cal     motor.o
    0x0800454c   0x0800454c   0x00000148   Code   RO         5363    i.motor_pid_ctrl    motor.o
    0x08004694   0x08004694   0x0000002c   Code   RO         5364    i.motor_pid_double  motor.o
    0x080046c0   0x080046c0   0x00000034   Code   RO         5365    i.motor_pid_err     motor.o
    0x080046f4   0x080046f4   0x0000005c   Code   RO         5366    i.motor_pid_position  motor.o
    0x08004750   0x08004750   0x00000028   Code   RO         5367    i.motor_pid_single  motor.o
    0x08004778   0x08004778   0x00000050   Code   RO         5368    i.motor_pid_speed   motor.o
    0x080047c8   0x080047c8   0x00000016   Code   RO         5625    i.my_control        my_task.o
    0x080047de   0x080047de   0x00000010   Code   RO         4723    i.osDelay           cmsis_os.o
    0x080047ee   0x080047ee   0x0000000a   Code   RO         4726    i.osKernelStart     cmsis_os.o
    0x080047f8   0x080047f8   0x0000005c   Code   RO         4760    i.osThreadCreate    cmsis_os.o
    0x08004854   0x08004854   0x00000024   Code   RO         4380    i.pcTaskGetName     tasks.o
    0x08004878   0x08004878   0x00000078   Code   RO         4381    i.prvAddCurrentTaskToDelayedList  tasks.o
    0x080048f0   0x080048f0   0x00000088   Code   RO         4382    i.prvAddNewTaskToReadyList  tasks.o
    0x08004978   0x08004978   0x00000040   Code   RO         4383    i.prvCheckTasksWaitingTermination  tasks.o
    0x080049b8   0x080049b8   0x00000040   Code   RO         4384    i.prvDeleteTCB      tasks.o
    0x080049f8   0x080049f8   0x00000050   Code   RO         5088    i.prvHeapInit       heap_4.o
    0x08004a48   0x08004a48   0x00000028   Code   RO         4385    i.prvIdleTask       tasks.o
    0x08004a70   0x08004a70   0x0000007e   Code   RO         4386    i.prvInitialiseNewTask  tasks.o
    0x08004aee   0x08004aee   0x00000002   PAD
    0x08004af0   0x08004af0   0x00000060   Code   RO         4387    i.prvInitialiseTaskLists  tasks.o
    0x08004b50   0x08004b50   0x0000005c   Code   RO         5089    i.prvInsertBlockIntoFreeList  heap_4.o
    0x08004bac   0x08004bac   0x00000024   Code   RO         4388    i.prvResetNextTaskUnblockTime  tasks.o
    0x08004bd0   0x08004bd0   0x0000006e   Code   RO         4389    i.prvSearchForNameWithinSingleList  tasks.o
    0x08004c3e   0x08004c3e   0x00000002   PAD
    0x08004c40   0x08004c40   0x00000030   Code   RO         5157    i.prvTaskExitError  port.o
    0x08004c70   0x08004c70   0x000000e8   Code   RO         5090    i.pvPortMalloc      heap_4.o
    0x08004d58   0x08004d58   0x0000002c   Code   RO         5158    i.pxPortInitialiseStack  port.o
    0x08004d84   0x08004d84   0x00000068   Code   RO         4392    i.ulTaskNotifyTake  tasks.o
    0x08004dec   0x08004dec   0x00000026   Code   RO         4007    i.uxListRemove      list.o
    0x08004e12   0x08004e12   0x00000002   PAD
    0x08004e14   0x08004e14   0x00000018   Code   RO          281    i.vApplicationGetIdleTaskMemory  freertos.o
    0x08004e2c   0x08004e2c   0x00000016   Code   RO         4008    i.vListInitialise   list.o
    0x08004e42   0x08004e42   0x00000006   Code   RO         4009    i.vListInitialiseItem  list.o
    0x08004e48   0x08004e48   0x00000036   Code   RO         4010    i.vListInsert       list.o
    0x08004e7e   0x08004e7e   0x00000018   Code   RO         4011    i.vListInsertEnd    list.o
    0x08004e96   0x08004e96   0x00000002   PAD
    0x08004e98   0x08004e98   0x00000040   Code   RO         5160    i.vPortEnterCritical  port.o
    0x08004ed8   0x08004ed8   0x0000002c   Code   RO         5161    i.vPortExitCritical  port.o
    0x08004f04   0x08004f04   0x00000064   Code   RO         5091    i.vPortFree         heap_4.o
    0x08004f68   0x08004f68   0x00000024   Code   RO         5162    i.vPortSetupTimerInterrupt  port.o
    0x08004f8c   0x08004f8c   0x00000054   Code   RO         5163    i.vPortValidateInterruptPriority  port.o
    0x08004fe0   0x08004fe0   0x00000050   Code   RO         4398    i.vTaskDelay        tasks.o
    0x08005030   0x08005030   0x000000bc   Code   RO         4403    i.vTaskNotifyGiveFromISR  tasks.o
    0x080050ec   0x080050ec   0x00000088   Code   RO         4411    i.vTaskStartScheduler  tasks.o
    0x08005174   0x08005174   0x00000010   Code   RO         4413    i.vTaskSuspendAll   tasks.o
    0x08005184   0x08005184   0x00000060   Code   RO         4414    i.vTaskSwitchContext  tasks.o
    0x080051e4   0x080051e4   0x00000104   Code   RO         5164    i.xPortStartScheduler  port.o
    0x080052e8   0x080052e8   0x0000006c   Code   RO         4417    i.xTaskCreate       tasks.o
    0x08005354   0x08005354   0x00000060   Code   RO         4418    i.xTaskCreateStatic  tasks.o
    0x080053b4   0x080053b4   0x0000008c   Code   RO         4422    i.xTaskGetHandle    tasks.o
    0x08005440   0x08005440   0x0000001c   Code   RO         4423    i.xTaskGetSchedulerState  tasks.o
    0x0800545c   0x0800545c   0x000000d4   Code   RO         4426    i.xTaskIncrementTick  tasks.o
    0x08005530   0x08005530   0x000000cc   Code   RO         4432    i.xTaskResumeAll    tasks.o
    0x080055fc   0x080055fc   0x0000000a   Code   RO         5776    x$fpl$fpinit        fz_wm.l(fpinit.o)
    0x08005606   0x08005606   0x00000002   PAD
    0x08005608   0x08005608   0x00000038   Data   RO          283    .constdata          freertos.o
    0x08005640   0x08005640   0x00000018   Data   RO          637    .constdata          system_stm32f4xx.o
    0x08005658   0x08005658   0x0000000c   Data   RO          675    .constdata          imu_temp_control_task.o
    0x08005664   0x08005664   0x00000008   Data   RO         1929    .constdata          stm32f4xx_hal_dma.o
    0x0800566c   0x0800566c   0x0000000d   Data   RO          284    .conststring        freertos.o
    0x08005679   0x08005679   0x00000003   PAD
    0x0800567c   0x0800567c   0x00000020   Data   RO         5832    Region$$Table       anon$$obj.o


    Execution Region RW_IRAM1 (Exec base: 0x20000000, Load base: 0x0800569c, Size: 0x000089a0, Max: 0x00020000, ABSOLUTE, COMPRESSED[0x00000098])

    Exec Addr    Load Addr    Size         Type   Attr      Idx    E Section Name        Object

    0x20000000   COMPRESSED   0x00000008   Data   RW          285    .data               freertos.o
    0x20000008   COMPRESSED   0x00000004   Data   RW          638    .data               system_stm32f4xx.o
    0x2000000c   COMPRESSED   0x00000010   Data   RW          676    .data               imu_temp_control_task.o
    0x2000001c   COMPRESSED   0x0000002c   Data   RW          853    .data               bmi088driver.o
    0x20000048   COMPRESSED   0x0000000c   Data   RW         2369    .data               stm32f4xx_hal.o
    0x20000054   COMPRESSED   0x0000003c   Data   RW         4435    .data               tasks.o
    0x20000090   COMPRESSED   0x00000020   Data   RW         5097    .data               heap_4.o
    0x200000b0   COMPRESSED   0x0000000c   Data   RW         5165    .data               port.o
    0x200000bc   COMPRESSED   0x000005a0   Data   RW         5237    .data               wheel_motor.o
    0x2000065c   COMPRESSED   0x00000080   Data   RW         5303    .data               sd_motor.o
    0x200006dc        -       0x00000254   Zero   RW          282    .bss                freertos.o
    0x20000930        -       0x00000028   Zero   RW          337    .bss                can.o
    0x20000958        -       0x00000118   Zero   RW          403    .bss                spi.o
    0x20000a70        -       0x00000048   Zero   RW          446    .bss                tim.o
    0x20000ab8        -       0x00000048   Zero   RW          599    .bss                stm32f4xx_hal_timebase_tim.o
    0x20000b00        -       0x00000060   Zero   RW          674    .bss                imu_temp_control_task.o
    0x20000b60        -       0x00000048   Zero   RW         1086    .bss                drv_can.o
    0x20000ba8        -       0x000000f0   Zero   RW         4434    .bss                tasks.o
    0x20000c98        -       0x00003c00   Zero   RW         5096    .bss                heap_4.o
    0x20004898        -       0x000000a8   Zero   RW         5302    .bss                sd_motor.o
    0x20004940        -       0x00000060   Zero   RW         5706    .bss                c_w.l(libspace.o)
    0x200049a0        -       0x00002000   Zero   RW            2    HEAP                startup_stm32f407xx.o
    0x200069a0        -       0x00002000   Zero   RW            1    STACK               startup_stm32f407xx.o


==============================================================================

Image component sizes


      Code (inc. data)   RO Data    RW Data    ZI Data      Debug   Object Name

      1030         20          0         44          0       6546   bmi088driver.o
       216         28          0          0          0       5052   bmi088middleware.o
        12          6          0          0          0       1082   bsp_imu_pwm.o
       224         22          0          0         40       1689   can.o
       130          0          0          0          0      23111   cmsis_os.o
       112         12          0          0          0       1153   config_can.o
        12          0          0          0          0        513   dev_all.o
        72          4          0          0          0        770   dma.o
       196         22          0          0         72       3391   drv_can.o
         0          0          0          0          0      16888   event_groups.o
        92         24         69          8        596       2042   freertos.o
       332         18          0          0          0       1095   gpio.o
       504         32          0         32      15360       7647   heap_4.o
       292         66         12         16         96     589431   imu_temp_control_task.o
      1786        112          0          0          0       7861   ktech_motor.o
       144          0          0          0          0       3646   list.o
       248         10          0          0          0     741052   main.o
      2470        104          0          0          0      17856   motor.o
        22          0          0          0          0        517   my_task.o
       592          8          0          0          0       1882   pid.o
       814         92          0         12          0      12125   port.o
        72         24          0        128        168       2141   sd_motor.o
       416         38          0          0        280       1939   spi.o
        64         26        392          0      16384        852   startup_stm32f407xx.o
        80         14          0         12          0       8134   stm32f4xx_hal.o
      1992          6          0          0          0      15151   stm32f4xx_hal_can.o
       168         12          0          0          0      32754   stm32f4xx_hal_cortex.o
       414         14          8          0          0       3119   stm32f4xx_hal_dma.o
       566         24          0          0          0       3035   stm32f4xx_hal_gpio.o
        84          6          0          0          0        854   stm32f4xx_hal_msp.o
      1750        102          0          0          0       6666   stm32f4xx_hal_rcc.o
      1074         16          0          0          0       5057   stm32f4xx_hal_spi.o
      1854         56          0          0          0      14077   stm32f4xx_hal_tim.o
         4          0          0          0          0       1629   stm32f4xx_hal_tim_ex.o
       180         18          0          0         72       1479   stm32f4xx_hal_timebase_tim.o
        72         12          0          0          0       4793   stm32f4xx_it.o
         0          0          0          0          0        384   stream_buffer.o
       100         18         24          4          0       1187   system_stm32f4xx.o
      2236        188          0         60        240      26519   tasks.o
       276         32          0          0         72       2310   tim.o
        56          8          0       1440          0       1663   wheel_motor.o

    ----------------------------------------------------------------------
     20796       1194        540       1756      33380    1579092   Object Totals
         0          0         32          0          0          0   (incl. Generated)
        38          0          3          0          0          0   (incl. Padding)

    ----------------------------------------------------------------------

      Code (inc. data)   RO Data    RW Data    ZI Data      Debug   Library Member Name

        90          0          0          0          0          0   __dczerorl2.o
         8          0          0          0          0         68   __main.o
         0          0          0          0          0          0   __rtentry.o
        12          0          0          0          0          0   __rtentry2.o
         6          0          0          0          0          0   __rtentry4.o
        52          8          0          0          0          0   __scatter.o
        28          0          0          0          0          0   __scatter_zi.o
        18          0          0          0          0         80   exit.o
         6          0          0          0          0        152   heapauxi.o
         0          0          0          0          0          0   indicate_semi.o
         2          0          0          0          0          0   libinit.o
         6          0          0          0          0          0   libinit2.o
         2          0          0          0          0          0   libshutdown.o
         2          0          0          0          0          0   libshutdown2.o
         8          4          0          0         96         68   libspace.o
       238          0          0          0          0        100   lludivv7m.o
        78          0          0          0          0         80   rt_memclr_w.o
       100          0          0          0          0         80   rt_memcpy_w.o
         2          0          0          0          0          0   rtexit.o
        10          0          0          0          0          0   rtexit2.o
        62          0          0          0          0         76   strlen.o
        12          4          0          0          0         68   sys_exit.o
        74          0          0          0          0         80   sys_stackheap_outer.o
         2          0          0          0          0         68   use_no_semi.o
        10          0          0          0          0        116   fpinit.o

    ----------------------------------------------------------------------
       836         16          0          0         96       1036   Library Totals
         8          0          0          0          0          0   (incl. Padding)

    ----------------------------------------------------------------------

      Code (inc. data)   RO Data    RW Data    ZI Data      Debug   Library Name

       818         16          0          0         96        920   c_w.l
        10          0          0          0          0        116   fz_wm.l

    ----------------------------------------------------------------------
       836         16          0          0         96       1036   Library Totals

    ----------------------------------------------------------------------

==============================================================================


      Code (inc. data)   RO Data    RW Data    ZI Data      Debug   

     21632       1210        540       1756      33476    1560864   Grand Totals
     21632       1210        540        152      33476    1560864   ELF Image Totals (compressed)
     21632       1210        540        152          0          0   ROM Totals

==============================================================================

    Total RO  Size (Code + RO Data)                22172 (  21.65kB)
    Total RW  Size (RW Data + ZI Data)             35232 (  34.41kB)
    Total ROM Size (Code + RO Data + RW Data)      22324 (  21.80kB)

==============================================================================

